<html>
<body>
<pre>
<h1>µVision Build Log</h1>
<h2>Project:</h2>
C:\Users\github\demo\demo\USER\USMART.uvproj
Project File Date:  12/12/2017

<h2>Output:</h2>
Build target 'Target 1'
compiling main.c...
compiling stm32f10x_it.c...
compiling system_stm32f10x.c...
compiling timer.c...
compiling adc.c...
compiling delay.c...
compiling sys.c...
compiling usart.c...
compiling core_cm3.c...
assembling startup_stm32f10x_hd.s...
compiling stm32f10x_gpio.c...
compiling stm32f10x_rcc.c...
compiling stm32f10x_usart.c...
compiling misc.c...
compiling stm32f10x_tim.c...
compiling stm32f10x_adc.c...
compiling stm32f10x_exti.c...
compiling stm32f10x_i2c.c...
compiling stm32f10x_spi.c...
compiling stm32f10x_dma.c...
compiling stm32f10x_flash.c...
compiling usmart.c...
compiling usmart_config.c...
compiling usmart_str.c...
compiling malloc.c...
assembling cr4_fft_64_stm32.s...
assembling cr4_fft_256_stm32.s...
assembling cr4_fft_1024_stm32.s...
assembling fir_stm32.s...
assembling iirarma_stm32.s...
assembling PID_stm32.s...
compiling iir_stm32.c...
compiling PID_C_stm32.c...
compiling Fricker.c...
compiling myiic.c...
compiling i2c1_bitbang.c...
compiling LT35825.c...
compiling LT3582.c...
compiling act8846.c...
compiling GPIO_Config.c...
compiling TPS22993.c...
compiling LM36923.c...
compiling tps65132.c...
compiling tps65651.c...
compiling AD715.c...
compiling INA226.c...
compiling VoltCurrentProc.c...
compiling parm.c...
compiling Uart.c...
compiling UartQue.c...
compiling common.c...
compiling download.c...
compiling upload.c...
compiling ymodem.c...
compiling appInterface.c...
linking...
..\OBJ\USMART.axf: error: L6002U: Could not open file ..\CMSIS\Lib\ARM\arm_cortexM3l_math.lib: No such file or directory
"..\OBJ\USMART.axf" - 1 Errors, 0 Warning(s).
Target not created
Build target 'Target 1'
linking...
Program Size: Code=49256 RO-data=28624 RW-data=620 ZI-data=64916  
FromELF: creating hex file...
"..\OBJ\USMART.axf" - 0 Errors, 0 Warning(s).
Build target 'Target 1'
linking...
Program Size: Code=49256 RO-data=28624 RW-data=620 ZI-data=64916  
FromELF: creating hex file...
"..\OBJ\USMART.axf" - 0 Errors, 0 Warning(s).
Build target 'Target 1'
linking...
Program Size: Code=49256 RO-data=28624 RW-data=620 ZI-data=64916  
FromELF: creating hex file...
"..\OBJ\USMART.axf" - 0 Errors, 0 Warning(s).
Rebuild target 'Target 1'
compiling main.c...
compiling stm32f10x_it.c...
compiling system_stm32f10x.c...
compiling timer.c...
compiling adc.c...
compiling delay.c...
compiling sys.c...
compiling usart.c...
compiling core_cm3.c...
assembling startup_stm32f10x_hd.s...
compiling stm32f10x_gpio.c...
compiling stm32f10x_rcc.c...
compiling stm32f10x_usart.c...
compiling misc.c...
compiling stm32f10x_tim.c...
compiling stm32f10x_adc.c...
compiling stm32f10x_exti.c...
compiling stm32f10x_i2c.c...
compiling stm32f10x_spi.c...
compiling stm32f10x_dma.c...
compiling stm32f10x_flash.c...
compiling usmart.c...
compiling usmart_config.c...
compiling usmart_str.c...
compiling malloc.c...
assembling cr4_fft_64_stm32.s...
assembling cr4_fft_256_stm32.s...
assembling cr4_fft_1024_stm32.s...
assembling fir_stm32.s...
assembling iirarma_stm32.s...
assembling PID_stm32.s...
compiling iir_stm32.c...
compiling PID_C_stm32.c...
compiling Fricker.c...
compiling myiic.c...
compiling i2c1_bitbang.c...
compiling LT35825.c...
compiling LT3582.c...
compiling act8846.c...
compiling GPIO_Config.c...
compiling TPS22993.c...
compiling LM36923.c...
compiling tps65132.c...
compiling tps65651.c...
compiling AD715.c...
compiling INA226.c...
compiling VoltCurrentProc.c...
compiling parm.c...
compiling Uart.c...
compiling UartQue.c...
compiling common.c...
compiling download.c...
compiling upload.c...
compiling ymodem.c...
compiling appInterface.c...
linking...
Program Size: Code=49256 RO-data=28624 RW-data=620 ZI-data=64916  
FromELF: creating hex file...
"..\OBJ\USMART.axf" - 0 Errors, 0 Warning(s).
