<html>
<body>
<pre>
<h1>礦ision Build Log</h1>
<h2>Project:</h2>
C:\Users\github\demo\demo\实验1跑马灯-库函数操作\USER\LED.uvproj
Project File Date:  12/11/2017

<h2>Output:</h2>
Build target 'Target 1'
compiling main.c...
compiling stm32f10x_it.c...
compiling system_stm32f10x.c...
compiling led.c...
compiling delay.c...
compiling sys.c...
compiling usart.c...
compiling core_cm3.c...
assembling startup_stm32f10x_hd.s...
compiling stm32f10x_gpio.c...
compiling stm32f10x_rcc.c...
compiling stm32f10x_usart.c...
compiling misc.c...
linking...
Program Size: Code=5324 RO-data=448 RW-data=64 ZI-data=1864  
FromELF: creating hex file...
After Build - User command #1: D:\ARM\Keil\ARM\ARMCC\bin\fromelf.exe --bin -o ../output/iap.bin ../OBJ/LED.axf
"..\OBJ\LED.axf" - 0 Errors, 0 Warning(s).
Build target 'Target 1'
compiling main.c...
main.c(17): error:  #77-D: this declaration has no storage class or type specifier
"..\OBJ\LED.axf" - 1 Errors, 0 Warning(s).
Target not created
Build target 'Target 1'
compiling main.c...
main.c(17): error:  #77-D: this declaration has no storage class or type specifier
"..\OBJ\LED.axf" - 1 Errors, 0 Warning(s).
Target not created
Build target 'Target 1'
compiling main.c...
main.c(17): error:  #77-D: this declaration has no storage class or type specifier
"..\OBJ\LED.axf" - 1 Errors, 0 Warning(s).
Target not created
Build target 'Target 1'
compiling main.c...
linking...
Program Size: Code=5324 RO-data=448 RW-data=64 ZI-data=1864  
FromELF: creating hex file...
After Build - User command #1: D:\ARM\Keil\ARM\ARMCC\bin\fromelf.exe --bin -o ../output/iap.bin ../OBJ/LED.axf
"..\OBJ\LED.axf" - 0 Errors, 0 Warning(s).
Build target 'Target 1'
compiling main.c...
main.c(22): warning:  #223-D: function "serial_init_dev" declared implicitly
main.c(22): warning:  #177-D: function "s5p_serial0_init" was declared but never referenced
linking...
..\OBJ\LED.axf: Error: L6218E: Undefined symbol serial_init_dev (referred from main.o).
"..\OBJ\LED.axf" - 1 Errors, 2 Warning(s).
Target not created
Build target 'Target 1'
compiling main.c...
main.c(22): warning:  #177-D: function "s5p_serial0_init" was declared but never referenced
linking...
Program Size: Code=5328 RO-data=448 RW-data=64 ZI-data=1864  
FromELF: creating hex file...
After Build - User command #1: D:\ARM\Keil\ARM\ARMCC\bin\fromelf.exe --bin -o ../output/iap.bin ../OBJ/LED.axf
"..\OBJ\LED.axf" - 0 Errors, 1 Warning(s).
Build target 'Target 1'
compiling main.c...
main.c(22): warning:  #177-D: function "s5p_serialre_init" was declared but never referenced
linking...
Program Size: Code=5328 RO-data=448 RW-data=64 ZI-data=1864  
FromELF: creating hex file...
After Build - User command #1: D:\ARM\Keil\ARM\ARMCC\bin\fromelf.exe --bin -o ../output/iap.bin ../OBJ/LED.axf
"..\OBJ\LED.axf" - 0 Errors, 1 Warning(s).
Build target 'Target 1'
compiling main.c...
main.c(22): warning:  #177-D: function "s5p_serialre_init" was declared but never referenced
linking...
Program Size: Code=5328 RO-data=448 RW-data=64 ZI-data=1864  
FromELF: creating hex file...
After Build - User command #1: D:\ARM\Keil\ARM\ARMCC\bin\fromelf.exe --bin -o ../output/iap.bin ../OBJ/LED.axf
"..\OBJ\LED.axf" - 0 Errors, 1 Warning(s).
Build target 'Target 1'
compiling main.c...
main.c(17): error:  #77-D: this declaration has no storage class or type specifier
main.c(22): warning:  #177-D: function "s5p_serialre_init" was declared but never referenced
"..\OBJ\LED.axf" - 1 Errors, 1 Warning(s).
Target not created
Build target 'Target 1'
compiling main.c...
main.c(23): warning:  #177-D: function "s5p_serialre_init" was declared but never referenced
linking...
Program Size: Code=5328 RO-data=448 RW-data=64 ZI-data=1864  
FromELF: creating hex file...
After Build - User command #1: D:\ARM\Keil\ARM\ARMCC\bin\fromelf.exe --bin -o ../output/iap.bin ../OBJ/LED.axf
"..\OBJ\LED.axf" - 0 Errors, 1 Warning(s).
Build target 'Target 1'
compiling main.c...
linking...
Program Size: Code=5324 RO-data=448 RW-data=64 ZI-data=1864  
FromELF: creating hex file...
After Build - User command #1: D:\ARM\Keil\ARM\ARMCC\bin\fromelf.exe --bin -o ../output/iap.bin ../OBJ/LED.axf
"..\OBJ\LED.axf" - 0 Errors, 0 Warning(s).
Build target 'Target 1'
compiling main.c...
main.c(18): error:  #77-D: this declaration has no storage class or type specifier
"..\OBJ\LED.axf" - 1 Errors, 0 Warning(s).
Target not created
Build target 'Target 1'
compiling main.c...
main.c(18): error:  #40: expected an identifier
main.c(18): error:  #70: incomplete type is not allowed
"..\OBJ\LED.axf" - 2 Errors, 0 Warning(s).
Target not created
Build target 'Target 1'
compiling main.c...
main.c(18): error:  #70: incomplete type is not allowed
"..\OBJ\LED.axf" - 1 Errors, 0 Warning(s).
Target not created
Build target 'Target 1'
compiling main.c...
main.c(18): error:  #70: incomplete type is not allowed
"..\OBJ\LED.axf" - 1 Errors, 0 Warning(s).
Target not created
Build target 'Target 1'
compiling main.c...
linking...
Program Size: Code=5324 RO-data=448 RW-data=64 ZI-data=1864  
FromELF: creating hex file...
After Build - User command #1: D:\ARM\Keil\ARM\ARMCC\bin\fromelf.exe --bin -o ../output/iap.bin ../OBJ/LED.axf
"..\OBJ\LED.axf" - 0 Errors, 0 Warning(s).
Build target 'Target 1'
compiling main.c...
linking...
Program Size: Code=5324 RO-data=448 RW-data=64 ZI-data=1864  
FromELF: creating hex file...
After Build - User command #1: D:\ARM\Keil\ARM\ARMCC\bin\fromelf.exe --bin -o ../output/iap.bin ../OBJ/LED.axf
"..\OBJ\LED.axf" - 0 Errors, 0 Warning(s).
Build target 'Target 1'
compiling main.c...
linking...
Program Size: Code=5324 RO-data=448 RW-data=64 ZI-data=1864  
FromELF: creating hex file...
After Build - User command #1: D:\ARM\Keil\ARM\ARMCC\bin\fromelf.exe --bin -o ../output/iap.bin ../OBJ/LED.axf
"..\OBJ\LED.axf" - 0 Errors, 0 Warning(s).
Build target 'Target 1'
compiling main.c...
linking...
Program Size: Code=5324 RO-data=448 RW-data=64 ZI-data=1864  
FromELF: creating hex file...
After Build - User command #1: D:\ARM\Keil\ARM\ARMCC\bin\fromelf.exe --bin -o ../output/iap.bin ../OBJ/LED.axf
"..\OBJ\LED.axf" - 0 Errors, 0 Warning(s).
Build target 'Target 1'
compiling appInterface.c...
..\HARDWARE\Appinterface\appInterface.c(4): error:  #5: cannot open source input file "boardcfg.h": No such file or directory
"..\OBJ\LED.axf" - 1 Errors, 0 Warning(s).
Target not created
Build target 'Target 1'
compiling main.c...
compiling stm32f10x_it.c...
compiling system_stm32f10x.c...
compiling led.c...
compiling delay.c...
compiling sys.c...
compiling usart.c...
compiling core_cm3.c...
compiling stm32f10x_gpio.c...
compiling stm32f10x_rcc.c...
compiling stm32f10x_usart.c...
compiling misc.c...
compiling appInterface.c...
..\HARDWARE\Appinterface\appInterface.c(4): error:  #5: cannot open source input file "boardcfg.h": No such file or directory
"..\OBJ\LED.axf" - 1 Errors, 0 Warning(s).
Target not created
Build target 'Target 1'
compiling main.c...
compiling appInterface.c...
linking...
..\OBJ\LED.axf: Error: L6200E: Symbol Set_Voutp multiply defined (by appinterface.o and main.o).
"..\OBJ\LED.axf" - 1 Errors, 0 Warning(s).
Target not created
Build target 'Target 1'
compiling main.c...
compiling delay.c...
compiling appInterface.c...
linking...
..\OBJ\LED.axf: Error: L6200E: Symbol Set_Voutp multiply defined (by appinterface.o and main.o).
"..\OBJ\LED.axf" - 1 Errors, 0 Warning(s).
Target not created
Build target 'Target 1'
compiling main.c...
main.c(36): error:  #20: identifier "Set_Voutp" is undefined
compiling appInterface.c...
"..\OBJ\LED.axf" - 1 Errors, 0 Warning(s).
Target not created
Build target 'Target 1'
compiling main.c...
compiling appInterface.c...
linking...
Program Size: Code=5324 RO-data=448 RW-data=64 ZI-data=1864  
FromELF: creating hex file...
After Build - User command #1: D:\ARM\Keil\ARM\ARMCC\bin\fromelf.exe --bin -o ../output/iap.bin ../OBJ/LED.axf
"..\OBJ\LED.axf" - 0 Errors, 0 Warning(s).
Build target 'Target 1'
compiling main.c...
compiling appInterface.c...
linking...
Program Size: Code=5324 RO-data=448 RW-data=64 ZI-data=1864  
FromELF: creating hex file...
After Build - User command #1: D:\ARM\Keil\ARM\ARMCC\bin\fromelf.exe --bin -o ../output/iap.bin ../OBJ/LED.axf
"..\OBJ\LED.axf" - 0 Errors, 0 Warning(s).
Build target 'Target 1'
compiling main.c...
compiling appInterface.c...
linking...
Program Size: Code=5324 RO-data=448 RW-data=64 ZI-data=1864  
FromELF: creating hex file...
After Build - User command #1: D:\ARM\Keil\ARM\ARMCC\bin\fromelf.exe --bin -o ../output/iap.bin ../OBJ/LED.axf
"..\OBJ\LED.axf" - 0 Errors, 0 Warning(s).
Build target 'Target 1'
compiling main.c...
linking...
Program Size: Code=5324 RO-data=448 RW-data=64 ZI-data=1864  
FromELF: creating hex file...
After Build - User command #1: D:\ARM\Keil\ARM\ARMCC\bin\fromelf.exe --bin -o ../output/iap.bin ../OBJ/LED.axf
"..\OBJ\LED.axf" - 0 Errors, 0 Warning(s).
Build target 'Target 1'
compiling main.c...
main.c(22): warning:  #223-D: function "load_interface" declared implicitly
compiling appInterface.c...
linking...
Program Size: Code=5324 RO-data=448 RW-data=64 ZI-data=1864  
FromELF: creating hex file...
After Build - User command #1: D:\ARM\Keil\ARM\ARMCC\bin\fromelf.exe --bin -o ../output/iap.bin ../OBJ/LED.axf
"..\OBJ\LED.axf" - 0 Errors, 1 Warning(s).
Build target 'Target 1'
compiling main.c...
compiling appInterface.c...
linking...
Program Size: Code=5324 RO-data=448 RW-data=64 ZI-data=1864  
FromELF: creating hex file...
After Build - User command #1: D:\ARM\Keil\ARM\ARMCC\bin\fromelf.exe --bin -o ../output/iap.bin ../OBJ/LED.axf
"..\OBJ\LED.axf" - 0 Errors, 0 Warning(s).
Build target 'Target 1'
compiling appInterface.c...
linking...
Program Size: Code=5324 RO-data=448 RW-data=64 ZI-data=1864  
FromELF: creating hex file...
After Build - User command #1: D:\ARM\Keil\ARM\ARMCC\bin\fromelf.exe --bin -o ../output/iap.bin ../OBJ/LED.axf
"..\OBJ\LED.axf" - 0 Errors, 0 Warning(s).
Build target 'Target 1'
compiling appInterface.c...
linking...
Program Size: Code=5324 RO-data=448 RW-data=64 ZI-data=1864  
FromELF: creating hex file...
After Build - User command #1: D:\ARM\Keil\ARM\ARMCC\bin\fromelf.exe --bin -o ../output/iap.bin ../OBJ/LED.axf
"..\OBJ\LED.axf" - 0 Errors, 0 Warning(s).
Build target 'Target 1'
compiling appInterface.c...
linking...
Program Size: Code=5324 RO-data=448 RW-data=64 ZI-data=1864  
FromELF: creating hex file...
After Build - User command #1: D:\ARM\Keil\ARM\ARMCC\bin\fromelf.exe --bin -o ../output/iap.bin ../OBJ/LED.axf
"..\OBJ\LED.axf" - 0 Errors, 0 Warning(s).
Build target 'Target 1'
compiling main.c...
compiling appInterface.c...
..\HARDWARE\Appinterface\appInterface.c(18): error:  #20: identifier "iap_Set_Voutp" is undefined
"..\OBJ\LED.axf" - 1 Errors, 0 Warning(s).
Target not created
Build target 'Target 1'
compiling main.c...
..\HARDWARE\Appinterface\appInterface.h(15): error:  #147: declaration is incompatible with "void delay_ms(u16)" (declared at line 35 of "..\SYSTEM\delay\delay.h")
compiling appInterface.c...
"..\OBJ\LED.axf" - 1 Errors, 0 Warning(s).
Target not created
Build target 'Target 1'
compiling main.c...
..\HARDWARE\Appinterface\appInterface.h(15): error:  #147: declaration is incompatible with "void delay_ms(u16)" (declared at line 35 of "..\SYSTEM\delay\delay.h")
compiling appInterface.c...
"..\OBJ\LED.axf" - 1 Errors, 0 Warning(s).
Target not created
Build target 'Target 1'
compiling main.c...
main.c(2): error:  #5: cannot open source input file "delay.h": No such file or directory
compiling stm32f10x_it.c...
compiling system_stm32f10x.c...
compiling led.c...
compiling sys.c...
compiling usart.c...
compiling core_cm3.c...
compiling stm32f10x_gpio.c...
compiling stm32f10x_rcc.c...
compiling stm32f10x_usart.c...
compiling misc.c...
compiling appInterface.c...
"..\OBJ\LED.axf" - 1 Errors, 0 Warning(s).
Target not created
Build target 'Target 1'
compiling main.c...
main.c(26): warning:  #223-D: function "Delay_ms" declared implicitly
main.c(52): warning:  #223-D: function "Delay_ms" declared implicitly
main.c(66): warning:  #223-D: function "delay_init" declared implicitly
linking...
..\OBJ\LED.axf: Error: L6218E: Undefined symbol Delay_ms (referred from main.o).
..\OBJ\LED.axf: Error: L6218E: Undefined symbol delay_init (referred from main.o).
"..\OBJ\LED.axf" - 2 Errors, 3 Warning(s).
Target not created
Build target 'Target 1'
compiling main.c...
main.c(26): warning:  #223-D: function "Delay_ms" declared implicitly
main.c(52): warning:  #223-D: function "Delay_ms" declared implicitly
main.c(66): warning:  #223-D: function "delay_init" declared implicitly
compiling appInterface.c...
linking...
..\OBJ\LED.axf: Error: L6218E: Undefined symbol Delay_ms (referred from main.o).
..\OBJ\LED.axf: Error: L6218E: Undefined symbol delay_init (referred from main.o).
"..\OBJ\LED.axf" - 2 Errors, 3 Warning(s).
Target not created
Build target 'Target 1'
compiling main.c...
linking...
Program Size: Code=5044 RO-data=448 RW-data=64 ZI-data=1864  
FromELF: creating hex file...
After Build - User command #1: D:\ARM\Keil\ARM\ARMCC\bin\fromelf.exe --bin -o ../output/iap.bin ../OBJ/LED.axf
"..\OBJ\LED.axf" - 0 Errors, 0 Warning(s).
Build target 'Target 1'
compiling main.c...
compiling appInterface.c...
..\HARDWARE\Appinterface\appInterface.c(7): error:  #20: identifier "inface_delay_us" is undefined
..\HARDWARE\Appinterface\appInterface.c(11): error:  #148: variable "Set_Voutp" has already been initialized
"..\OBJ\LED.axf" - 2 Errors, 0 Warning(s).
Target not created
Build target 'Target 1'
compiling main.c...
compiling appInterface.c...
..\HARDWARE\Appinterface\appInterface.c(7): error:  #20: identifier "inface_delay_us" is undefined
..\HARDWARE\Appinterface\appInterface.c(11): error:  #148: variable "Set_Voutp" has already been initialized
"..\OBJ\LED.axf" - 2 Errors, 0 Warning(s).
Target not created
Build target 'Target 1'
compiling main.c...
compiling appInterface.c...
linking...
Program Size: Code=5044 RO-data=448 RW-data=64 ZI-data=1864  
FromELF: creating hex file...
After Build - User command #1: D:\ARM\Keil\ARM\ARMCC\bin\fromelf.exe --bin -o ../output/iap.bin ../OBJ/LED.axf
"..\OBJ\LED.axf" - 0 Errors, 0 Warning(s).
Build target 'Target 1'
compiling main.c...
compiling appInterface.c...
linking...
Program Size: Code=5044 RO-data=448 RW-data=64 ZI-data=1864  
FromELF: creating hex file...
After Build - User command #1: D:\ARM\Keil\ARM\ARMCC\bin\fromelf.exe --bin -o ../output/iap.bin ../OBJ/LED.axf
"..\OBJ\LED.axf" - 0 Errors, 0 Warning(s).
Build target 'Target 1'
compiling main.c...
compiling appInterface.c...
linking...
Program Size: Code=5044 RO-data=448 RW-data=64 ZI-data=1864  
FromELF: creating hex file...
After Build - User command #1: D:\ARM\Keil\ARM\ARMCC\bin\fromelf.exe --bin -o ../output/iap.bin ../OBJ/LED.axf
"..\OBJ\LED.axf" - 0 Errors, 0 Warning(s).
Build target 'Target 1'
linking...
Program Size: Code=5044 RO-data=448 RW-data=64 ZI-data=1864  
FromELF: creating hex file...
After Build - User command #1: D:\ARM\Keil\ARM\ARMCC\bin\fromelf.exe --bin -o ../output/iap.bin ../OBJ/LED.axf
"..\OBJ\LED.axf" - 0 Errors, 0 Warning(s).
Build target 'Target 1'
linking...
Program Size: Code=5044 RO-data=448 RW-data=64 ZI-data=1864  
FromELF: creating hex file...
After Build - User command #1: D:\ARM\Keil\ARM\ARMCC\bin\fromelf.exe --bin -o ../output/iap.bin ../OBJ/LED.axf
"..\OBJ\LED.axf" - 0 Errors, 0 Warning(s).
Build target 'Target 1'
linking...
Program Size: Code=5044 RO-data=448 RW-data=64 ZI-data=1864  
FromELF: creating hex file...
After Build - User command #1: D:\ARM\Keil\ARM\ARMCC\bin\fromelf.exe --bin -o ../output/iap.bin ../OBJ/LED.axf
"..\OBJ\LED.axf" - 0 Errors, 0 Warning(s).
Build target 'Target 1'
compiling main.c...
..\HARDWARE\Appinterface\appInterface.h(38): error:  #18: expected a ")"
..\HARDWARE\Appinterface\appInterface.h(39): error:  #18: expected a ")"
..\HARDWARE\Appinterface\appInterface.h(39): error:  #256: invalid redeclaration of type name "inface_" (declared at line 38)
..\HARDWARE\Appinterface\appInterface.h(53): error:  #65: expected a ";"
..\HARDWARE\Appinterface\appInterface.h(59): warning:  #12-D: parsing restarts here after previous syntax error
main.c(21): warning:  #223-D: function "load_interface" declared implicitly
compiling appInterface.c...
..\HARDWARE\Appinterface\appInterface.h(38): error:  #18: expected a ")"
..\HARDWARE\Appinterface\appInterface.h(39): error:  #18: expected a ")"
..\HARDWARE\Appinterface\appInterface.h(39): error:  #256: invalid redeclaration of type name "inface_" (declared at line 38)
..\HARDWARE\Appinterface\appInterface.h(53): error:  #65: expected a ";"
..\HARDWARE\Appinterface\appInterface.h(59): warning:  #12-D: parsing restarts here after previous syntax error
"..\OBJ\LED.axf" - 8 Errors, 3 Warning(s).
Target not created
Build target 'Target 1'
compiling main.c...
..\HARDWARE\Appinterface\appInterface.h(38): error:  #18: expected a ")"
..\HARDWARE\Appinterface\appInterface.h(39): error:  #18: expected a ")"
..\HARDWARE\Appinterface\appInterface.h(39): error:  #256: invalid redeclaration of type name "inface_" (declared at line 38)
compiling appInterface.c...
..\HARDWARE\Appinterface\appInterface.h(38): error:  #18: expected a ")"
..\HARDWARE\Appinterface\appInterface.h(39): error:  #18: expected a ")"
..\HARDWARE\Appinterface\appInterface.h(39): error:  #256: invalid redeclaration of type name "inface_" (declared at line 38)
"..\OBJ\LED.axf" - 6 Errors, 0 Warning(s).
Target not created
Build target 'Target 1'
compiling main.c...
compiling appInterface.c...
linking...
Program Size: Code=5044 RO-data=448 RW-data=64 ZI-data=1864  
FromELF: creating hex file...
After Build - User command #1: D:\ARM\Keil\ARM\ARMCC\bin\fromelf.exe --bin -o ../output/iap.bin ../OBJ/LED.axf
"..\OBJ\LED.axf" - 0 Errors, 0 Warning(s).
Build target 'Target 1'
compiling main.c...
compiling appInterface.c...
linking...
Program Size: Code=5044 RO-data=448 RW-data=156 ZI-data=1868  
FromELF: creating hex file...
After Build - User command #1: D:\ARM\Keil\ARM\ARMCC\bin\fromelf.exe --bin -o ../output/iap.bin ../OBJ/LED.axf
"..\OBJ\LED.axf" - 0 Errors, 0 Warning(s).
Build target 'Target 1'
compiling main.c...
compiling appInterface.c...
linking...
Program Size: Code=5044 RO-data=448 RW-data=156 ZI-data=1868  
FromELF: creating hex file...
After Build - User command #1: D:\ARM\Keil\ARM\ARMCC\bin\fromelf.exe --bin -o ../output/iap.bin ../OBJ/LED.axf
"..\OBJ\LED.axf" - 0 Errors, 0 Warning(s).
Build target 'Target 1'
compiling appInterface.c...
linking...
Program Size: Code=5044 RO-data=448 RW-data=156 ZI-data=1868  
FromELF: creating hex file...
After Build - User command #1: D:\ARM\Keil\ARM\ARMCC\bin\fromelf.exe --bin -o ../output/iap.bin ../OBJ/LED.axf
"..\OBJ\LED.axf" - 0 Errors, 0 Warning(s).
Build target 'Target 1'
compiling appInterface.c...
linking...
Program Size: Code=5044 RO-data=448 RW-data=156 ZI-data=1868  
FromELF: creating hex file...
After Build - User command #1: D:\ARM\Keil\ARM\ARMCC\bin\fromelf.exe --bin -o ../output/iap.bin ../OBJ/LED.axf
"..\OBJ\LED.axf" - 0 Errors, 0 Warning(s).
Build target 'Target 1'
compiling main.c...
compiling appInterface.c...
linking...
Program Size: Code=5336 RO-data=448 RW-data=160 ZI-data=1864  
FromELF: creating hex file...
After Build - User command #1: D:\ARM\Keil\ARM\ARMCC\bin\fromelf.exe --bin -o ../output/iap.bin ../OBJ/LED.axf
"..\OBJ\LED.axf" - 0 Errors, 0 Warning(s).
Build target 'Target 1'
linking...
Program Size: Code=5336 RO-data=448 RW-data=160 ZI-data=1864  
FromELF: creating hex file...
After Build - User command #1: D:\ARM\Keil\ARM\ARMCC\bin\fromelf.exe --bin -o ../output/iap.bin ../OBJ/LED.axf
"..\OBJ\LED.axf" - 0 Errors, 0 Warning(s).
Build target 'Target 1'
compiling main.c...
linking...
Program Size: Code=5360 RO-data=448 RW-data=160 ZI-data=1864  
FromELF: creating hex file...
After Build - User command #1: D:\ARM\Keil\ARM\ARMCC\bin\fromelf.exe --bin -o ../output/iap.bin ../OBJ/LED.axf
"..\OBJ\LED.axf" - 0 Errors, 0 Warning(s).
Build target 'Target 1'
compiling main.c...
main.c(35): error:  #20: identifier "app" is undefined
"..\OBJ\LED.axf" - 1 Errors, 0 Warning(s).
Target not created
Build target 'Target 1'
compiling main.c...
linking...
Program Size: Code=5348 RO-data=448 RW-data=160 ZI-data=1832  
FromELF: creating hex file...
After Build - User command #1: D:\ARM\Keil\ARM\ARMCC\bin\fromelf.exe --bin -o ../output/iap.bin ../OBJ/LED.axf
"..\OBJ\LED.axf" - 0 Errors, 0 Warning(s).
Build target 'Target 1'
assembling startup_stm32f10x_hd.s...
linking...
Program Size: Code=5348 RO-data=448 RW-data=160 ZI-data=1832  
FromELF: creating hex file...
After Build - User command #1: D:\ARM\Keil\ARM\ARMCC\bin\fromelf.exe --bin -o ../output/iap.bin ../OBJ/LED.axf
"..\OBJ\LED.axf" - 0 Errors, 0 Warning(s).
Build target 'Target 1'
linking...
Program Size: Code=5348 RO-data=448 RW-data=160 ZI-data=1832  
FromELF: creating hex file...
After Build - User command #1: D:\ARM\Keil\ARM\ARMCC\bin\fromelf.exe --bin -o ../output/iap.bin ../OBJ/LED.axf
"..\OBJ\LED.axf" - 0 Errors, 0 Warning(s).
Build target 'Target 1'
compiling main.c...
linking...
Program Size: Code=5368 RO-data=448 RW-data=160 ZI-data=1832  
FromELF: creating hex file...
After Build - User command #1: D:\ARM\Keil\ARM\ARMCC\bin\fromelf.exe --bin -o ../output/iap.bin ../OBJ/LED.axf
"..\OBJ\LED.axf" - 0 Errors, 0 Warning(s).
Build target 'Target 1'
compiling main.c...
linking...
Program Size: Code=5368 RO-data=448 RW-data=160 ZI-data=1832  
FromELF: creating hex file...
After Build - User command #1: D:\ARM\Keil\ARM\ARMCC\bin\fromelf.exe --bin -o ../output/iap.bin ../OBJ/LED.axf
"..\OBJ\LED.axf" - 0 Errors, 0 Warning(s).
Build target 'Target 1'
compiling main.c...
linking...
Program Size: Code=5368 RO-data=448 RW-data=160 ZI-data=1832  
FromELF: creating hex file...
After Build - User command #1: D:\ARM\Keil\ARM\ARMCC\bin\fromelf.exe --bin -o ../output/iap.bin ../OBJ/LED.axf
"..\OBJ\LED.axf" - 0 Errors, 0 Warning(s).
