ARM Linker, 5.03 [Build 76] [MDK-ARM Standard]

==============================================================================

Section Cross References

    main.o(.text) refers to led.o(.text) for LED_Init
    main.o(.text) refers to appinterface.o(.text) for load_interface
    main.o(.text) refers to stm32f10x_gpio.o(.text) for GPIO_ResetBits
    main.o(.text) refers to appinterface.o(.data) for Delay_ms
    system_stm32f10x.o(.text) refers to system_stm32f10x.o(.data) for SystemCoreClock
    led.o(.text) refers to stm32f10x_rcc.o(.text) for RCC_APB2PeriphClockCmd
    led.o(.text) refers to stm32f10x_gpio.o(.text) for GPIO_PinRemapConfig
    sys.o(.text) refers to misc.o(.text) for NVIC_PriorityGroupConfig
    usart.o(.text) refers (Special) to use_no_semi_2.o(.text) for __use_no_semihosting
    usart.o(.text) refers to stm32f10x_rcc.o(.text) for RCC_APB2PeriphClockCmd
    usart.o(.text) refers to stm32f10x_gpio.o(.text) for GPIO_Init
    usart.o(.text) refers to misc.o(.text) for NVIC_Init
    usart.o(.text) refers to stm32f10x_usart.o(.text) for USART_Init
    usart.o(.text) refers to usart.o(.data) for USART_RX_STA
    usart.o(.text) refers to usart.o(.bss) for USART_RX_BUF
    usart.o(.bss) refers (Special) to use_no_semi_2.o(.text) for __use_no_semihosting
    usart.o(.data) refers (Special) to use_no_semi_2.o(.text) for __use_no_semihosting
    startup_stm32f10x_hd.o(STACK) refers (Special) to heapauxi.o(.text) for __use_two_region_memory
    startup_stm32f10x_hd.o(HEAP) refers (Special) to heapauxi.o(.text) for __use_two_region_memory
    startup_stm32f10x_hd.o(RESET) refers (Special) to heapauxi.o(.text) for __use_two_region_memory
    startup_stm32f10x_hd.o(RESET) refers to main.o(.text) for led_flash
    startup_stm32f10x_hd.o(RESET) refers to startup_stm32f10x_hd.o(.text) for Reset_Handler
    startup_stm32f10x_hd.o(RESET) refers to stm32f10x_it.o(.text) for NMI_Handler
    startup_stm32f10x_hd.o(RESET) refers to usart.o(.text) for USART1_IRQHandler
    startup_stm32f10x_hd.o(.text) refers (Special) to heapauxi.o(.text) for __use_two_region_memory
    startup_stm32f10x_hd.o(.text) refers to system_stm32f10x.o(.text) for SystemInit
    startup_stm32f10x_hd.o(.text) refers to main.o(.text) for main
    startup_stm32f10x_hd.o(.text) refers to startup_stm32f10x_hd.o(HEAP) for Heap_Mem
    startup_stm32f10x_hd.o(.text) refers to startup_stm32f10x_hd.o(STACK) for Stack_Mem
    stm32f10x_gpio.o(.text) refers to stm32f10x_rcc.o(.text) for RCC_APB2PeriphResetCmd
    stm32f10x_rcc.o(.text) refers to stm32f10x_rcc.o(.data) for APBAHBPrescTable
    stm32f10x_usart.o(.text) refers to stm32f10x_rcc.o(.text) for RCC_APB2PeriphResetCmd
    appinterface.o(.text) refers to _printf_percent.o(.ARM.Collect$$_printf_percent$$00000000) for _printf_percent
    appinterface.o(.text) refers to _printf_x.o(.ARM.Collect$$_printf_percent$$0000000C) for _printf_x
    appinterface.o(.text) refers to _printf_hex_int.o(.text) for _printf_longlong_hex
    appinterface.o(.text) refers to noretval__2printf.o(.text) for __2printf
    appinterface.o(.text) refers to appinterface.o(.data) for addr_interface
    appinterface.o(.text) refers to appinterface.o(.constdata) for .constdata
    use_no_semi_2.o(.text) refers (Special) to use_no_semi.o(.text) for __use_no_semihosting_swi
    __2printf.o(.text) refers to _printf_char_file.o(.text) for _printf_char_file
    __2printf.o(.text) refers to usart.o(.data) for __stdout
    noretval__2printf.o(.text) refers to _printf_char_file.o(.text) for _printf_char_file
    noretval__2printf.o(.text) refers to usart.o(.data) for __stdout
    __printf.o(.text) refers to _printf_percent.o(.ARM.Collect$$_printf_percent$$00000000) for _printf_percent
    _printf_hex_ll.o(.text) refers to _printf_intcommon.o(.text) for _printf_int_common
    _printf_hex_ll.o(.text) refers to _printf_hex_ll.o(.constdata) for .constdata
    _printf_hex_int.o(.text) refers to _printf_intcommon.o(.text) for _printf_int_common
    _printf_hex_int.o(.text) refers to _printf_hex_int.o(.constdata) for .constdata
    _printf_hex_int_ll.o(.text) refers to _printf_intcommon.o(.text) for _printf_int_common
    _printf_hex_int_ll.o(.text) refers to _printf_hex_int_ll.o(.constdata) for .constdata
    _printf_hex_ptr.o(.text) refers to _printf_intcommon.o(.text) for _printf_int_common
    _printf_hex_ptr.o(.text) refers to _printf_hex_ptr.o(.constdata) for .constdata
    _printf_hex_int_ptr.o(.text) refers to _printf_intcommon.o(.text) for _printf_int_common
    _printf_hex_int_ptr.o(.text) refers to _printf_hex_int_ptr.o(.constdata) for .constdata
    _printf_hex_ll_ptr.o(.text) refers to _printf_intcommon.o(.text) for _printf_int_common
    _printf_hex_ll_ptr.o(.text) refers to _printf_hex_ll_ptr.o(.constdata) for .constdata
    _printf_hex_int_ll_ptr.o(.text) refers to _printf_intcommon.o(.text) for _printf_int_common
    _printf_hex_int_ll_ptr.o(.text) refers to _printf_hex_int_ll_ptr.o(.constdata) for .constdata
    __printf_flags.o(.text) refers to _printf_percent.o(.ARM.Collect$$_printf_percent$$00000000) for _printf_percent
    __printf_flags.o(.text) refers to __printf_flags.o(.constdata) for .constdata
    __printf_ss.o(.text) refers to _printf_percent.o(.ARM.Collect$$_printf_percent$$00000000) for _printf_percent
    __printf_flags_ss.o(.text) refers to _printf_percent.o(.ARM.Collect$$_printf_percent$$00000000) for _printf_percent
    __printf_flags_ss.o(.text) refers to __printf_flags_ss.o(.constdata) for .constdata
    __printf_wp.o(.text) refers to __printf_wp.o(i._is_digit) for _is_digit
    __printf_wp.o(.text) refers to _printf_percent.o(.ARM.Collect$$_printf_percent$$00000000) for _printf_percent
    __printf_flags_wp.o(.text) refers to __printf_wp.o(i._is_digit) for _is_digit
    __printf_flags_wp.o(.text) refers to _printf_percent.o(.ARM.Collect$$_printf_percent$$00000000) for _printf_percent
    __printf_flags_wp.o(.text) refers to __printf_flags_wp.o(.constdata) for .constdata
    __printf_ss_wp.o(.text) refers to __printf_wp.o(i._is_digit) for _is_digit
    __printf_ss_wp.o(.text) refers to _printf_percent.o(.ARM.Collect$$_printf_percent$$00000000) for _printf_percent
    __printf_flags_ss_wp.o(.text) refers to __printf_wp.o(i._is_digit) for _is_digit
    __printf_flags_ss_wp.o(.text) refers to _printf_percent.o(.ARM.Collect$$_printf_percent$$00000000) for _printf_percent
    __printf_flags_ss_wp.o(.text) refers to __printf_flags_ss_wp.o(.constdata) for .constdata
    _printf_x.o(.ARM.Collect$$_printf_percent$$0000000C) refers (Weak) to _printf_hex_int.o(.text) for _printf_int_hex
    _printf_percent.o(.ARM.Collect$$_printf_percent$$00000000) refers (Special) to _printf_percent_end.o(.ARM.Collect$$_printf_percent$$00000017) for _printf_percent_end
    __main.o(!!!main) refers to rtentry.o(.ARM.Collect$$rtentry$$00000000) for __rt_entry
    rtentry.o(.ARM.Collect$$rtentry$$00000000) refers (Special) to rtentry2.o(.ARM.Collect$$rtentry$$0000000A) for __rt_entry_li
    rtentry.o(.ARM.Collect$$rtentry$$00000000) refers (Special) to rtentry2.o(.ARM.Collect$$rtentry$$0000000D) for __rt_entry_main
    rtentry.o(.ARM.Collect$$rtentry$$00000000) refers (Special) to rtentry2.o(.ARM.Collect$$rtentry$$0000000C) for __rt_entry_postli_1
    rtentry.o(.ARM.Collect$$rtentry$$00000000) refers (Special) to rtentry2.o(.ARM.Collect$$rtentry$$00000009) for __rt_entry_postsh_1
    rtentry.o(.ARM.Collect$$rtentry$$00000000) refers (Special) to rtentry2.o(.ARM.Collect$$rtentry$$00000002) for __rt_entry_presh_1
    rtentry.o(.ARM.Collect$$rtentry$$00000000) refers (Special) to rtentry4.o(.ARM.Collect$$rtentry$$00000004) for __rt_entry_sh
    _printf_char_file.o(.text) refers to _printf_char_common.o(.text) for _printf_char_common
    _printf_char_file.o(.text) refers to ferror.o(.text) for ferror
    _printf_char_file.o(.text) refers to usart.o(.text) for fputc
    rtentry2.o(.ARM.Collect$$rtentry$$00000008) refers to boardinit2.o(.text) for _platform_post_stackheap_init
    rtentry2.o(.ARM.Collect$$rtentry$$0000000A) refers to libinit.o(.ARM.Collect$$libinit$$00000000) for __rt_lib_init
    rtentry2.o(.ARM.Collect$$rtentry$$0000000B) refers to boardinit3.o(.text) for _platform_post_lib_init
    rtentry2.o(.ARM.Collect$$rtentry$$0000000D) refers to main.o(.text) for main
    rtentry2.o(.ARM.Collect$$rtentry$$0000000D) refers to exit.o(.text) for exit
    rtentry2.o(.ARM.exidx) refers to rtentry2.o(.ARM.Collect$$rtentry$$00000001) for .ARM.Collect$$rtentry$$00000001
    rtentry2.o(.ARM.exidx) refers to rtentry2.o(.ARM.Collect$$rtentry$$00000008) for .ARM.Collect$$rtentry$$00000008
    rtentry2.o(.ARM.exidx) refers to rtentry2.o(.ARM.Collect$$rtentry$$0000000A) for .ARM.Collect$$rtentry$$0000000A
    rtentry2.o(.ARM.exidx) refers to rtentry2.o(.ARM.Collect$$rtentry$$0000000B) for .ARM.Collect$$rtentry$$0000000B
    rtentry2.o(.ARM.exidx) refers to rtentry2.o(.ARM.Collect$$rtentry$$0000000D) for .ARM.Collect$$rtentry$$0000000D
    rtentry4.o(.ARM.Collect$$rtentry$$00000004) refers to sys_stackheap_outer.o(.text) for __user_setup_stackheap
    rtentry4.o(.ARM.exidx) refers to rtentry4.o(.ARM.Collect$$rtentry$$00000004) for .ARM.Collect$$rtentry$$00000004
    _printf_char_common.o(.text) refers to __printf.o(.text) for __printf
    sys_stackheap_outer.o(.text) refers to libspace.o(.text) for __user_perproc_libspace
    sys_stackheap_outer.o(.text) refers to startup_stm32f10x_hd.o(.text) for __user_initial_stackheap
    exit.o(.text) refers to rtexit.o(.ARM.Collect$$rtexit$$00000000) for __rt_exit
    libinit.o(.ARM.Collect$$libinit$$00000000) refers (Special) to libinit2.o(.ARM.Collect$$libinit$$0000002C) for __rt_lib_init_alloca_1
    libinit.o(.ARM.Collect$$libinit$$00000000) refers (Special) to libinit2.o(.ARM.Collect$$libinit$$0000002A) for __rt_lib_init_argv_1
    libinit.o(.ARM.Collect$$libinit$$00000000) refers (Special) to libinit2.o(.ARM.Collect$$libinit$$00000019) for __rt_lib_init_atexit_1
    libinit.o(.ARM.Collect$$libinit$$00000000) refers (Special) to libinit2.o(.ARM.Collect$$libinit$$0000001F) for __rt_lib_init_clock_1
    libinit.o(.ARM.Collect$$libinit$$00000000) refers (Special) to libinit2.o(.ARM.Collect$$libinit$$00000030) for __rt_lib_init_cpp_1
    libinit.o(.ARM.Collect$$libinit$$00000000) refers (Special) to libinit2.o(.ARM.Collect$$libinit$$0000002E) for __rt_lib_init_exceptions_1
    libinit.o(.ARM.Collect$$libinit$$00000000) refers (Special) to libinit2.o(.ARM.Collect$$libinit$$00000002) for __rt_lib_init_fp_1
    libinit.o(.ARM.Collect$$libinit$$00000000) refers (Special) to libinit2.o(.ARM.Collect$$libinit$$0000001D) for __rt_lib_init_fp_trap_1
    libinit.o(.ARM.Collect$$libinit$$00000000) refers (Special) to libinit2.o(.ARM.Collect$$libinit$$00000021) for __rt_lib_init_getenv_1
    libinit.o(.ARM.Collect$$libinit$$00000000) refers (Special) to libinit2.o(.ARM.Collect$$libinit$$00000008) for __rt_lib_init_heap_1
    libinit.o(.ARM.Collect$$libinit$$00000000) refers (Special) to libinit2.o(.ARM.Collect$$libinit$$0000000F) for __rt_lib_init_lc_collate_1
    libinit.o(.ARM.Collect$$libinit$$00000000) refers (Special) to libinit2.o(.ARM.Collect$$libinit$$00000011) for __rt_lib_init_lc_ctype_1
    libinit.o(.ARM.Collect$$libinit$$00000000) refers (Special) to libinit2.o(.ARM.Collect$$libinit$$00000013) for __rt_lib_init_lc_monetary_1
    libinit.o(.ARM.Collect$$libinit$$00000000) refers (Special) to libinit2.o(.ARM.Collect$$libinit$$00000015) for __rt_lib_init_lc_numeric_1
    libinit.o(.ARM.Collect$$libinit$$00000000) refers (Special) to libinit2.o(.ARM.Collect$$libinit$$00000017) for __rt_lib_init_lc_time_1
    libinit.o(.ARM.Collect$$libinit$$00000000) refers (Special) to libinit2.o(.ARM.Collect$$libinit$$0000000C) for __rt_lib_init_rand_1
    libinit.o(.ARM.Collect$$libinit$$00000000) refers (Special) to libinit2.o(.ARM.Collect$$libinit$$00000031) for __rt_lib_init_return
    libinit.o(.ARM.Collect$$libinit$$00000000) refers (Special) to libinit2.o(.ARM.Collect$$libinit$$0000001B) for __rt_lib_init_signal_1
    libinit.o(.ARM.Collect$$libinit$$00000000) refers (Special) to libinit2.o(.ARM.Collect$$libinit$$00000023) for __rt_lib_init_stdio_1
    libinit.o(.ARM.Collect$$libinit$$00000000) refers (Special) to libinit2.o(.ARM.Collect$$libinit$$0000000A) for __rt_lib_init_user_alloc_1
    libspace.o(.text) refers to libspace.o(.bss) for __libspace_start
    rtexit.o(.ARM.Collect$$rtexit$$00000000) refers (Special) to rtexit2.o(.ARM.Collect$$rtexit$$00000004) for __rt_exit_exit
    rtexit.o(.ARM.Collect$$rtexit$$00000000) refers (Special) to rtexit2.o(.ARM.Collect$$rtexit$$00000003) for __rt_exit_ls
    rtexit.o(.ARM.Collect$$rtexit$$00000000) refers (Special) to rtexit2.o(.ARM.Collect$$rtexit$$00000002) for __rt_exit_prels_1
    rtexit.o(.ARM.exidx) refers (Special) to rtexit2.o(.ARM.Collect$$rtexit$$00000004) for __rt_exit_exit
    rtexit.o(.ARM.exidx) refers (Special) to rtexit2.o(.ARM.Collect$$rtexit$$00000003) for __rt_exit_ls
    rtexit.o(.ARM.exidx) refers (Special) to rtexit2.o(.ARM.Collect$$rtexit$$00000002) for __rt_exit_prels_1
    rtexit.o(.ARM.exidx) refers to rtexit.o(.ARM.Collect$$rtexit$$00000000) for .ARM.Collect$$rtexit$$00000000
    libinit2.o(.ARM.Collect$$libinit$$0000000E) refers to libinit2.o(.ARM.Collect$$libinit$$0000000D) for .ARM.Collect$$libinit$$0000000D
    libinit2.o(.ARM.Collect$$libinit$$00000010) refers to libinit2.o(.ARM.Collect$$libinit$$0000000D) for .ARM.Collect$$libinit$$0000000D
    libinit2.o(.ARM.Collect$$libinit$$00000012) refers to libinit2.o(.ARM.Collect$$libinit$$0000000D) for .ARM.Collect$$libinit$$0000000D
    libinit2.o(.ARM.Collect$$libinit$$00000014) refers to libinit2.o(.ARM.Collect$$libinit$$0000000D) for .ARM.Collect$$libinit$$0000000D
    libinit2.o(.ARM.Collect$$libinit$$00000016) refers to libinit2.o(.ARM.Collect$$libinit$$0000000D) for .ARM.Collect$$libinit$$0000000D
    libinit2.o(.ARM.Collect$$libinit$$00000024) refers to argv_veneer.o(.emb_text) for __ARM_argv_veneer
    libinit2.o(.ARM.Collect$$libinit$$00000025) refers to argv_veneer.o(.emb_text) for __ARM_argv_veneer
    rtexit2.o(.ARM.Collect$$rtexit$$00000003) refers to libshutdown.o(.ARM.Collect$$libshutdown$$00000000) for __rt_lib_shutdown
    rtexit2.o(.ARM.Collect$$rtexit$$00000004) refers to usart.o(.text) for _sys_exit
    rtexit2.o(.ARM.exidx) refers to rtexit2.o(.ARM.Collect$$rtexit$$00000001) for .ARM.Collect$$rtexit$$00000001
    rtexit2.o(.ARM.exidx) refers to rtexit2.o(.ARM.Collect$$rtexit$$00000003) for .ARM.Collect$$rtexit$$00000003
    rtexit2.o(.ARM.exidx) refers to rtexit2.o(.ARM.Collect$$rtexit$$00000004) for .ARM.Collect$$rtexit$$00000004
    argv_veneer.o(.emb_text) refers to no_argv.o(.text) for __ARM_get_argv
    _get_argv_nomalloc.o(.text) refers (Special) to hrguard.o(.text) for __heap_region$guard
    _get_argv_nomalloc.o(.text) refers to defsig_rtmem_outer.o(.text) for __rt_SIGRTMEM
    _get_argv_nomalloc.o(.text) refers to sys_command.o(.text) for _sys_command_string
    libshutdown.o(.ARM.Collect$$libshutdown$$00000000) refers (Special) to libshutdown2.o(.ARM.Collect$$libshutdown$$00000006) for __rt_lib_shutdown_fp_trap_1
    libshutdown.o(.ARM.Collect$$libshutdown$$00000000) refers (Special) to libshutdown2.o(.ARM.Collect$$libshutdown$$0000000E) for __rt_lib_shutdown_heap_1
    libshutdown.o(.ARM.Collect$$libshutdown$$00000000) refers (Special) to libshutdown2.o(.ARM.Collect$$libshutdown$$0000000F) for __rt_lib_shutdown_return
    libshutdown.o(.ARM.Collect$$libshutdown$$00000000) refers (Special) to libshutdown2.o(.ARM.Collect$$libshutdown$$00000009) for __rt_lib_shutdown_signal_1
    libshutdown.o(.ARM.Collect$$libshutdown$$00000000) refers (Special) to libshutdown2.o(.ARM.Collect$$libshutdown$$00000003) for __rt_lib_shutdown_stdio_1
    libshutdown.o(.ARM.Collect$$libshutdown$$00000000) refers (Special) to libshutdown2.o(.ARM.Collect$$libshutdown$$0000000B) for __rt_lib_shutdown_user_alloc_1
    sys_command.o(.text) refers (Special) to use_no_semi.o(.text) for __I$use$semihosting
    sys_command.o(.text) refers (Special) to indicate_semi.o(.text) for __semihosting_library_function
    defsig_rtmem_outer.o(.text) refers to defsig_rtmem_inner.o(.text) for __rt_SIGRTMEM_inner
    defsig_rtmem_outer.o(.text) refers to defsig_exit.o(.text) for __sig_exit
    defsig_rtmem_formal.o(.text) refers to rt_raise.o(.text) for __rt_raise
    rt_raise.o(.text) refers to __raise.o(.text) for __raise
    rt_raise.o(.text) refers to usart.o(.text) for _sys_exit
    defsig_exit.o(.text) refers to usart.o(.text) for _sys_exit
    defsig_rtmem_inner.o(.text) refers to defsig_general.o(.text) for __default_signal_display
    __raise.o(.text) refers to defsig.o(CL$$defsig) for __default_signal_handler
    defsig_general.o(.text) refers to sys_wrch.o(.text) for _ttywrch
    sys_wrch.o(.text) refers (Special) to use_no_semi.o(.text) for __I$use$semihosting
    sys_wrch.o(.text) refers (Special) to indicate_semi.o(.text) for __semihosting_library_function
    defsig.o(CL$$defsig) refers to defsig_rtmem_inner.o(.text) for __rt_SIGRTMEM_inner
    defsig_abrt_inner.o(.text) refers to defsig_general.o(.text) for __default_signal_display
    defsig_fpe_inner.o(.text) refers to defsig_general.o(.text) for __default_signal_display
    defsig_rtred_inner.o(.text) refers to defsig_general.o(.text) for __default_signal_display
    defsig_stak_inner.o(.text) refers to defsig_general.o(.text) for __default_signal_display
    defsig_pvfn_inner.o(.text) refers to defsig_general.o(.text) for __default_signal_display
    defsig_cppl_inner.o(.text) refers to defsig_general.o(.text) for __default_signal_display
    defsig_segv_inner.o(.text) refers to defsig_general.o(.text) for __default_signal_display
    defsig_other.o(.text) refers to defsig_general.o(.text) for __default_signal_display


==============================================================================

Removing Unused input sections from the image.

    Removing sys.o(.text), (12 bytes).
    Removing core_cm3.o(.emb_text), (32 bytes).

2 unused section(s) (total 44 bytes) removed from the image.

==============================================================================

Image Symbol Table

    Local Symbols

    Symbol Name                              Value     Ov Type        Size  Object(Section)

    ../clib/angel/boardlib.s                 0x00000000   Number         0  boardshut.o ABSOLUTE
    ../clib/angel/boardlib.s                 0x00000000   Number         0  boardinit1.o ABSOLUTE
    ../clib/angel/boardlib.s                 0x00000000   Number         0  boardinit2.o ABSOLUTE
    ../clib/angel/boardlib.s                 0x00000000   Number         0  boardinit3.o ABSOLUTE
    ../clib/angel/handlers.s                 0x00000000   Number         0  __scatter_copy.o ABSOLUTE
    ../clib/angel/handlers.s                 0x00000000   Number         0  __scatter_zi.o ABSOLUTE
    ../clib/angel/kernel.s                   0x00000000   Number         0  rtexit.o ABSOLUTE
    ../clib/angel/kernel.s                   0x00000000   Number         0  rtexit2.o ABSOLUTE
    ../clib/angel/kernel.s                   0x00000000   Number         0  rtentry4.o ABSOLUTE
    ../clib/angel/kernel.s                   0x00000000   Number         0  rtentry2.o ABSOLUTE
    ../clib/angel/kernel.s                   0x00000000   Number         0  rtentry.o ABSOLUTE
    ../clib/angel/rt.s                       0x00000000   Number         0  rt_raise.o ABSOLUTE
    ../clib/angel/scatter.s                  0x00000000   Number         0  __scatter.o ABSOLUTE
    ../clib/angel/startup.s                  0x00000000   Number         0  __main.o ABSOLUTE
    ../clib/angel/sys.s                      0x00000000   Number         0  libspace.o ABSOLUTE
    ../clib/angel/sys.s                      0x00000000   Number         0  use_no_semi_2.o ABSOLUTE
    ../clib/angel/sys.s                      0x00000000   Number         0  sys_stackheap_outer.o ABSOLUTE
    ../clib/angel/sys.s                      0x00000000   Number         0  use_no_semi.o ABSOLUTE
    ../clib/angel/sys.s                      0x00000000   Number         0  indicate_semi.o ABSOLUTE
    ../clib/angel/sysapp.c                   0x00000000   Number         0  sys_command.o ABSOLUTE
    ../clib/angel/sysapp.c                   0x00000000   Number         0  sys_wrch.o ABSOLUTE
    ../clib/armsys.c                         0x00000000   Number         0  no_argv.o ABSOLUTE
    ../clib/armsys.c                         0x00000000   Number         0  argv_veneer.o ABSOLUTE
    ../clib/armsys.c                         0x00000000   Number         0  _get_argv_nomalloc.o ABSOLUTE
    ../clib/armsys.c                         0x00000000   Number         0  argv_veneer.o ABSOLUTE
    ../clib/heapalloc.c                      0x00000000   Number         0  hrguard.o ABSOLUTE
    ../clib/heapaux.c                        0x00000000   Number         0  heapauxi.o ABSOLUTE
    ../clib/libinit.s                        0x00000000   Number         0  libinit.o ABSOLUTE
    ../clib/libinit.s                        0x00000000   Number         0  libinit2.o ABSOLUTE
    ../clib/libinit.s                        0x00000000   Number         0  libshutdown.o ABSOLUTE
    ../clib/libinit.s                        0x00000000   Number         0  libshutdown2.o ABSOLUTE
    ../clib/printf.c                         0x00000000   Number         0  noretval__2printf.o ABSOLUTE
    ../clib/printf.c                         0x00000000   Number         0  _printf_hex_ll_ptr.o ABSOLUTE
    ../clib/printf.c                         0x00000000   Number         0  _printf_hex_int_ll_ptr.o ABSOLUTE
    ../clib/printf.c                         0x00000000   Number         0  __printf_flags.o ABSOLUTE
    ../clib/printf.c                         0x00000000   Number         0  __printf_ss.o ABSOLUTE
    ../clib/printf.c                         0x00000000   Number         0  __printf_flags_ss.o ABSOLUTE
    ../clib/printf.c                         0x00000000   Number         0  __printf_wp.o ABSOLUTE
    ../clib/printf.c                         0x00000000   Number         0  __printf_flags_wp.o ABSOLUTE
    ../clib/printf.c                         0x00000000   Number         0  __printf_ss_wp.o ABSOLUTE
    ../clib/printf.c                         0x00000000   Number         0  __printf_flags_ss_wp.o ABSOLUTE
    ../clib/printf.c                         0x00000000   Number         0  _printf_intcommon.o ABSOLUTE
    ../clib/printf.c                         0x00000000   Number         0  _printf_char_file.o ABSOLUTE
    ../clib/printf.c                         0x00000000   Number         0  _printf_char_common.o ABSOLUTE
    ../clib/printf.c                         0x00000000   Number         0  __printf_nopercent.o ABSOLUTE
    ../clib/printf.c                         0x00000000   Number         0  __2printf.o ABSOLUTE
    ../clib/printf.c                         0x00000000   Number         0  __printf.o ABSOLUTE
    ../clib/printf.c                         0x00000000   Number         0  _printf_hex_ll.o ABSOLUTE
    ../clib/printf.c                         0x00000000   Number         0  _printf_hex_int.o ABSOLUTE
    ../clib/printf.c                         0x00000000   Number         0  _printf_hex_int_ll.o ABSOLUTE
    ../clib/printf.c                         0x00000000   Number         0  _printf_hex_ptr.o ABSOLUTE
    ../clib/printf.c                         0x00000000   Number         0  _printf_hex_int_ptr.o ABSOLUTE
    ../clib/printf_percent.s                 0x00000000   Number         0  _printf_x.o ABSOLUTE
    ../clib/printf_percent.s                 0x00000000   Number         0  _printf_percent.o ABSOLUTE
    ../clib/printf_percent.s                 0x00000000   Number         0  _printf_percent_end.o ABSOLUTE
    ../clib/signal.c                         0x00000000   Number         0  defsig_other.o ABSOLUTE
    ../clib/signal.c                         0x00000000   Number         0  defsig_segv_inner.o ABSOLUTE
    ../clib/signal.c                         0x00000000   Number         0  defsig_cppl_inner.o ABSOLUTE
    ../clib/signal.c                         0x00000000   Number         0  defsig_pvfn_inner.o ABSOLUTE
    ../clib/signal.c                         0x00000000   Number         0  defsig_stak_inner.o ABSOLUTE
    ../clib/signal.c                         0x00000000   Number         0  defsig_rtred_inner.o ABSOLUTE
    ../clib/signal.c                         0x00000000   Number         0  defsig_fpe_inner.o ABSOLUTE
    ../clib/signal.c                         0x00000000   Number         0  defsig_abrt_inner.o ABSOLUTE
    ../clib/signal.c                         0x00000000   Number         0  __raise.o ABSOLUTE
    ../clib/signal.c                         0x00000000   Number         0  defsig_rtmem_formal.o ABSOLUTE
    ../clib/signal.c                         0x00000000   Number         0  defsig_rtmem_inner.o ABSOLUTE
    ../clib/signal.c                         0x00000000   Number         0  defsig_exit.o ABSOLUTE
    ../clib/signal.c                         0x00000000   Number         0  defsig_general.o ABSOLUTE
    ../clib/signal.c                         0x00000000   Number         0  defsig_rtmem_outer.o ABSOLUTE
    ../clib/signal.s                         0x00000000   Number         0  defsig.o ABSOLUTE
    ../clib/stdio.c                          0x00000000   Number         0  ferror_locked.o ABSOLUTE
    ../clib/stdio.c                          0x00000000   Number         0  ferror.o ABSOLUTE
    ../clib/stdlib.c                         0x00000000   Number         0  exit.o ABSOLUTE
    ../fplib/fpinit.s                        0x00000000   Number         0  fpinit.o ABSOLUTE
    ..\CORE\core_cm3.c                       0x00000000   Number         0  core_cm3.o ABSOLUTE
    ..\CORE\startup_stm32f10x_hd.s           0x00000000   Number         0  startup_stm32f10x_hd.o ABSOLUTE
    ..\HARDWARE\Appinterface\appInterface.c  0x00000000   Number         0  appinterface.o ABSOLUTE
    ..\HARDWARE\LED\led.c                    0x00000000   Number         0  led.o ABSOLUTE
    ..\STM32F10x_FWLib\src\misc.c            0x00000000   Number         0  misc.o ABSOLUTE
    ..\STM32F10x_FWLib\src\stm32f10x_gpio.c  0x00000000   Number         0  stm32f10x_gpio.o ABSOLUTE
    ..\STM32F10x_FWLib\src\stm32f10x_rcc.c   0x00000000   Number         0  stm32f10x_rcc.o ABSOLUTE
    ..\STM32F10x_FWLib\src\stm32f10x_usart.c 0x00000000   Number         0  stm32f10x_usart.o ABSOLUTE
    ..\SYSTEM\sys\sys.c                      0x00000000   Number         0  sys.o ABSOLUTE
    ..\SYSTEM\usart\usart.c                  0x00000000   Number         0  usart.o ABSOLUTE
    ..\\CORE\\core_cm3.c                     0x00000000   Number         0  core_cm3.o ABSOLUTE
    dc.s                                     0x00000000   Number         0  dc.o ABSOLUTE
    main.c                                   0x00000000   Number         0  main.o ABSOLUTE
    stm32f10x_it.c                           0x00000000   Number         0  stm32f10x_it.o ABSOLUTE
    system_stm32f10x.c                       0x00000000   Number         0  system_stm32f10x.o ABSOLUTE
    RESET                                    0x2000c000   Section      304  startup_stm32f10x_hd.o(RESET)
    !!!main                                  0x2000c130   Section        8  __main.o(!!!main)
    !!!scatter                               0x2000c138   Section       52  __scatter.o(!!!scatter)
    !!handler_copy                           0x2000c16c   Section       26  __scatter_copy.o(!!handler_copy)
    !!handler_zi                             0x2000c188   Section       28  __scatter_zi.o(!!handler_zi)
    .ARM.Collect$$_printf_percent$$00000000  0x2000c1a4   Section        0  _printf_percent.o(.ARM.Collect$$_printf_percent$$00000000)
    .ARM.Collect$$_printf_percent$$0000000C  0x2000c1a4   Section        6  _printf_x.o(.ARM.Collect$$_printf_percent$$0000000C)
    .ARM.Collect$$_printf_percent$$00000017  0x2000c1aa   Section        4  _printf_percent_end.o(.ARM.Collect$$_printf_percent$$00000017)
    .ARM.Collect$$libinit$$00000000          0x2000c1ae   Section        2  libinit.o(.ARM.Collect$$libinit$$00000000)
    .ARM.Collect$$libinit$$00000002          0x2000c1b0   Section        0  libinit2.o(.ARM.Collect$$libinit$$00000002)
    .ARM.Collect$$libinit$$00000008          0x2000c1b0   Section        0  libinit2.o(.ARM.Collect$$libinit$$00000008)
    .ARM.Collect$$libinit$$0000000A          0x2000c1b0   Section        0  libinit2.o(.ARM.Collect$$libinit$$0000000A)
    .ARM.Collect$$libinit$$0000000C          0x2000c1b0   Section        0  libinit2.o(.ARM.Collect$$libinit$$0000000C)
    .ARM.Collect$$libinit$$0000000F          0x2000c1b0   Section        0  libinit2.o(.ARM.Collect$$libinit$$0000000F)
    .ARM.Collect$$libinit$$00000011          0x2000c1b0   Section        0  libinit2.o(.ARM.Collect$$libinit$$00000011)
    .ARM.Collect$$libinit$$00000013          0x2000c1b0   Section        0  libinit2.o(.ARM.Collect$$libinit$$00000013)
    .ARM.Collect$$libinit$$00000015          0x2000c1b0   Section        0  libinit2.o(.ARM.Collect$$libinit$$00000015)
    .ARM.Collect$$libinit$$00000017          0x2000c1b0   Section        0  libinit2.o(.ARM.Collect$$libinit$$00000017)
    .ARM.Collect$$libinit$$00000019          0x2000c1b0   Section        0  libinit2.o(.ARM.Collect$$libinit$$00000019)
    .ARM.Collect$$libinit$$0000001B          0x2000c1b0   Section        0  libinit2.o(.ARM.Collect$$libinit$$0000001B)
    .ARM.Collect$$libinit$$0000001D          0x2000c1b0   Section        0  libinit2.o(.ARM.Collect$$libinit$$0000001D)
    .ARM.Collect$$libinit$$0000001F          0x2000c1b0   Section        0  libinit2.o(.ARM.Collect$$libinit$$0000001F)
    .ARM.Collect$$libinit$$00000021          0x2000c1b0   Section        0  libinit2.o(.ARM.Collect$$libinit$$00000021)
    .ARM.Collect$$libinit$$00000023          0x2000c1b0   Section        0  libinit2.o(.ARM.Collect$$libinit$$00000023)
    .ARM.Collect$$libinit$$0000002A          0x2000c1b0   Section        0  libinit2.o(.ARM.Collect$$libinit$$0000002A)
    .ARM.Collect$$libinit$$0000002C          0x2000c1b0   Section        0  libinit2.o(.ARM.Collect$$libinit$$0000002C)
    .ARM.Collect$$libinit$$0000002E          0x2000c1b0   Section        0  libinit2.o(.ARM.Collect$$libinit$$0000002E)
    .ARM.Collect$$libinit$$00000030          0x2000c1b0   Section        0  libinit2.o(.ARM.Collect$$libinit$$00000030)
    .ARM.Collect$$libinit$$00000031          0x2000c1b0   Section        2  libinit2.o(.ARM.Collect$$libinit$$00000031)
    .ARM.Collect$$libshutdown$$00000000      0x2000c1b2   Section        2  libshutdown.o(.ARM.Collect$$libshutdown$$00000000)
    .ARM.Collect$$libshutdown$$00000003      0x2000c1b4   Section        0  libshutdown2.o(.ARM.Collect$$libshutdown$$00000003)
    .ARM.Collect$$libshutdown$$00000006      0x2000c1b4   Section        0  libshutdown2.o(.ARM.Collect$$libshutdown$$00000006)
    .ARM.Collect$$libshutdown$$00000009      0x2000c1b4   Section        0  libshutdown2.o(.ARM.Collect$$libshutdown$$00000009)
    .ARM.Collect$$libshutdown$$0000000B      0x2000c1b4   Section        0  libshutdown2.o(.ARM.Collect$$libshutdown$$0000000B)
    .ARM.Collect$$libshutdown$$0000000E      0x2000c1b4   Section        0  libshutdown2.o(.ARM.Collect$$libshutdown$$0000000E)
    .ARM.Collect$$libshutdown$$0000000F      0x2000c1b4   Section        2  libshutdown2.o(.ARM.Collect$$libshutdown$$0000000F)
    .ARM.Collect$$rtentry$$00000000          0x2000c1b6   Section        0  rtentry.o(.ARM.Collect$$rtentry$$00000000)
    .ARM.Collect$$rtentry$$00000002          0x2000c1b6   Section        0  rtentry2.o(.ARM.Collect$$rtentry$$00000002)
    .ARM.Collect$$rtentry$$00000004          0x2000c1b6   Section        6  rtentry4.o(.ARM.Collect$$rtentry$$00000004)
    .ARM.Collect$$rtentry$$00000009          0x2000c1bc   Section        0  rtentry2.o(.ARM.Collect$$rtentry$$00000009)
    .ARM.Collect$$rtentry$$0000000A          0x2000c1bc   Section        4  rtentry2.o(.ARM.Collect$$rtentry$$0000000A)
    .ARM.Collect$$rtentry$$0000000C          0x2000c1c0   Section        0  rtentry2.o(.ARM.Collect$$rtentry$$0000000C)
    .ARM.Collect$$rtentry$$0000000D          0x2000c1c0   Section        8  rtentry2.o(.ARM.Collect$$rtentry$$0000000D)
    .ARM.Collect$$rtexit$$00000000           0x2000c1c8   Section        2  rtexit.o(.ARM.Collect$$rtexit$$00000000)
    .ARM.Collect$$rtexit$$00000002           0x2000c1ca   Section        0  rtexit2.o(.ARM.Collect$$rtexit$$00000002)
    .ARM.Collect$$rtexit$$00000003           0x2000c1ca   Section        4  rtexit2.o(.ARM.Collect$$rtexit$$00000003)
    .ARM.Collect$$rtexit$$00000004           0x2000c1ce   Section        6  rtexit2.o(.ARM.Collect$$rtexit$$00000004)
    .text                                    0x2000c1d4   Section        0  main.o(.text)
    .text                                    0x2000c290   Section        0  stm32f10x_it.o(.text)
    .text                                    0x2000c2ac   Section        0  system_stm32f10x.o(.text)
    SetSysClockTo72                          0x2000c2ad   Thumb Code   212  system_stm32f10x.o(.text)
    SetSysClock                              0x2000c381   Thumb Code     8  system_stm32f10x.o(.text)
    .text                                    0x2000c488   Section        0  led.o(.text)
    .text                                    0x2000c4d0   Section        0  usart.o(.text)
    .text                                    0x2000c610   Section       64  startup_stm32f10x_hd.o(.text)
    .text                                    0x2000c650   Section        0  stm32f10x_gpio.o(.text)
    .text                                    0x2000c9a8   Section        0  stm32f10x_rcc.o(.text)
    .text                                    0x2000cd4c   Section        0  stm32f10x_usart.o(.text)
    .text                                    0x2000d154   Section        0  misc.o(.text)
    .text                                    0x2000d230   Section        0  appinterface.o(.text)
    .text                                    0x2000d3cc   Section        2  use_no_semi_2.o(.text)
    .text                                    0x2000d3d0   Section        0  noretval__2printf.o(.text)
    .text                                    0x2000d3e8   Section        0  __printf.o(.text)
    .text                                    0x2000d450   Section        0  _printf_hex_int.o(.text)
    .text                                    0x2000d4ac   Section        0  heapauxi.o(.text)
    .text                                    0x2000d4b2   Section        2  use_no_semi.o(.text)
    .text                                    0x2000d4b4   Section        0  _printf_intcommon.o(.text)
    .text                                    0x2000d56c   Section        0  _printf_char_file.o(.text)
    .text                                    0x2000d590   Section        0  _printf_char_common.o(.text)
    _printf_input_char                       0x2000d591   Thumb Code    10  _printf_char_common.o(.text)
    .text                                    0x2000d5c0   Section        0  ferror.o(.text)
    .text                                    0x2000d5c8   Section       74  sys_stackheap_outer.o(.text)
    .text                                    0x2000d612   Section        0  exit.o(.text)
    .text                                    0x2000d620   Section        8  libspace.o(.text)
    .constdata                               0x2000d628   Section       71  appinterface.o(.constdata)
    .constdata                               0x2000d66f   Section       40  _printf_hex_int.o(.constdata)
    uc_hextab                                0x2000d66f   Data          20  _printf_hex_int.o(.constdata)
    lc_hextab                                0x2000d683   Data          20  _printf_hex_int.o(.constdata)
    .data                                    0x2000f000   Section       20  system_stm32f10x.o(.data)
    .data                                    0x2000f014   Section        8  usart.o(.data)
    .data                                    0x2000f01c   Section       20  stm32f10x_rcc.o(.data)
    APBAHBPrescTable                         0x2000f01c   Data          16  stm32f10x_rcc.o(.data)
    ADCPrescTable                            0x2000f02c   Data           4  stm32f10x_rcc.o(.data)
    .data                                    0x2000f030   Section      112  appinterface.o(.data)
    .bss                                     0x2000f0a0   Section      200  usart.o(.bss)
    .bss                                     0x2000f168   Section       96  libspace.o(.bss)
    HEAP                                     0x2000f1c8   Section      512  startup_stm32f10x_hd.o(HEAP)
    Heap_Mem                                 0x2000f1c8   Data         512  startup_stm32f10x_hd.o(HEAP)
    STACK                                    0x2000f3c8   Section     1024  startup_stm32f10x_hd.o(STACK)
    Stack_Mem                                0x2000f3c8   Data        1024  startup_stm32f10x_hd.o(STACK)

    Global Symbols

    Symbol Name                              Value     Ov Type        Size  Object(Section)

    BuildAttributes$$THM_ISAv4$P$D$K$B$S$PE$A:L22UL41UL21$X:L11$S22US41US21$IEEE1$IW$USESV6$~STKCKD$USESV7$~SHL$OSPACE$ROPI$EBA8$UX$STANDARDLIB$REQ8$PRES8$EABIv2 0x00000000   Number         0  anon$$obj.o ABSOLUTE
    __ARM_use_no_argv                        0x00000000   Number         0  main.o ABSOLUTE
    __ARM_exceptions_init                     - Undefined Weak Reference
    __alloca_initialize                       - Undefined Weak Reference
    __cpp_initialize__aeabi_                  - Undefined Weak Reference
    __cxa_finalize                            - Undefined Weak Reference
    __rt_locale                               - Undefined Weak Reference
    __sigvec_lookup                           - Undefined Weak Reference
    _atexit_init                              - Undefined Weak Reference
    _call_atexit_fns                          - Undefined Weak Reference
    _clock_init                               - Undefined Weak Reference
    _fp_trap_init                             - Undefined Weak Reference
    _fp_trap_shutdown                         - Undefined Weak Reference
    _get_lc_collate                           - Undefined Weak Reference
    _get_lc_ctype                             - Undefined Weak Reference
    _get_lc_monetary                          - Undefined Weak Reference
    _get_lc_numeric                           - Undefined Weak Reference
    _get_lc_time                              - Undefined Weak Reference
    _getenv_init                              - Undefined Weak Reference
    _handle_redirection                       - Undefined Weak Reference
    _init_alloc                               - Undefined Weak Reference
    _init_user_alloc                          - Undefined Weak Reference
    _initio                                   - Undefined Weak Reference
    _mutex_acquire                            - Undefined Weak Reference
    _mutex_release                            - Undefined Weak Reference
    _printf_post_padding                      - Undefined Weak Reference
    _printf_pre_padding                       - Undefined Weak Reference
    _printf_truncate_unsigned                 - Undefined Weak Reference
    _rand_init                                - Undefined Weak Reference
    _signal_finish                            - Undefined Weak Reference
    _signal_init                              - Undefined Weak Reference
    _terminate_alloc                          - Undefined Weak Reference
    _terminate_user_alloc                     - Undefined Weak Reference
    _terminateio                              - Undefined Weak Reference
    __Vectors_Size                           0x00000130   Number         0  startup_stm32f10x_hd.o ABSOLUTE
    __Vectors                                0x2000c000   Data           4  startup_stm32f10x_hd.o(RESET)
    __Vectors_End                            0x2000c130   Data           0  startup_stm32f10x_hd.o(RESET)
    __main                                   0x2000c131   Thumb Code     8  __main.o(!!!main)
    __scatterload                            0x2000c139   Thumb Code     0  __scatter.o(!!!scatter)
    __scatterload_rt2                        0x2000c139   Thumb Code    44  __scatter.o(!!!scatter)
    __scatterload_rt2_thumb_only             0x2000c139   Thumb Code     0  __scatter.o(!!!scatter)
    __scatterload_null                       0x2000c147   Thumb Code     0  __scatter.o(!!!scatter)
    __scatterload_copy                       0x2000c16d   Thumb Code    26  __scatter_copy.o(!!handler_copy)
    __scatterload_zeroinit                   0x2000c189   Thumb Code    28  __scatter_zi.o(!!handler_zi)
    _printf_percent                          0x2000c1a5   Thumb Code     0  _printf_percent.o(.ARM.Collect$$_printf_percent$$00000000)
    _printf_x                                0x2000c1a5   Thumb Code     0  _printf_x.o(.ARM.Collect$$_printf_percent$$0000000C)
    _printf_percent_end                      0x2000c1ab   Thumb Code     0  _printf_percent_end.o(.ARM.Collect$$_printf_percent$$00000017)
    __rt_lib_init                            0x2000c1af   Thumb Code     0  libinit.o(.ARM.Collect$$libinit$$00000000)
    __rt_lib_init_alloca_1                   0x2000c1b1   Thumb Code     0  libinit2.o(.ARM.Collect$$libinit$$0000002C)
    __rt_lib_init_argv_1                     0x2000c1b1   Thumb Code     0  libinit2.o(.ARM.Collect$$libinit$$0000002A)
    __rt_lib_init_atexit_1                   0x2000c1b1   Thumb Code     0  libinit2.o(.ARM.Collect$$libinit$$00000019)
    __rt_lib_init_clock_1                    0x2000c1b1   Thumb Code     0  libinit2.o(.ARM.Collect$$libinit$$0000001F)
    __rt_lib_init_cpp_1                      0x2000c1b1   Thumb Code     0  libinit2.o(.ARM.Collect$$libinit$$00000030)
    __rt_lib_init_exceptions_1               0x2000c1b1   Thumb Code     0  libinit2.o(.ARM.Collect$$libinit$$0000002E)
    __rt_lib_init_fp_1                       0x2000c1b1   Thumb Code     0  libinit2.o(.ARM.Collect$$libinit$$00000002)
    __rt_lib_init_fp_trap_1                  0x2000c1b1   Thumb Code     0  libinit2.o(.ARM.Collect$$libinit$$0000001D)
    __rt_lib_init_getenv_1                   0x2000c1b1   Thumb Code     0  libinit2.o(.ARM.Collect$$libinit$$00000021)
    __rt_lib_init_heap_1                     0x2000c1b1   Thumb Code     0  libinit2.o(.ARM.Collect$$libinit$$00000008)
    __rt_lib_init_lc_collate_1               0x2000c1b1   Thumb Code     0  libinit2.o(.ARM.Collect$$libinit$$0000000F)
    __rt_lib_init_lc_ctype_1                 0x2000c1b1   Thumb Code     0  libinit2.o(.ARM.Collect$$libinit$$00000011)
    __rt_lib_init_lc_monetary_1              0x2000c1b1   Thumb Code     0  libinit2.o(.ARM.Collect$$libinit$$00000013)
    __rt_lib_init_lc_numeric_1               0x2000c1b1   Thumb Code     0  libinit2.o(.ARM.Collect$$libinit$$00000015)
    __rt_lib_init_lc_time_1                  0x2000c1b1   Thumb Code     0  libinit2.o(.ARM.Collect$$libinit$$00000017)
    __rt_lib_init_rand_1                     0x2000c1b1   Thumb Code     0  libinit2.o(.ARM.Collect$$libinit$$0000000C)
    __rt_lib_init_return                     0x2000c1b1   Thumb Code     0  libinit2.o(.ARM.Collect$$libinit$$00000031)
    __rt_lib_init_signal_1                   0x2000c1b1   Thumb Code     0  libinit2.o(.ARM.Collect$$libinit$$0000001B)
    __rt_lib_init_stdio_1                    0x2000c1b1   Thumb Code     0  libinit2.o(.ARM.Collect$$libinit$$00000023)
    __rt_lib_init_user_alloc_1               0x2000c1b1   Thumb Code     0  libinit2.o(.ARM.Collect$$libinit$$0000000A)
    __rt_lib_shutdown                        0x2000c1b3   Thumb Code     0  libshutdown.o(.ARM.Collect$$libshutdown$$00000000)
    __rt_lib_shutdown_fp_trap_1              0x2000c1b5   Thumb Code     0  libshutdown2.o(.ARM.Collect$$libshutdown$$00000006)
    __rt_lib_shutdown_heap_1                 0x2000c1b5   Thumb Code     0  libshutdown2.o(.ARM.Collect$$libshutdown$$0000000E)
    __rt_lib_shutdown_return                 0x2000c1b5   Thumb Code     0  libshutdown2.o(.ARM.Collect$$libshutdown$$0000000F)
    __rt_lib_shutdown_signal_1               0x2000c1b5   Thumb Code     0  libshutdown2.o(.ARM.Collect$$libshutdown$$00000009)
    __rt_lib_shutdown_stdio_1                0x2000c1b5   Thumb Code     0  libshutdown2.o(.ARM.Collect$$libshutdown$$00000003)
    __rt_lib_shutdown_user_alloc_1           0x2000c1b5   Thumb Code     0  libshutdown2.o(.ARM.Collect$$libshutdown$$0000000B)
    __rt_entry                               0x2000c1b7   Thumb Code     0  rtentry.o(.ARM.Collect$$rtentry$$00000000)
    __rt_entry_presh_1                       0x2000c1b7   Thumb Code     0  rtentry2.o(.ARM.Collect$$rtentry$$00000002)
    __rt_entry_sh                            0x2000c1b7   Thumb Code     0  rtentry4.o(.ARM.Collect$$rtentry$$00000004)
    __rt_entry_li                            0x2000c1bd   Thumb Code     0  rtentry2.o(.ARM.Collect$$rtentry$$0000000A)
    __rt_entry_postsh_1                      0x2000c1bd   Thumb Code     0  rtentry2.o(.ARM.Collect$$rtentry$$00000009)
    __rt_entry_main                          0x2000c1c1   Thumb Code     0  rtentry2.o(.ARM.Collect$$rtentry$$0000000D)
    __rt_entry_postli_1                      0x2000c1c1   Thumb Code     0  rtentry2.o(.ARM.Collect$$rtentry$$0000000C)
    __rt_exit                                0x2000c1c9   Thumb Code     0  rtexit.o(.ARM.Collect$$rtexit$$00000000)
    __rt_exit_ls                             0x2000c1cb   Thumb Code     0  rtexit2.o(.ARM.Collect$$rtexit$$00000003)
    __rt_exit_prels_1                        0x2000c1cb   Thumb Code     0  rtexit2.o(.ARM.Collect$$rtexit$$00000002)
    __rt_exit_exit                           0x2000c1cf   Thumb Code     0  rtexit2.o(.ARM.Collect$$rtexit$$00000004)
    led_flash                                0x2000c1d5   Thumb Code    62  main.o(.text)
    main                                     0x2000c213   Thumb Code    58  main.o(.text)
    APPmain                                  0x2000c24d   Thumb Code    56  main.o(.text)
    NMI_Handler                              0x2000c291   Thumb Code     2  stm32f10x_it.o(.text)
    HardFault_Handler                        0x2000c293   Thumb Code     4  stm32f10x_it.o(.text)
    MemManage_Handler                        0x2000c297   Thumb Code     4  stm32f10x_it.o(.text)
    BusFault_Handler                         0x2000c29b   Thumb Code     4  stm32f10x_it.o(.text)
    UsageFault_Handler                       0x2000c29f   Thumb Code     4  stm32f10x_it.o(.text)
    SVC_Handler                              0x2000c2a3   Thumb Code     2  stm32f10x_it.o(.text)
    DebugMon_Handler                         0x2000c2a5   Thumb Code     2  stm32f10x_it.o(.text)
    PendSV_Handler                           0x2000c2a7   Thumb Code     2  stm32f10x_it.o(.text)
    SysTick_Handler                          0x2000c2a9   Thumb Code     2  stm32f10x_it.o(.text)
    SystemInit                               0x2000c389   Thumb Code    78  system_stm32f10x.o(.text)
    SystemCoreClockUpdate                    0x2000c3d7   Thumb Code   142  system_stm32f10x.o(.text)
    LED_Init                                 0x2000c489   Thumb Code    62  led.o(.text)
    _sys_exit                                0x2000c4d1   Thumb Code     4  usart.o(.text)
    fputc                                    0x2000c4d5   Thumb Code    22  usart.o(.text)
    uart_init                                0x2000c4eb   Thumb Code   152  usart.o(.text)
    USART1_IRQHandler                        0x2000c583   Thumb Code   122  usart.o(.text)
    Reset_Handler                            0x2000c611   Thumb Code     8  startup_stm32f10x_hd.o(.text)
    ADC1_2_IRQHandler                        0x2000c62b   Thumb Code     0  startup_stm32f10x_hd.o(.text)
    ADC3_IRQHandler                          0x2000c62b   Thumb Code     0  startup_stm32f10x_hd.o(.text)
    CAN1_RX1_IRQHandler                      0x2000c62b   Thumb Code     0  startup_stm32f10x_hd.o(.text)
    CAN1_SCE_IRQHandler                      0x2000c62b   Thumb Code     0  startup_stm32f10x_hd.o(.text)
    DMA1_Channel1_IRQHandler                 0x2000c62b   Thumb Code     0  startup_stm32f10x_hd.o(.text)
    DMA1_Channel2_IRQHandler                 0x2000c62b   Thumb Code     0  startup_stm32f10x_hd.o(.text)
    DMA1_Channel3_IRQHandler                 0x2000c62b   Thumb Code     0  startup_stm32f10x_hd.o(.text)
    DMA1_Channel4_IRQHandler                 0x2000c62b   Thumb Code     0  startup_stm32f10x_hd.o(.text)
    DMA1_Channel5_IRQHandler                 0x2000c62b   Thumb Code     0  startup_stm32f10x_hd.o(.text)
    DMA1_Channel6_IRQHandler                 0x2000c62b   Thumb Code     0  startup_stm32f10x_hd.o(.text)
    DMA1_Channel7_IRQHandler                 0x2000c62b   Thumb Code     0  startup_stm32f10x_hd.o(.text)
    DMA2_Channel1_IRQHandler                 0x2000c62b   Thumb Code     0  startup_stm32f10x_hd.o(.text)
    DMA2_Channel2_IRQHandler                 0x2000c62b   Thumb Code     0  startup_stm32f10x_hd.o(.text)
    DMA2_Channel3_IRQHandler                 0x2000c62b   Thumb Code     0  startup_stm32f10x_hd.o(.text)
    DMA2_Channel4_5_IRQHandler               0x2000c62b   Thumb Code     0  startup_stm32f10x_hd.o(.text)
    EXTI0_IRQHandler                         0x2000c62b   Thumb Code     0  startup_stm32f10x_hd.o(.text)
    EXTI15_10_IRQHandler                     0x2000c62b   Thumb Code     0  startup_stm32f10x_hd.o(.text)
    EXTI1_IRQHandler                         0x2000c62b   Thumb Code     0  startup_stm32f10x_hd.o(.text)
    EXTI2_IRQHandler                         0x2000c62b   Thumb Code     0  startup_stm32f10x_hd.o(.text)
    EXTI3_IRQHandler                         0x2000c62b   Thumb Code     0  startup_stm32f10x_hd.o(.text)
    EXTI4_IRQHandler                         0x2000c62b   Thumb Code     0  startup_stm32f10x_hd.o(.text)
    EXTI9_5_IRQHandler                       0x2000c62b   Thumb Code     0  startup_stm32f10x_hd.o(.text)
    FLASH_IRQHandler                         0x2000c62b   Thumb Code     0  startup_stm32f10x_hd.o(.text)
    FSMC_IRQHandler                          0x2000c62b   Thumb Code     0  startup_stm32f10x_hd.o(.text)
    I2C1_ER_IRQHandler                       0x2000c62b   Thumb Code     0  startup_stm32f10x_hd.o(.text)
    I2C1_EV_IRQHandler                       0x2000c62b   Thumb Code     0  startup_stm32f10x_hd.o(.text)
    I2C2_ER_IRQHandler                       0x2000c62b   Thumb Code     0  startup_stm32f10x_hd.o(.text)
    I2C2_EV_IRQHandler                       0x2000c62b   Thumb Code     0  startup_stm32f10x_hd.o(.text)
    PVD_IRQHandler                           0x2000c62b   Thumb Code     0  startup_stm32f10x_hd.o(.text)
    RCC_IRQHandler                           0x2000c62b   Thumb Code     0  startup_stm32f10x_hd.o(.text)
    RTCAlarm_IRQHandler                      0x2000c62b   Thumb Code     0  startup_stm32f10x_hd.o(.text)
    RTC_IRQHandler                           0x2000c62b   Thumb Code     0  startup_stm32f10x_hd.o(.text)
    SDIO_IRQHandler                          0x2000c62b   Thumb Code     0  startup_stm32f10x_hd.o(.text)
    SPI1_IRQHandler                          0x2000c62b   Thumb Code     0  startup_stm32f10x_hd.o(.text)
    SPI2_IRQHandler                          0x2000c62b   Thumb Code     0  startup_stm32f10x_hd.o(.text)
    SPI3_IRQHandler                          0x2000c62b   Thumb Code     0  startup_stm32f10x_hd.o(.text)
    TAMPER_IRQHandler                        0x2000c62b   Thumb Code     0  startup_stm32f10x_hd.o(.text)
    TIM1_BRK_IRQHandler                      0x2000c62b   Thumb Code     0  startup_stm32f10x_hd.o(.text)
    TIM1_CC_IRQHandler                       0x2000c62b   Thumb Code     0  startup_stm32f10x_hd.o(.text)
    TIM1_TRG_COM_IRQHandler                  0x2000c62b   Thumb Code     0  startup_stm32f10x_hd.o(.text)
    TIM1_UP_IRQHandler                       0x2000c62b   Thumb Code     0  startup_stm32f10x_hd.o(.text)
    TIM2_IRQHandler                          0x2000c62b   Thumb Code     0  startup_stm32f10x_hd.o(.text)
    TIM3_IRQHandler                          0x2000c62b   Thumb Code     0  startup_stm32f10x_hd.o(.text)
    TIM4_IRQHandler                          0x2000c62b   Thumb Code     0  startup_stm32f10x_hd.o(.text)
    TIM5_IRQHandler                          0x2000c62b   Thumb Code     0  startup_stm32f10x_hd.o(.text)
    TIM6_IRQHandler                          0x2000c62b   Thumb Code     0  startup_stm32f10x_hd.o(.text)
    TIM7_IRQHandler                          0x2000c62b   Thumb Code     0  startup_stm32f10x_hd.o(.text)
    TIM8_BRK_IRQHandler                      0x2000c62b   Thumb Code     0  startup_stm32f10x_hd.o(.text)
    TIM8_CC_IRQHandler                       0x2000c62b   Thumb Code     0  startup_stm32f10x_hd.o(.text)
    TIM8_TRG_COM_IRQHandler                  0x2000c62b   Thumb Code     0  startup_stm32f10x_hd.o(.text)
    TIM8_UP_IRQHandler                       0x2000c62b   Thumb Code     0  startup_stm32f10x_hd.o(.text)
    UART4_IRQHandler                         0x2000c62b   Thumb Code     0  startup_stm32f10x_hd.o(.text)
    UART5_IRQHandler                         0x2000c62b   Thumb Code     0  startup_stm32f10x_hd.o(.text)
    USART2_IRQHandler                        0x2000c62b   Thumb Code     0  startup_stm32f10x_hd.o(.text)
    USART3_IRQHandler                        0x2000c62b   Thumb Code     0  startup_stm32f10x_hd.o(.text)
    USBWakeUp_IRQHandler                     0x2000c62b   Thumb Code     0  startup_stm32f10x_hd.o(.text)
    USB_HP_CAN1_TX_IRQHandler                0x2000c62b   Thumb Code     0  startup_stm32f10x_hd.o(.text)
    USB_LP_CAN1_RX0_IRQHandler               0x2000c62b   Thumb Code     0  startup_stm32f10x_hd.o(.text)
    WWDG_IRQHandler                          0x2000c62b   Thumb Code     0  startup_stm32f10x_hd.o(.text)
    __user_initial_stackheap                 0x2000c62d   Thumb Code     0  startup_stm32f10x_hd.o(.text)
    GPIO_DeInit                              0x2000c651   Thumb Code   172  stm32f10x_gpio.o(.text)
    GPIO_AFIODeInit                          0x2000c6fd   Thumb Code    20  stm32f10x_gpio.o(.text)
    GPIO_Init                                0x2000c711   Thumb Code   274  stm32f10x_gpio.o(.text)
    GPIO_StructInit                          0x2000c823   Thumb Code    16  stm32f10x_gpio.o(.text)
    GPIO_ReadInputDataBit                    0x2000c833   Thumb Code    18  stm32f10x_gpio.o(.text)
    GPIO_ReadInputData                       0x2000c845   Thumb Code     8  stm32f10x_gpio.o(.text)
    GPIO_ReadOutputDataBit                   0x2000c84d   Thumb Code    18  stm32f10x_gpio.o(.text)
    GPIO_ReadOutputData                      0x2000c85f   Thumb Code     8  stm32f10x_gpio.o(.text)
    GPIO_SetBits                             0x2000c867   Thumb Code     4  stm32f10x_gpio.o(.text)
    GPIO_ResetBits                           0x2000c86b   Thumb Code     4  stm32f10x_gpio.o(.text)
    GPIO_WriteBit                            0x2000c86f   Thumb Code    10  stm32f10x_gpio.o(.text)
    GPIO_Write                               0x2000c879   Thumb Code     4  stm32f10x_gpio.o(.text)
    GPIO_PinLockConfig                       0x2000c87d   Thumb Code    18  stm32f10x_gpio.o(.text)
    GPIO_EventOutputConfig                   0x2000c88f   Thumb Code    26  stm32f10x_gpio.o(.text)
    GPIO_EventOutputCmd                      0x2000c8a9   Thumb Code     6  stm32f10x_gpio.o(.text)
    GPIO_PinRemapConfig                      0x2000c8af   Thumb Code   138  stm32f10x_gpio.o(.text)
    GPIO_EXTILineConfig                      0x2000c939   Thumb Code    66  stm32f10x_gpio.o(.text)
    GPIO_ETH_MediaInterfaceConfig            0x2000c97b   Thumb Code     6  stm32f10x_gpio.o(.text)
    RCC_DeInit                               0x2000c9a9   Thumb Code    64  stm32f10x_rcc.o(.text)
    RCC_HSEConfig                            0x2000c9e9   Thumb Code    70  stm32f10x_rcc.o(.text)
    RCC_GetFlagStatus                        0x2000ca2f   Thumb Code    56  stm32f10x_rcc.o(.text)
    RCC_WaitForHSEStartUp                    0x2000ca67   Thumb Code    56  stm32f10x_rcc.o(.text)
    RCC_AdjustHSICalibrationValue            0x2000ca9f   Thumb Code    20  stm32f10x_rcc.o(.text)
    RCC_HSICmd                               0x2000cab3   Thumb Code     6  stm32f10x_rcc.o(.text)
    RCC_PLLConfig                            0x2000cab9   Thumb Code    24  stm32f10x_rcc.o(.text)
    RCC_PLLCmd                               0x2000cad1   Thumb Code     6  stm32f10x_rcc.o(.text)
    RCC_SYSCLKConfig                         0x2000cad7   Thumb Code    18  stm32f10x_rcc.o(.text)
    RCC_GetSYSCLKSource                      0x2000cae9   Thumb Code    10  stm32f10x_rcc.o(.text)
    RCC_HCLKConfig                           0x2000caf3   Thumb Code    18  stm32f10x_rcc.o(.text)
    RCC_PCLK1Config                          0x2000cb05   Thumb Code    18  stm32f10x_rcc.o(.text)
    RCC_PCLK2Config                          0x2000cb17   Thumb Code    20  stm32f10x_rcc.o(.text)
    RCC_ITConfig                             0x2000cb2b   Thumb Code    26  stm32f10x_rcc.o(.text)
    RCC_USBCLKConfig                         0x2000cb45   Thumb Code     6  stm32f10x_rcc.o(.text)
    RCC_ADCCLKConfig                         0x2000cb4b   Thumb Code    18  stm32f10x_rcc.o(.text)
    RCC_LSEConfig                            0x2000cb5d   Thumb Code    44  stm32f10x_rcc.o(.text)
    RCC_LSICmd                               0x2000cb89   Thumb Code     6  stm32f10x_rcc.o(.text)
    RCC_RTCCLKConfig                         0x2000cb8f   Thumb Code    12  stm32f10x_rcc.o(.text)
    RCC_RTCCLKCmd                            0x2000cb9b   Thumb Code     8  stm32f10x_rcc.o(.text)
    RCC_GetClocksFreq                        0x2000cba3   Thumb Code   192  stm32f10x_rcc.o(.text)
    RCC_AHBPeriphClockCmd                    0x2000cc63   Thumb Code    26  stm32f10x_rcc.o(.text)
    RCC_APB2PeriphClockCmd                   0x2000cc7d   Thumb Code    26  stm32f10x_rcc.o(.text)
    RCC_APB1PeriphClockCmd                   0x2000cc97   Thumb Code    26  stm32f10x_rcc.o(.text)
    RCC_APB2PeriphResetCmd                   0x2000ccb1   Thumb Code    26  stm32f10x_rcc.o(.text)
    RCC_APB1PeriphResetCmd                   0x2000cccb   Thumb Code    26  stm32f10x_rcc.o(.text)
    RCC_BackupResetCmd                       0x2000cce5   Thumb Code     8  stm32f10x_rcc.o(.text)
    RCC_ClockSecuritySystemCmd               0x2000cced   Thumb Code     6  stm32f10x_rcc.o(.text)
    RCC_MCOConfig                            0x2000ccf3   Thumb Code     6  stm32f10x_rcc.o(.text)
    RCC_ClearFlag                            0x2000ccf9   Thumb Code    14  stm32f10x_rcc.o(.text)
    RCC_GetITStatus                          0x2000cd07   Thumb Code    20  stm32f10x_rcc.o(.text)
    RCC_ClearITPendingBit                    0x2000cd1b   Thumb Code     6  stm32f10x_rcc.o(.text)
    USART_DeInit                             0x2000cd4d   Thumb Code   134  stm32f10x_usart.o(.text)
    USART_Init                               0x2000cdd3   Thumb Code   210  stm32f10x_usart.o(.text)
    USART_StructInit                         0x2000cea5   Thumb Code    24  stm32f10x_usart.o(.text)
    USART_ClockInit                          0x2000cebd   Thumb Code    34  stm32f10x_usart.o(.text)
    USART_ClockStructInit                    0x2000cedf   Thumb Code    12  stm32f10x_usart.o(.text)
    USART_Cmd                                0x2000ceeb   Thumb Code    24  stm32f10x_usart.o(.text)
    USART_ITConfig                           0x2000cf03   Thumb Code    74  stm32f10x_usart.o(.text)
    USART_DMACmd                             0x2000cf4d   Thumb Code    18  stm32f10x_usart.o(.text)
    USART_SetAddress                         0x2000cf5f   Thumb Code    18  stm32f10x_usart.o(.text)
    USART_WakeUpConfig                       0x2000cf71   Thumb Code    18  stm32f10x_usart.o(.text)
    USART_ReceiverWakeUpCmd                  0x2000cf83   Thumb Code    24  stm32f10x_usart.o(.text)
    USART_LINBreakDetectLengthConfig         0x2000cf9b   Thumb Code    18  stm32f10x_usart.o(.text)
    USART_LINCmd                             0x2000cfad   Thumb Code    24  stm32f10x_usart.o(.text)
    USART_SendData                           0x2000cfc5   Thumb Code     8  stm32f10x_usart.o(.text)
    USART_ReceiveData                        0x2000cfcd   Thumb Code    10  stm32f10x_usart.o(.text)
    USART_SendBreak                          0x2000cfd7   Thumb Code    10  stm32f10x_usart.o(.text)
    USART_SetGuardTime                       0x2000cfe1   Thumb Code    16  stm32f10x_usart.o(.text)
    USART_SetPrescaler                       0x2000cff1   Thumb Code    16  stm32f10x_usart.o(.text)
    USART_SmartCardCmd                       0x2000d001   Thumb Code    24  stm32f10x_usart.o(.text)
    USART_SmartCardNACKCmd                   0x2000d019   Thumb Code    24  stm32f10x_usart.o(.text)
    USART_HalfDuplexCmd                      0x2000d031   Thumb Code    24  stm32f10x_usart.o(.text)
    USART_OverSampling8Cmd                   0x2000d049   Thumb Code    22  stm32f10x_usart.o(.text)
    USART_OneBitMethodCmd                    0x2000d05f   Thumb Code    24  stm32f10x_usart.o(.text)
    USART_IrDAConfig                         0x2000d077   Thumb Code    18  stm32f10x_usart.o(.text)
    USART_IrDACmd                            0x2000d089   Thumb Code    24  stm32f10x_usart.o(.text)
    USART_GetFlagStatus                      0x2000d0a1   Thumb Code    26  stm32f10x_usart.o(.text)
    USART_ClearFlag                          0x2000d0bb   Thumb Code    18  stm32f10x_usart.o(.text)
    USART_GetITStatus                        0x2000d0cd   Thumb Code    84  stm32f10x_usart.o(.text)
    USART_ClearITPendingBit                  0x2000d121   Thumb Code    52  stm32f10x_usart.o(.text)
    NVIC_PriorityGroupConfig                 0x2000d155   Thumb Code    10  misc.o(.text)
    NVIC_Init                                0x2000d15f   Thumb Code   102  misc.o(.text)
    NVIC_SetVectorTable                      0x2000d1c5   Thumb Code    14  misc.o(.text)
    NVIC_SystemLPConfig                      0x2000d1d3   Thumb Code    34  misc.o(.text)
    SysTick_CLKSourceConfig                  0x2000d1f5   Thumb Code    40  misc.o(.text)
    load_interface                           0x2000d231   Thumb Code   282  appinterface.o(.text)
    __use_no_semihosting                     0x2000d3cd   Thumb Code     2  use_no_semi_2.o(.text)
    __2printf                                0x2000d3d1   Thumb Code    20  noretval__2printf.o(.text)
    __printf                                 0x2000d3e9   Thumb Code   104  __printf.o(.text)
    _printf_int_hex                          0x2000d451   Thumb Code    88  _printf_hex_int.o(.text)
    _printf_longlong_hex                     0x2000d451   Thumb Code     0  _printf_hex_int.o(.text)
    __use_two_region_memory                  0x2000d4ad   Thumb Code     2  heapauxi.o(.text)
    __rt_heap_escrow$2region                 0x2000d4af   Thumb Code     2  heapauxi.o(.text)
    __rt_heap_expand$2region                 0x2000d4b1   Thumb Code     2  heapauxi.o(.text)
    __I$use$semihosting                      0x2000d4b3   Thumb Code     0  use_no_semi.o(.text)
    __use_no_semihosting_swi                 0x2000d4b3   Thumb Code     2  use_no_semi.o(.text)
    _printf_int_common                       0x2000d4b5   Thumb Code   184  _printf_intcommon.o(.text)
    _printf_char_file                        0x2000d56d   Thumb Code    32  _printf_char_file.o(.text)
    _printf_char_common                      0x2000d59b   Thumb Code    32  _printf_char_common.o(.text)
    ferror                                   0x2000d5c1   Thumb Code     8  ferror.o(.text)
    __user_setup_stackheap                   0x2000d5c9   Thumb Code    74  sys_stackheap_outer.o(.text)
    exit                                     0x2000d613   Thumb Code    12  exit.o(.text)
    __user_libspace                          0x2000d621   Thumb Code     8  libspace.o(.text)
    __user_perproc_libspace                  0x2000d621   Thumb Code     0  libspace.o(.text)
    __user_perthread_libspace                0x2000d621   Thumb Code     0  libspace.o(.text)
    Region$$Table$$Base                      0x2000d698   Number         0  anon$$obj.o(Region$$Table)
    Region$$Table$$Limit                     0x2000d6b8   Number         0  anon$$obj.o(Region$$Table)
    SystemCoreClock                          0x2000f000   Data           4  system_stm32f10x.o(.data)
    AHBPrescTable                            0x2000f004   Data          16  system_stm32f10x.o(.data)
    USART_RX_STA                             0x2000f014   Data           2  usart.o(.data)
    __stdout                                 0x2000f018   Data           4  usart.o(.data)
    IAP_W25QXX_Init                          0x2000f030   Data           4  appinterface.o(.data)
    addr_interface                           0x2000f034   Data           4  appinterface.o(.data)
    printff                                  0x2000f038   Data           4  appinterface.o(.data)
    delay_ms                                 0x2000f03c   Data           4  appinterface.o(.data)
    delay_us                                 0x2000f040   Data           4  appinterface.o(.data)
    Delay_ms                                 0x2000f044   Data           4  appinterface.o(.data)
    Delay_us                                 0x2000f048   Data           4  appinterface.o(.data)
    mymemset                                 0x2000f04c   Data           4  appinterface.o(.data)
    mymemcpy                                 0x2000f050   Data           4  appinterface.o(.data)
    mem_init                                 0x2000f054   Data           4  appinterface.o(.data)
    mem_malloc                               0x2000f058   Data           4  appinterface.o(.data)
    mem_free                                 0x2000f05c   Data           4  appinterface.o(.data)
    mem_perused                              0x2000f060   Data           4  appinterface.o(.data)
    myfree                                   0x2000f064   Data           4  appinterface.o(.data)
    mymalloc                                 0x2000f068   Data           4  appinterface.o(.data)
    myrealloc                                0x2000f06c   Data           4  appinterface.o(.data)
    IIC_Init                                 0x2000f070   Data           4  appinterface.o(.data)
    IIC_Start                                0x2000f074   Data           4  appinterface.o(.data)
    IIC_Stop                                 0x2000f078   Data           4  appinterface.o(.data)
    IIC_Send_Byte                            0x2000f07c   Data           4  appinterface.o(.data)
    IIC_Read_Byte                            0x2000f080   Data           4  appinterface.o(.data)
    IIC_Wait_Ack                             0x2000f084   Data           4  appinterface.o(.data)
    IIC_Ack                                  0x2000f088   Data           4  appinterface.o(.data)
    IIC_NAck                                 0x2000f08c   Data           4  appinterface.o(.data)
    Set_Voutp                                0x2000f090   Data           4  appinterface.o(.data)
    Set_Voutn                                0x2000f094   Data           4  appinterface.o(.data)
    Voutp_Upfirst                            0x2000f098   Data           4  appinterface.o(.data)
    LM36923_Init                             0x2000f09c   Data           4  appinterface.o(.data)
    USART_RX_BUF                             0x2000f0a0   Data         200  usart.o(.bss)
    __libspace_start                         0x2000f168   Data          96  libspace.o(.bss)
    __temporary_stack_top$libspace           0x2000f1c8   Data           0  libspace.o(.bss)



==============================================================================

Memory Map of the image

  Image Entry point : 0x2000c131

  Load Region LR_IROM1 (Base: 0x2000c000, Size: 0x00001758, Max: 0x00003000, ABSOLUTE)

    Execution Region ER_IROM1 (Base: 0x2000c000, Size: 0x000016b8, Max: 0x00003000, ABSOLUTE)

    Base Addr    Size         Type   Attr      Idx    E Section Name        Object

    0x2000c000   0x00000130   Data   RO          168    RESET               startup_stm32f10x_hd.o
    0x2000c130   0x00000008   Code   RO          297  * !!!main             c_w.l(__main.o)
    0x2000c138   0x00000034   Code   RO          462    !!!scatter          c_w.l(__scatter.o)
    0x2000c16c   0x0000001a   Code   RO          464    !!handler_copy      c_w.l(__scatter_copy.o)
    0x2000c186   0x00000002   PAD
    0x2000c188   0x0000001c   Code   RO          466    !!handler_zi        c_w.l(__scatter_zi.o)
    0x2000c1a4   0x00000000   Code   RO          294    .ARM.Collect$$_printf_percent$$00000000  c_w.l(_printf_percent.o)
    0x2000c1a4   0x00000006   Code   RO          293    .ARM.Collect$$_printf_percent$$0000000C  c_w.l(_printf_x.o)
    0x2000c1aa   0x00000004   Code   RO          306    .ARM.Collect$$_printf_percent$$00000017  c_w.l(_printf_percent_end.o)
    0x2000c1ae   0x00000002   Code   RO          339    .ARM.Collect$$libinit$$00000000  c_w.l(libinit.o)
    0x2000c1b0   0x00000000   Code   RO          346    .ARM.Collect$$libinit$$00000002  c_w.l(libinit2.o)
    0x2000c1b0   0x00000000   Code   RO          349    .ARM.Collect$$libinit$$00000008  c_w.l(libinit2.o)
    0x2000c1b0   0x00000000   Code   RO          351    .ARM.Collect$$libinit$$0000000A  c_w.l(libinit2.o)
    0x2000c1b0   0x00000000   Code   RO          353    .ARM.Collect$$libinit$$0000000C  c_w.l(libinit2.o)
    0x2000c1b0   0x00000000   Code   RO          356    .ARM.Collect$$libinit$$0000000F  c_w.l(libinit2.o)
    0x2000c1b0   0x00000000   Code   RO          358    .ARM.Collect$$libinit$$00000011  c_w.l(libinit2.o)
    0x2000c1b0   0x00000000   Code   RO          360    .ARM.Collect$$libinit$$00000013  c_w.l(libinit2.o)
    0x2000c1b0   0x00000000   Code   RO          362    .ARM.Collect$$libinit$$00000015  c_w.l(libinit2.o)
    0x2000c1b0   0x00000000   Code   RO          364    .ARM.Collect$$libinit$$00000017  c_w.l(libinit2.o)
    0x2000c1b0   0x00000000   Code   RO          366    .ARM.Collect$$libinit$$00000019  c_w.l(libinit2.o)
    0x2000c1b0   0x00000000   Code   RO          368    .ARM.Collect$$libinit$$0000001B  c_w.l(libinit2.o)
    0x2000c1b0   0x00000000   Code   RO          370    .ARM.Collect$$libinit$$0000001D  c_w.l(libinit2.o)
    0x2000c1b0   0x00000000   Code   RO          372    .ARM.Collect$$libinit$$0000001F  c_w.l(libinit2.o)
    0x2000c1b0   0x00000000   Code   RO          374    .ARM.Collect$$libinit$$00000021  c_w.l(libinit2.o)
    0x2000c1b0   0x00000000   Code   RO          376    .ARM.Collect$$libinit$$00000023  c_w.l(libinit2.o)
    0x2000c1b0   0x00000000   Code   RO          380    .ARM.Collect$$libinit$$0000002A  c_w.l(libinit2.o)
    0x2000c1b0   0x00000000   Code   RO          382    .ARM.Collect$$libinit$$0000002C  c_w.l(libinit2.o)
    0x2000c1b0   0x00000000   Code   RO          384    .ARM.Collect$$libinit$$0000002E  c_w.l(libinit2.o)
    0x2000c1b0   0x00000000   Code   RO          386    .ARM.Collect$$libinit$$00000030  c_w.l(libinit2.o)
    0x2000c1b0   0x00000002   Code   RO          387    .ARM.Collect$$libinit$$00000031  c_w.l(libinit2.o)
    0x2000c1b2   0x00000002   Code   RO          405    .ARM.Collect$$libshutdown$$00000000  c_w.l(libshutdown.o)
    0x2000c1b4   0x00000000   Code   RO          416    .ARM.Collect$$libshutdown$$00000003  c_w.l(libshutdown2.o)
    0x2000c1b4   0x00000000   Code   RO          419    .ARM.Collect$$libshutdown$$00000006  c_w.l(libshutdown2.o)
    0x2000c1b4   0x00000000   Code   RO          422    .ARM.Collect$$libshutdown$$00000009  c_w.l(libshutdown2.o)
    0x2000c1b4   0x00000000   Code   RO          424    .ARM.Collect$$libshutdown$$0000000B  c_w.l(libshutdown2.o)
    0x2000c1b4   0x00000000   Code   RO          427    .ARM.Collect$$libshutdown$$0000000E  c_w.l(libshutdown2.o)
    0x2000c1b4   0x00000002   Code   RO          428    .ARM.Collect$$libshutdown$$0000000F  c_w.l(libshutdown2.o)
    0x2000c1b6   0x00000000   Code   RO          301    .ARM.Collect$$rtentry$$00000000  c_w.l(rtentry.o)
    0x2000c1b6   0x00000000   Code   RO          308    .ARM.Collect$$rtentry$$00000002  c_w.l(rtentry2.o)
    0x2000c1b6   0x00000006   Code   RO          320    .ARM.Collect$$rtentry$$00000004  c_w.l(rtentry4.o)
    0x2000c1bc   0x00000000   Code   RO          310    .ARM.Collect$$rtentry$$00000009  c_w.l(rtentry2.o)
    0x2000c1bc   0x00000004   Code   RO          311    .ARM.Collect$$rtentry$$0000000A  c_w.l(rtentry2.o)
    0x2000c1c0   0x00000000   Code   RO          313    .ARM.Collect$$rtentry$$0000000C  c_w.l(rtentry2.o)
    0x2000c1c0   0x00000008   Code   RO          314    .ARM.Collect$$rtentry$$0000000D  c_w.l(rtentry2.o)
    0x2000c1c8   0x00000002   Code   RO          343    .ARM.Collect$$rtexit$$00000000  c_w.l(rtexit.o)
    0x2000c1ca   0x00000000   Code   RO          389    .ARM.Collect$$rtexit$$00000002  c_w.l(rtexit2.o)
    0x2000c1ca   0x00000004   Code   RO          390    .ARM.Collect$$rtexit$$00000003  c_w.l(rtexit2.o)
    0x2000c1ce   0x00000006   Code   RO          391    .ARM.Collect$$rtexit$$00000004  c_w.l(rtexit2.o)
    0x2000c1d4   0x000000bc   Code   RO            1    .text               main.o
    0x2000c290   0x0000001a   Code   RO           58    .text               stm32f10x_it.o
    0x2000c2aa   0x00000002   PAD
    0x2000c2ac   0x000001dc   Code   RO           90    .text               system_stm32f10x.o
    0x2000c488   0x00000048   Code   RO          108    .text               led.o
    0x2000c4d0   0x00000140   Code   RO          132    .text               usart.o
    0x2000c610   0x00000040   Code   RO          169    .text               startup_stm32f10x_hd.o
    0x2000c650   0x00000358   Code   RO          173    .text               stm32f10x_gpio.o
    0x2000c9a8   0x000003a4   Code   RO          185    .text               stm32f10x_rcc.o
    0x2000cd4c   0x00000408   Code   RO          199    .text               stm32f10x_usart.o
    0x2000d154   0x000000dc   Code   RO          211    .text               misc.o
    0x2000d230   0x0000019c   Code   RO          223    .text               appinterface.o
    0x2000d3cc   0x00000002   Code   RO          244    .text               c_w.l(use_no_semi_2.o)
    0x2000d3ce   0x00000002   PAD
    0x2000d3d0   0x00000018   Code   RO          248    .text               c_w.l(noretval__2printf.o)
    0x2000d3e8   0x00000068   Code   RO          250    .text               c_w.l(__printf.o)
    0x2000d450   0x0000005c   Code   RO          255    .text               c_w.l(_printf_hex_int.o)
    0x2000d4ac   0x00000006   Code   RO          295    .text               c_w.l(heapauxi.o)
    0x2000d4b2   0x00000002   Code   RO          299    .text               c_w.l(use_no_semi.o)
    0x2000d4b4   0x000000b8   Code   RO          302    .text               c_w.l(_printf_intcommon.o)
    0x2000d56c   0x00000024   Code   RO          304    .text               c_w.l(_printf_char_file.o)
    0x2000d590   0x00000030   Code   RO          322    .text               c_w.l(_printf_char_common.o)
    0x2000d5c0   0x00000008   Code   RO          324    .text               c_w.l(ferror.o)
    0x2000d5c8   0x0000004a   Code   RO          328    .text               c_w.l(sys_stackheap_outer.o)
    0x2000d612   0x0000000c   Code   RO          332    .text               c_w.l(exit.o)
    0x2000d61e   0x00000002   PAD
    0x2000d620   0x00000008   Code   RO          340    .text               c_w.l(libspace.o)
    0x2000d628   0x00000047   Data   RO          224    .constdata          appinterface.o
    0x2000d66f   0x00000028   Data   RO          256    .constdata          c_w.l(_printf_hex_int.o)
    0x2000d697   0x00000001   PAD
    0x2000d698   0x00000020   Data   RO          460    Region$$Table       anon$$obj.o


    Execution Region RW_IRAM1 (Base: 0x2000f000, Size: 0x000007c8, Max: 0x00001000, ABSOLUTE)

    Base Addr    Size         Type   Attr      Idx    E Section Name        Object

    0x2000f000   0x00000014   Data   RW           91    .data               system_stm32f10x.o
    0x2000f014   0x00000008   Data   RW          134    .data               usart.o
    0x2000f01c   0x00000014   Data   RW          186    .data               stm32f10x_rcc.o
    0x2000f030   0x00000070   Data   RW          225    .data               appinterface.o
    0x2000f0a0   0x000000c8   Zero   RW          133    .bss                usart.o
    0x2000f168   0x00000060   Zero   RW          341    .bss                c_w.l(libspace.o)
    0x2000f1c8   0x00000200   Zero   RW          167    HEAP                startup_stm32f10x_hd.o
    0x2000f3c8   0x00000400   Zero   RW          166    STACK               startup_stm32f10x_hd.o


==============================================================================

Image component sizes


      Code (inc. data)   RO Data    RW Data    ZI Data      Debug   Object Name

       412        130         71        112          0       3840   appinterface.o
         0          0          0          0          0         32   core_cm3.o
        72         10          0          0          0        475   led.o
       188         12          0          0          0     232773   main.o
       220         20          0          0          0       1753   misc.o
        64         26        304          0       1536        752   startup_stm32f10x_hd.o
       856         40          0          0          0       5597   stm32f10x_gpio.o
        26          0          0          0          0       1158   stm32f10x_it.o
       932         44          0         20          0       8744   stm32f10x_rcc.o
      1032         22          0          0          0       8324   stm32f10x_usart.o
       476         36          0         20          0       1671   system_stm32f10x.o
       320         20          0          8        200       3010   usart.o

    ----------------------------------------------------------------------
      4600        360        407        160       1736     268129   Object Totals
         0          0         32          0          0          0   (incl. Generated)
         2          0          0          0          0          0   (incl. Padding)

    ----------------------------------------------------------------------

      Code (inc. data)   RO Data    RW Data    ZI Data      Debug   Library Member Name

         8          0          0          0          0         68   __main.o
       104          0          0          0          0         84   __printf.o
        52          8          0          0          0          0   __scatter.o
        26          0          0          0          0          0   __scatter_copy.o
        28          0          0          0          0          0   __scatter_zi.o
        48          6          0          0          0         96   _printf_char_common.o
        36          4          0          0          0         80   _printf_char_file.o
        92          4         40          0          0         88   _printf_hex_int.o
       184          0          0          0          0         88   _printf_intcommon.o
         0          0          0          0          0          0   _printf_percent.o
         4          0          0          0          0          0   _printf_percent_end.o
         6          0          0          0          0          0   _printf_x.o
        12          0          0          0          0         72   exit.o
         8          0          0          0          0         68   ferror.o
         6          0          0          0          0        152   heapauxi.o
         2          0          0          0          0          0   libinit.o
         2          0          0          0          0          0   libinit2.o
         2          0          0          0          0          0   libshutdown.o
         2          0          0          0          0          0   libshutdown2.o
         8          4          0          0         96         68   libspace.o
        24          4          0          0          0         84   noretval__2printf.o
         0          0          0          0          0          0   rtentry.o
        12          0          0          0          0          0   rtentry2.o
         6          0          0          0          0          0   rtentry4.o
         2          0          0          0          0          0   rtexit.o
        10          0          0          0          0          0   rtexit2.o
        74          0          0          0          0         80   sys_stackheap_outer.o
         2          0          0          0          0         68   use_no_semi.o
         2          0          0          0          0         68   use_no_semi_2.o

    ----------------------------------------------------------------------
       768         30         41          0         96       1164   Library Totals
         6          0          1          0          0          0   (incl. Padding)

    ----------------------------------------------------------------------

      Code (inc. data)   RO Data    RW Data    ZI Data      Debug   Library Name

       762         30         40          0         96       1164   c_w.l

    ----------------------------------------------------------------------
       768         30         41          0         96       1164   Library Totals

    ----------------------------------------------------------------------

==============================================================================


      Code (inc. data)   RO Data    RW Data    ZI Data      Debug   

      5368        390        448        160       1832     267837   Grand Totals
      5368        390        448        160       1832     267837   ELF Image Totals
      5368        390        448        160          0          0   ROM Totals

==============================================================================

    Total RO  Size (Code + RO Data)                 5816 (   5.68kB)
    Total RW  Size (RW Data + ZI Data)              1992 (   1.95kB)
    Total ROM Size (Code + RO Data + RW Data)       5976 (   5.84kB)

==============================================================================

