ARM Linker, 5.03 [Build 24] [MDK-ARM Professional]

==============================================================================

Section Cross References

    main.o(.text) refers to appinterface.o(.text) for load_interface
    main.o(.text) refers to stm32f10x_gpio.o(.text) for GPIO_ResetBits
    main.o(.text) refers to appinterface.o(.data) for Set_Voutp
    led.o(.text) refers to stm32f10x_rcc.o(.text) for RCC_APB2PeriphClockCmd
    led.o(.text) refers to stm32f10x_gpio.o(.text) for GPIO_PinRemapConfig
    sys.o(.text) refers to misc.o(.text) for NVIC_PriorityGroupConfig
    startup_stm32f10x_hd.o(STACK) refers (Special) to heapauxi.o(.text) for __use_two_region_memory
    startup_stm32f10x_hd.o(HEAP) refers (Special) to heapauxi.o(.text) for __use_two_region_memory
    startup_stm32f10x_hd.o(RESET) refers (Special) to heapauxi.o(.text) for __use_two_region_memory
    startup_stm32f10x_hd.o(RESET) refers to main.o(.text) for led_flash
    startup_stm32f10x_hd.o(RESET) refers to startup_stm32f10x_hd.o(.text) for Reset_Handler
    startup_stm32f10x_hd.o(RESET) refers to stm32f10x_it.o(.text) for NMI_Handler
    startup_stm32f10x_hd.o(.text) refers (Special) to heapauxi.o(.text) for __use_two_region_memory
    startup_stm32f10x_hd.o(.text) refers to main.o(.text) for main
    startup_stm32f10x_hd.o(.text) refers to startup_stm32f10x_hd.o(HEAP) for Heap_Mem
    startup_stm32f10x_hd.o(.text) refers to startup_stm32f10x_hd.o(STACK) for Stack_Mem
    stm32f10x_gpio.o(.text) refers to stm32f10x_rcc.o(.text) for RCC_APB2PeriphResetCmd
    stm32f10x_rcc.o(.text) refers to stm32f10x_rcc.o(.data) for APBAHBPrescTable
    appinterface.o(.text) refers to _printf_percent.o(.ARM.Collect$$_printf_percent$$00000000) for _printf_percent
    appinterface.o(.text) refers to _printf_x.o(.ARM.Collect$$_printf_percent$$0000000C) for _printf_x
    appinterface.o(.text) refers to _printf_hex_int.o(.text) for _printf_longlong_hex
    appinterface.o(.text) refers to noretval__2printf.o(.text) for __2printf
    appinterface.o(.text) refers to appinterface.o(.data) for addr_interface
    appinterface.o(.text) refers to appinterface.o(.constdata) for .constdata
    __2printf.o(.text) refers to _printf_char_file.o(.text) for _printf_char_file
    __2printf.o(.text) refers to stdio_streams.o(.bss) for __stdout
    noretval__2printf.o(.text) refers to _printf_char_file.o(.text) for _printf_char_file
    noretval__2printf.o(.text) refers to stdio_streams.o(.bss) for __stdout
    __printf.o(.text) refers to _printf_percent.o(.ARM.Collect$$_printf_percent$$00000000) for _printf_percent
    _printf_hex_ll.o(.text) refers to _printf_intcommon.o(.text) for _printf_int_common
    _printf_hex_ll.o(.text) refers to _printf_hex_ll.o(.constdata) for .constdata
    _printf_hex_int.o(.text) refers to _printf_intcommon.o(.text) for _printf_int_common
    _printf_hex_int.o(.text) refers to _printf_hex_int.o(.constdata) for .constdata
    _printf_hex_int_ll.o(.text) refers to _printf_intcommon.o(.text) for _printf_int_common
    _printf_hex_int_ll.o(.text) refers to _printf_hex_int_ll.o(.constdata) for .constdata
    _printf_hex_ptr.o(.text) refers to _printf_intcommon.o(.text) for _printf_int_common
    _printf_hex_ptr.o(.text) refers to _printf_hex_ptr.o(.constdata) for .constdata
    _printf_hex_int_ptr.o(.text) refers to _printf_intcommon.o(.text) for _printf_int_common
    _printf_hex_int_ptr.o(.text) refers to _printf_hex_int_ptr.o(.constdata) for .constdata
    _printf_hex_ll_ptr.o(.text) refers to _printf_intcommon.o(.text) for _printf_int_common
    _printf_hex_ll_ptr.o(.text) refers to _printf_hex_ll_ptr.o(.constdata) for .constdata
    _printf_hex_int_ll_ptr.o(.text) refers to _printf_intcommon.o(.text) for _printf_int_common
    _printf_hex_int_ll_ptr.o(.text) refers to _printf_hex_int_ll_ptr.o(.constdata) for .constdata
    __printf_flags.o(.text) refers to _printf_percent.o(.ARM.Collect$$_printf_percent$$00000000) for _printf_percent
    __printf_flags.o(.text) refers to __printf_flags.o(.constdata) for .constdata
    __printf_ss.o(.text) refers to _printf_percent.o(.ARM.Collect$$_printf_percent$$00000000) for _printf_percent
    __printf_flags_ss.o(.text) refers to _printf_percent.o(.ARM.Collect$$_printf_percent$$00000000) for _printf_percent
    __printf_flags_ss.o(.text) refers to __printf_flags_ss.o(.constdata) for .constdata
    __printf_wp.o(.text) refers to __printf_wp.o(i._is_digit) for _is_digit
    __printf_wp.o(.text) refers to _printf_percent.o(.ARM.Collect$$_printf_percent$$00000000) for _printf_percent
    __printf_flags_wp.o(.text) refers to __printf_wp.o(i._is_digit) for _is_digit
    __printf_flags_wp.o(.text) refers to _printf_percent.o(.ARM.Collect$$_printf_percent$$00000000) for _printf_percent
    __printf_flags_wp.o(.text) refers to __printf_flags_wp.o(.constdata) for .constdata
    __printf_ss_wp.o(.text) refers to __printf_wp.o(i._is_digit) for _is_digit
[...]
    fopen_locked.o(.text) refers to stdio_streams.o(.bss) for __stdin
    exit.o(.text) refers to rtexit.o(.ARM.Collect$$rtexit$$00000000) for __rt_exit
    defsig_rtred_outer.o(.text) refers to defsig_rtred_inner.o(.text) for __rt_SIGRTRED_inner
    defsig_rtred_outer.o(.text) refers to defsig_exit.o(.text) for __sig_exit
    defsig_rtred_formal.o(.text) refers to rt_raise.o(.text) for __rt_raise
    libinit.o(.ARM.Collect$$libinit$$00000000) refers (Special) to libinit2.o(.ARM.Collect$$libinit$$0000002C) for __rt_lib_init_alloca_1
    libinit.o(.ARM.Collect$$libinit$$00000000) refers (Special) to libinit2.o(.ARM.Collect$$libinit$$0000002A) for __rt_lib_init_argv_1
    libinit.o(.ARM.Collect$$libinit$$00000000) refers (Special) to libinit2.o(.ARM.Collect$$libinit$$00000019) for __rt_lib_init_atexit_1
    libinit.o(.ARM.Collect$$libinit$$00000000) refers (Special) to libinit2.o(.ARM.Collect$$libinit$$0000001F) for __rt_lib_init_clock_1
    libinit.o(.ARM.Collect$$libinit$$00000000) refers (Special) to libinit2.o(.ARM.Collect$$libinit$$00000030) for __rt_lib_init_cpp_1
    libinit.o(.ARM.Collect$$libinit$$00000000) refers (Special) to libinit2.o(.ARM.Collect$$libinit$$0000002E) for __rt_lib_init_exceptions_1
    libinit.o(.ARM.Collect$$libinit$$00000000) refers (Special) to libinit2.o(.ARM.Collect$$libinit$$00000002) for __rt_lib_init_fp_1
    libinit.o(.ARM.Collect$$libinit$$00000000) refers (Special) to libinit2.o(.ARM.Collect$$libinit$$0000001D) for __rt_lib_init_fp_trap_1
    libinit.o(.ARM.Collect$$libinit$$00000000) refers (Special) to libinit2.o(.ARM.Collect$$libinit$$00000021) for __rt_lib_init_getenv_1
    libinit.o(.ARM.Collect$$libinit$$00000000) refers (Special) to libinit2.o(.ARM.Collect$$libinit$$00000008) for __rt_lib_init_heap_1
    libinit.o(.ARM.Collect$$libinit$$00000000) refers (Special) to libinit2.o(.ARM.Collect$$libinit$$0000000F) for __rt_lib_init_lc_collate_1
    libinit.o(.ARM.Collect$$libinit$$00000000) refers (Special) to libinit2.o(.ARM.Collect$$libinit$$00000011) for __rt_lib_init_lc_ctype_1
    libinit.o(.ARM.Collect$$libinit$$00000000) refers (Special) to libinit2.o(.ARM.Collect$$libinit$$00000013) for __rt_lib_init_lc_monetary_1
    libinit.o(.ARM.Collect$$libinit$$00000000) refers (Special) to libinit2.o(.ARM.Collect$$libinit$$00000015) for __rt_lib_init_lc_numeric_1
    libinit.o(.ARM.Collect$$libinit$$00000000) refers (Special) to libinit2.o(.ARM.Collect$$libinit$$00000017) for __rt_lib_init_lc_time_1
    libinit.o(.ARM.Collect$$libinit$$00000000) refers (Special) to libinit2.o(.ARM.Collect$$libinit$$0000000C) for __rt_lib_init_rand_1
    libinit.o(.ARM.Collect$$libinit$$00000000) refers (Special) to libinit2.o(.ARM.Collect$$libinit$$00000031) for __rt_lib_init_return
    libinit.o(.ARM.Collect$$libinit$$00000000) refers (Special) to libinit2.o(.ARM.Collect$$libinit$$0000001B) for __rt_lib_init_signal_1
    libinit.o(.ARM.Collect$$libinit$$00000000) refers (Special) to libinit2.o(.ARM.Collect$$libinit$$00000023) for __rt_lib_init_stdio_1
    libinit.o(.ARM.Collect$$libinit$$00000000) refers (Special) to libinit2.o(.ARM.Collect$$libinit$$0000000A) for __rt_lib_init_user_alloc_1
    libinit2.o(.ARM.Collect$$libinit$$00000003) refers (Weak) to init_alloc.o(.text) for _init_alloc
    libinit2.o(.ARM.Collect$$libinit$$0000000E) refers to libinit2.o(.ARM.Collect$$libinit$$0000000D) for .ARM.Collect$$libinit$$0000000D
    libinit2.o(.ARM.Collect$$libinit$$00000010) refers to libinit2.o(.ARM.Collect$$libinit$$0000000D) for .ARM.Collect$$libinit$$0000000D
    libinit2.o(.ARM.Collect$$libinit$$00000012) refers to libinit2.o(.ARM.Collect$$libinit$$0000000D) for .ARM.Collect$$libinit$$0000000D
    libinit2.o(.ARM.Collect$$libinit$$00000014) refers to libinit2.o(.ARM.Collect$$libinit$$0000000D) for .ARM.Collect$$libinit$$0000000D
    libinit2.o(.ARM.Collect$$libinit$$00000016) refers to libinit2.o(.ARM.Collect$$libinit$$0000000D) for .ARM.Collect$$libinit$$0000000D
    libinit2.o(.ARM.Collect$$libinit$$00000022) refers (Weak) to initio.o(.text) for _initio
    libinit2.o(.ARM.Collect$$libinit$$00000024) refers to argv_veneer.o(.emb_text) for __ARM_argv_veneer
    libinit2.o(.ARM.Collect$$libinit$$00000025) refers to argv_veneer.o(.emb_text) for __ARM_argv_veneer
    libshutdown2.o(.ARM.Collect$$libshutdown$$00000002) refers (Weak) to initio.o(.text) for _terminateio
    libshutdown2.o(.ARM.Collect$$libshutdown$$0000000C) refers (Weak) to term_alloc.o(.text) for _terminate_alloc
    flsbuf_fwide.o(.text) refers to flsbuf.o(.text) for __flsbuf
    libspace.o(.text) refers to libspace.o(.bss) for __libspace_start
    rtexit.o(.ARM.Collect$$rtexit$$00000000) refers (Special) to rtexit2.o(.ARM.Collect$$rtexit$$00000004) for __rt_exit_exit
    rtexit.o(.ARM.Collect$$rtexit$$00000000) refers (Special) to rtexit2.o(.ARM.Collect$$rtexit$$00000003) for __rt_exit_ls
    rtexit.o(.ARM.Collect$$rtexit$$00000000) refers (Special) to rtexit2.o(.ARM.Collect$$rtexit$$00000002) for __rt_exit_prels_1
    rtexit.o(.ARM.exidx) refers (Special) to rtexit2.o(.ARM.Collect$$rtexit$$00000004) for __rt_exit_exit
    rtexit.o(.ARM.exidx) refers (Special) to rtexit2.o(.ARM.Collect$$rtexit$$00000003) for __rt_exit_ls
    rtexit.o(.ARM.exidx) refers (Special) to rtexit2.o(.ARM.Collect$$rtexit$$00000002) for __rt_exit_prels_1
    rtexit.o(.ARM.exidx) refers to rtexit.o(.ARM.Collect$$rtexit$$00000000) for .ARM.Collect$$rtexit$$00000000
    rt_raise.o(.text) refers to __raise.o(.text) for __raise
    rt_raise.o(.text) refers to sys_exit.o(.text) for _sys_exit
    rt_heap_descriptor.o(.text) refers to rt_heap_descriptor.o(.bss) for __rt_heap_descriptor_data
    rt_heap_descriptor_intlibspace.o(.text) refers to libspace.o(.bss) for __libspace_start
    init_alloc.o(.text) refers (Special) to hguard.o(.text) for __heap$guard
    init_alloc.o(.text) refers (Special) to libinit2.o(.ARM.Collect$$libinit$$00000003) for __rt_lib_init_heap_2
    init_alloc.o(.text) refers (Special) to maybetermalloc1.o(.emb_text) for _maybe_terminate_alloc
    init_alloc.o(.text) refers to h1_extend.o(.text) for __Heap_ProvideMemory
    init_alloc.o(.text) refers to defsig_rtmem_outer.o(.text) for __rt_SIGRTMEM
    init_alloc.o(.text) refers to rt_heap_descriptor_intlibspace.o(.text) for __rt_heap_descriptor
    init_alloc.o(.text) refers to h1_init.o(.text) for __Heap_Initialize
    malloc.o(.text) refers (Special) to hguard.o(.text) for __heap$guard
    malloc.o(.text) refers (Special) to init_alloc.o(.text) for _init_alloc
    malloc.o(.text) refers to rt_heap_descriptor_intlibspace.o(.text) for __rt_heap_descriptor
    malloc.o(.text) refers to heapstubs.o(.text) for __Heap_Alloc
    h1_alloc.o(.text) refers (Special) to h1_init.o(.text) for __Heap_Initialize
    h1_alloc.o(.text) refers to rt_heap_descriptor_intlibspace.o(.text) for __rt_heap_descriptor
    h1_alloc.o(.text) refers to init_alloc.o(.text) for __Heap_Full
    h1_alloc_mt.o(.text) refers (Special) to h1_init.o(.text) for __Heap_Initialize
    h1_alloc_mt.o(.text) refers to init_alloc.o(.text) for __Heap_Full
    h1_alloc_mt.o(.text) refers to rt_heap_descriptor_intlibspace.o(.text) for __rt_heap_descriptor
    _printf_char_file_locked.o(.text) refers to _printf_char_common.o(.text) for _printf_char_common
    _printf_char_file_locked.o(.text) refers to fputc.o(i._fputc$unlocked) for _fputc$unlocked
    fseek.o(.text) refers to sys_io.o(.text) for _sys_istty
    fseek.o(.text) refers to ftell.o(.text) for _ftell_internal
    fseek.o(.text) refers to stdio.o(.text) for _seterr
    stdio.o(.text) refers to sys_io.o(.text) for _sys_seek
    fwritefast.o(.text) refers to stdio.o(.text) for _writebuf
    fwritefast.o(.text) refers to flsbuf.o(.text) for __flsbuf_byte
    fwritefast.o(.text) refers to rt_memcpy_v6.o(.text) for __aeabi_memcpy
    fwritefast_locked.o(.text) refers to stdio.o(.text) for _writebuf
    fwritefast_locked.o(.text) refers to flsbuf.o(.text) for __flsbuf_byte
    fwritefast_locked.o(.text) refers to rt_memcpy_v6.o(.text) for __aeabi_memcpy
    defsig_exit.o(.text) refers to sys_exit.o(.text) for _sys_exit
    defsig_rtred_inner.o(.text) refers to defsig_general.o(.text) for __default_signal_display
    assert_stdio.o(.text) refers to fputs.o(.text) for fputs
    assert_stdio.o(.text) refers to fflush.o(.text) for fflush
    assert_stdio.o(.text) refers to stdio_streams.o(.bss) for __stderr
    argv_veneer.o(.emb_text) refers to no_argv.o(.text) for __ARM_get_argv
    sys_exit.o(.text) refers (Special) to use_no_semi.o(.text) for __I$use$semihosting
    sys_exit.o(.text) refers (Special) to indicate_semi.o(.text) for __semihosting_library_function
    rtexit2.o(.ARM.Collect$$rtexit$$00000003) refers to libshutdown.o(.ARM.Collect$$libshutdown$$00000000) for __rt_lib_shutdown
    rtexit2.o(.ARM.Collect$$rtexit$$00000004) refers to sys_exit.o(.text) for _sys_exit
    rtexit2.o(.ARM.exidx) refers to rtexit2.o(.ARM.Collect$$rtexit$$00000001) for .ARM.Collect$$rtexit$$00000001
    rtexit2.o(.ARM.exidx) refers to rtexit2.o(.ARM.Collect$$rtexit$$00000003) for .ARM.Collect$$rtexit$$00000003
    rtexit2.o(.ARM.exidx) refers to rtexit2.o(.ARM.Collect$$rtexit$$00000004) for .ARM.Collect$$rtexit$$00000004
    maybetermalloc2.o(.emb_text) refers (Special) to term_alloc.o(.text) for _terminate_alloc
    h1_extend.o(.text) refers to h1_free.o(.text) for free
    h1_init_mt.o(.text) refers to mutex_dummy.o(.text) for _mutex_initialize
    h1_extend_mt.o(.text) refers to h1_free_mt.o(.text) for _free_internal
    fflush.o(.text) refers to stdio.o(.text) for _fflush
    fflush.o(.text) refers to fseek.o(.text) for _fseek
    fflush.o(.text) refers to stdio_streams.o(.bss) for __stdin
    fputs.o(.text) refers to fputc.o(i.fputc) for fputc
    ftell.o(.text) refers to rt_errno_addr_intlibspace.o(.text) for __aeabi_errno_addr
    fflush_locked.o(.text) refers to stdio.o(.text) for _fflush
    fflush_locked.o(.text) refers to fseek.o(.text) for _fseek
    fflush_locked.o(.text) refers to fflush.o(.text) for _do_fflush
    fflush_locked.o(.text) refers to streamlock.o(.data) for _stream_list_lock
    fflush_locked.o(.text) refers to stdio_streams.o(.bss) for __stdin
    __raise.o(.text) refers to defsig.o(CL$$defsig) for __default_signal_handler
    defsig_general.o(.text) refers to sys_wrch.o(.text) for _ttywrch
    defsig_rtmem_outer.o(.text) refers to defsig_rtmem_inner.o(.text) for __rt_SIGRTMEM_inner
    defsig_rtmem_outer.o(.text) refers to defsig_exit.o(.text) for __sig_exit
    defsig_rtmem_formal.o(.text) refers to rt_raise.o(.text) for __rt_raise
    rt_memcpy_v6.o(.text) refers to rt_memcpy_w.o(.text) for __aeabi_memcpy4
    heapauxa.o(.text) refers to heapauxa.o(.data) for .data
    _get_argv.o(.text) refers (Special) to hrguard.o(.text) for __heap_region$guard
    _get_argv.o(.text) refers to h1_alloc.o(.text) for malloc
    _get_argv.o(.text) refers to defsig_rtmem_outer.o(.text) for __rt_SIGRTMEM
    _get_argv.o(.text) refers to sys_command.o(.text) for _sys_command_string
    _get_argv_nomalloc.o(.text) refers (Special) to hrguard.o(.text) for __heap_region$guard
    _get_argv_nomalloc.o(.text) refers to defsig_rtmem_outer.o(.text) for __rt_SIGRTMEM
    _get_argv_nomalloc.o(.text) refers to sys_command.o(.text) for _sys_command_string
    sys_wrch.o(.text) refers (Special) to use_no_semi.o(.text) for __I$use$semihosting
    sys_wrch.o(.text) refers (Special) to indicate_semi.o(.text) for __semihosting_library_function
    sys_command.o(.text) refers (Special) to use_no_semi.o(.text) for __I$use$semihosting
    sys_command.o(.text) refers (Special) to indicate_semi.o(.text) for __semihosting_library_function
    rt_errno_addr.o(.text) refers to rt_errno_addr.o(.bss) for __aeabi_errno_addr_data
    rt_errno_addr_intlibspace.o(.text) refers to libspace.o(.bss) for __libspace_start
    term_alloc.o(.text) refers (Special) to libshutdown2.o(.ARM.Collect$$libshutdown$$0000000D) for __rt_lib_shutdown_heap_2
    term_alloc.o(.text) refers to rt_heap_descriptor_intlibspace.o(.text) for __rt_heap_descriptor
    term_alloc.o(.text) refers to h1_final.o(.text) for __Heap_Finalize
    defsig_rtmem_inner.o(.text) refers to defsig_general.o(.text) for __default_signal_display
    defsig.o(CL$$defsig) refers to defsig_rtred_inner.o(.text) for __rt_SIGRTRED_inner
    defsig.o(CL$$defsig) refers to defsig_rtmem_inner.o(.text) for __rt_SIGRTMEM_inner
    libshutdown.o(.ARM.Collect$$libshutdown$$00000000) refers (Special) to libshutdown2.o(.ARM.Collect$$libshutdown$$00000006) for __rt_lib_shutdown_fp_trap_1
    libshutdown.o(.ARM.Collect$$libshutdown$$00000000) refers (Special) to libshutdown2.o(.ARM.Collect$$libshutdown$$0000000E) for __rt_lib_shutdown_heap_1
    libshutdown.o(.ARM.Collect$$libshutdown$$00000000) refers (Special) to libshutdown2.o(.ARM.Collect$$libshutdown$$0000000F) for __rt_lib_shutdown_return
    libshutdown.o(.ARM.Collect$$libshutdown$$00000000) refers (Special) to libshutdown2.o(.ARM.Collect$$libshutdown$$00000009) for __rt_lib_shutdown_signal_1
    libshutdown.o(.ARM.Collect$$libshutdown$$00000000) refers (Special) to libshutdown2.o(.ARM.Collect$$libshutdown$$00000003) for __rt_lib_shutdown_stdio_1
    libshutdown.o(.ARM.Collect$$libshutdown$$00000000) refers (Special) to libshutdown2.o(.ARM.Collect$$libshutdown$$0000000B) for __rt_lib_shutdown_user_alloc_1
    defsig_abrt_inner.o(.text) refers to defsig_general.o(.text) for __default_signal_display
    defsig_fpe_inner.o(.text) refers to defsig_general.o(.text) for __default_signal_display
    defsig_stak_inner.o(.text) refers to defsig_general.o(.text) for __default_signal_display
    defsig_pvfn_inner.o(.text) refers to defsig_general.o(.text) for __default_signal_display
    defsig_cppl_inner.o(.text) refers to defsig_general.o(.text) for __default_signal_display
    defsig_segv_inner.o(.text) refers to defsig_general.o(.text) for __default_signal_display
    defsig_other.o(.text) refers to defsig_general.o(.text) for __default_signal_display


==============================================================================

Removing Unused input sections from the image.

    Removing led.o(.text), (72 bytes).
    Removing sys.o(.text), (12 bytes).
    Removing misc.o(.text), (220 bytes).

3 unused section(s) (total 304 bytes) removed from the image.

==============================================================================

Image Symbol Table

    Local Symbols

    Symbol Name                              Value     Ov Type        Size  Object(Section)

    ../clib/angel/boardlib.s                 0x00000000   Number         0  boardinit1.o ABSOLUTE
    ../clib/angel/boardlib.s                 0x00000000   Number         0  boardinit2.o ABSOLUTE
    ../clib/angel/boardlib.s                 0x00000000   Number         0  boardinit3.o ABSOLUTE
    ../clib/angel/boardlib.s                 0x00000000   Number         0  boardshut.o ABSOLUTE
    ../clib/angel/handlers.s                 0x00000000   Number         0  __scatter_zi.o ABSOLUTE
    ../clib/angel/handlers.s                 0x00000000   Number         0  __scatter_copy.o ABSOLUTE
    ../clib/angel/kernel.s                   0x00000000   Number         0  rtexit.o ABSOLUTE
    ../clib/angel/kernel.s                   0x00000000   Number         0  rtentry2.o ABSOLUTE
    ../clib/angel/kernel.s                   0x00000000   Number         0  rtentry.o ABSOLUTE
    ../clib/angel/kernel.s                   0x00000000   Number         0  rtentry4.o ABSOLUTE
    ../clib/angel/kernel.s                   0x00000000   Number         0  rtexit2.o ABSOLUTE
    ../clib/angel/rt.s                       0x00000000   Number         0  rt_raise.o ABSOLUTE
    ../clib/angel/rt.s                       0x00000000   Number         0  rt_heap_descriptor.o ABSOLUTE
    ../clib/angel/rt.s                       0x00000000   Number         0  rt_heap_descriptor_intlibspace.o ABSOLUTE
    ../clib/angel/rt.s                       0x00000000   Number         0  rt_errno_addr_intlibspace.o ABSOLUTE
    ../clib/angel/rt.s                       0x00000000   Number         0  rt_errno_addr.o ABSOLUTE
    ../clib/angel/scatter.s                  0x00000000   Number         0  __scatter.o ABSOLUTE
    ../clib/angel/startup.s                  0x00000000   Number         0  __main.o ABSOLUTE
    ../clib/angel/sys.s                      0x00000000   Number         0  mutex_dummy.o ABSOLUTE
    ../clib/angel/sys.s                      0x00000000   Number         0  indicate_semi.o ABSOLUTE
    ../clib/angel/sys.s                      0x00000000   Number         0  libspace.o ABSOLUTE
    ../clib/angel/sys.s                      0x00000000   Number         0  use_no_semi.o ABSOLUTE
    ../clib/angel/sys.s                      0x00000000   Number         0  sys_stackheap_outer.o ABSOLUTE
    ../clib/angel/sysapp.c                   0x00000000   Number         0  sys_wrch.o ABSOLUTE
    ../clib/angel/sysapp.c                   0x00000000   Number         0  sys_exit.o ABSOLUTE
    ../clib/angel/sysapp.c                   0x00000000   Number         0  sys_command.o ABSOLUTE
    ../clib/angel/sysapp.c                   0x00000000   Number         0  sys_io.o ABSOLUTE
    ../clib/armsys.c                         0x00000000   Number         0  argv_veneer.o ABSOLUTE
    ../clib/armsys.c                         0x00000000   Number         0  argv_veneer.o ABSOLUTE
    ../clib/armsys.c                         0x00000000   Number         0  _get_argv_nomalloc.o ABSOLUTE
    ../clib/armsys.c                         0x00000000   Number         0  _get_argv.o ABSOLUTE
    ../clib/armsys.c                         0x00000000   Number         0  no_argv.o ABSOLUTE
    ../clib/assert.c                         0x00000000   Number         0  assert_stdio.o ABSOLUTE
    ../clib/heap1.c                          0x00000000   Number         0  h1_final.o ABSOLUTE
    ../clib/heap1.c                          0x00000000   Number         0  h1_extend.o ABSOLUTE
    ../clib/heap1.c                          0x00000000   Number         0  h1_free_mt.o ABSOLUTE
    ../clib/heap1.c                          0x00000000   Number         0  h1_init.o ABSOLUTE
    ../clib/heap1.c                          0x00000000   Number         0  h1_extend_mt.o ABSOLUTE
    ../clib/heap1.c                          0x00000000   Number         0  h1_init_mt.o ABSOLUTE
    ../clib/heap1.c                          0x00000000   Number         0  h1_free.o ABSOLUTE
    ../clib/heap1.c                          0x00000000   Number         0  h1_alloc_mt.o ABSOLUTE
    ../clib/heap1.c                          0x00000000   Number         0  h1_alloc.o ABSOLUTE
    ../clib/heap1.c                          0x00000000   Number         0  h1_final_mt.o ABSOLUTE
    ../clib/heap2.c                          0x00000000   Number         0  heap2mt.o ABSOLUTE
    ../clib/heap2.c                          0x00000000   Number         0  heap2.o ABSOLUTE
    ../clib/heap2.c                          0x00000000   Number         0  fdtree.o ABSOLUTE
    ../clib/heapalloc.c                      0x00000000   Number         0  term_alloc.o ABSOLUTE
    ../clib/heapalloc.c                      0x00000000   Number         0  free.o ABSOLUTE
    ../clib/heapalloc.c                      0x00000000   Number         0  maybetermalloc2.o ABSOLUTE
    ../clib/heapalloc.c                      0x00000000   Number         0  maybetermalloc2.o ABSOLUTE
    ../clib/heapalloc.c                      0x00000000   Number         0  maybetermalloc1.o ABSOLUTE
    ../clib/heapalloc.c                      0x00000000   Number         0  heapstubs.o ABSOLUTE
    ../clib/heapalloc.c                      0x00000000   Number         0  maybetermalloc1.o ABSOLUTE
    ../clib/heapalloc.c                      0x00000000   Number         0  malloc.o ABSOLUTE
    ../clib/heapalloc.c                      0x00000000   Number         0  init_alloc.o ABSOLUTE
    ../clib/heapalloc.c                      0x00000000   Number         0  hguard.o ABSOLUTE
    ../clib/heapalloc.c                      0x00000000   Number         0  hrguard.o ABSOLUTE
    ../clib/heapaux.c                        0x00000000   Number         0  heapauxi.o ABSOLUTE
    ../clib/heapaux.c                        0x00000000   Number         0  heapauxa.o ABSOLUTE
    ../clib/libinit.s                        0x00000000   Number         0  libinit.o ABSOLUTE
    ../clib/libinit.s                        0x00000000   Number         0  libinit2.o ABSOLUTE
    ../clib/libinit.s                        0x00000000   Number         0  libshutdown.o ABSOLUTE
    ../clib/libinit.s                        0x00000000   Number         0  libshutdown2.o ABSOLUTE
    ../clib/memcpset.s                       0x00000000   Number         0  rt_memclr_w.o ABSOLUTE
    ../clib/memcpset.s                       0x00000000   Number         0  rt_memcpy_v6.o ABSOLUTE
    ../clib/memcpset.s                       0x00000000   Number         0  rt_memcpy_w.o ABSOLUTE
    ../clib/printf.c                         0x00000000   Number         0  __printf_wp.o ABSOLUTE
    ../clib/printf.c                         0x00000000   Number         0  __2printf.o ABSOLUTE
    ../clib/printf.c                         0x00000000   Number         0  noretval__2printf.o ABSOLUTE
    ../clib/printf.c                         0x00000000   Number         0  _printf_hex_int_ptr.o ABSOLUTE
    ../clib/printf.c                         0x00000000   Number         0  __printf.o ABSOLUTE
    ../clib/printf.c                         0x00000000   Number         0  _printf_hex_ll_ptr.o ABSOLUTE
    ../clib/printf.c                         0x00000000   Number         0  _printf_hex_ll.o ABSOLUTE
    ../clib/printf.c                         0x00000000   Number         0  _printf_hex_int.o ABSOLUTE
    ../clib/printf.c                         0x00000000   Number         0  __printf_flags_ss.o ABSOLUTE
    ../clib/printf.c                         0x00000000   Number         0  __printf_flags.o ABSOLUTE
    ../clib/printf.c                         0x00000000   Number         0  __printf_ss.o ABSOLUTE
    ../clib/printf.c                         0x00000000   Number         0  _printf_hex_int_ll_ptr.o ABSOLUTE
    ../clib/printf.c                         0x00000000   Number         0  _printf_hex_int_ll.o ABSOLUTE
    ../clib/printf.c                         0x00000000   Number         0  _printf_hex_ptr.o ABSOLUTE
    ../clib/printf.c                         0x00000000   Number         0  __printf_nopercent.o ABSOLUTE
    ../clib/printf.c                         0x00000000   Number         0  _printf_char_common.o ABSOLUTE
    ../clib/printf.c                         0x00000000   Number         0  _printf_char_file_locked.o ABSOLUTE
    ../clib/printf.c                         0x00000000   Number         0  _printf_char_file.o ABSOLUTE
    ../clib/printf.c                         0x00000000   Number         0  _printf_intcommon.o ABSOLUTE
    ../clib/printf.c                         0x00000000   Number         0  __printf_flags_ss_wp.o ABSOLUTE
    ../clib/printf.c                         0x00000000   Number         0  __printf_ss_wp.o ABSOLUTE
    ../clib/printf.c                         0x00000000   Number         0  __printf_flags_wp.o ABSOLUTE
    ../clib/printf_percent.s                 0x00000000   Number         0  _printf_percent.o ABSOLUTE
    ../clib/printf_percent.s                 0x00000000   Number         0  _printf_percent_end.o ABSOLUTE
    ../clib/printf_percent.s                 0x00000000   Number         0  _printf_x.o ABSOLUTE
    ../clib/signal.c                         0x00000000   Number         0  defsig_exit.o ABSOLUTE
    ../clib/signal.c                         0x00000000   Number         0  defsig_segv_inner.o ABSOLUTE
    ../clib/signal.c                         0x00000000   Number         0  defsig_cppl_inner.o ABSOLUTE
    ../clib/signal.c                         0x00000000   Number         0  defsig_pvfn_inner.o ABSOLUTE
    ../clib/signal.c                         0x00000000   Number         0  defsig_stak_inner.o ABSOLUTE
    ../clib/signal.c                         0x00000000   Number         0  defsig_fpe_inner.o ABSOLUTE
    ../clib/signal.c                         0x00000000   Number         0  defsig_abrt_inner.o ABSOLUTE
    ../clib/signal.c                         0x00000000   Number         0  __raise.o ABSOLUTE
    ../clib/signal.c                         0x00000000   Number         0  defsig_rtred_inner.o ABSOLUTE
    ../clib/signal.c                         0x00000000   Number         0  defsig_rtmem_inner.o ABSOLUTE
    ../clib/signal.c                         0x00000000   Number         0  defsig_rtmem_formal.o ABSOLUTE
    ../clib/signal.c                         0x00000000   Number         0  defsig_rtmem_outer.o ABSOLUTE
    ../clib/signal.c                         0x00000000   Number         0  defsig_general.o ABSOLUTE
    ../clib/signal.c                         0x00000000   Number         0  defsig_rtred_outer.o ABSOLUTE
    ../clib/signal.c                         0x00000000   Number         0  defsig_rtred_formal.o ABSOLUTE
    ../clib/signal.c                         0x00000000   Number         0  defsig_other.o ABSOLUTE
    ../clib/signal.s                         0x00000000   Number         0  defsig.o ABSOLUTE
    ../clib/stdio.c                          0x00000000   Number         0  fputc_locked.o ABSOLUTE
    ../clib/stdio.c                          0x00000000   Number         0  initio_locked.o ABSOLUTE
    ../clib/stdio.c                          0x00000000   Number         0  streamlock.o ABSOLUTE
    ../clib/stdio.c                          0x00000000   Number         0  fflush_locked.o ABSOLUTE
    ../clib/stdio.c                          0x00000000   Number         0  fputs_locked.o ABSOLUTE
    ../clib/stdio.c                          0x00000000   Number         0  ferror_locked.o ABSOLUTE
    ../clib/stdio.c                          0x00000000   Number         0  fwritefast.o ABSOLUTE
    ../clib/stdio.c                          0x00000000   Number         0  fopen.o ABSOLUTE
    ../clib/stdio.c                          0x00000000   Number         0  ftell.o ABSOLUTE
    ../clib/stdio.c                          0x00000000   Number         0  fwritefast_locked.o ABSOLUTE
    ../clib/stdio.c                          0x00000000   Number         0  fflush.o ABSOLUTE
    ../clib/stdio.c                          0x00000000   Number         0  stdio.o ABSOLUTE
    ../clib/stdio.c                          0x00000000   Number         0  fputc.o ABSOLUTE
    ../clib/stdio.c                          0x00000000   Number         0  flsbuf.o ABSOLUTE
    ../clib/stdio.c                          0x00000000   Number         0  setvbuf_locked.o ABSOLUTE
    ../clib/stdio.c                          0x00000000   Number         0  setvbuf.o ABSOLUTE
    ../clib/stdio.c                          0x00000000   Number         0  fclose.o ABSOLUTE
    ../clib/stdio.c                          0x00000000   Number         0  fopen_locked.o ABSOLUTE
    ../clib/stdio.c                          0x00000000   Number         0  fseek.o ABSOLUTE
    ../clib/stdio.c                          0x00000000   Number         0  stdio_streams.o ABSOLUTE
    ../clib/stdio.c                          0x00000000   Number         0  fputs.o ABSOLUTE
    ../clib/stdio.c                          0x00000000   Number         0  ferror.o ABSOLUTE
    ../clib/stdio.c                          0x00000000   Number         0  initio.o ABSOLUTE
    ../clib/stdlib.c                         0x00000000   Number         0  exit.o ABSOLUTE
    ../clib/string.c                         0x00000000   Number         0  strlen.o ABSOLUTE
    ../clib/wchar.c                          0x00000000   Number         0  flsbuf_fwide.o ABSOLUTE
    ../fplib/fpinit.s                        0x00000000   Number         0  fpinit.o ABSOLUTE
    ..\CORE\startup_stm32f10x_hd.s           0x00000000   Number         0  startup_stm32f10x_hd.o ABSOLUTE
    ..\HARDWARE\Appinterface\appInterface.c  0x00000000   Number         0  appinterface.o ABSOLUTE
    ..\HARDWARE\LED\led.c                    0x00000000   Number         0  led.o ABSOLUTE
    ..\STM32F10x_FWLib\src\misc.c            0x00000000   Number         0  misc.o ABSOLUTE
    ..\STM32F10x_FWLib\src\stm32f10x_gpio.c  0x00000000   Number         0  stm32f10x_gpio.o ABSOLUTE
    ..\STM32F10x_FWLib\src\stm32f10x_rcc.c   0x00000000   Number         0  stm32f10x_rcc.o ABSOLUTE
    ..\SYSTEM\sys\sys.c                      0x00000000   Number         0  sys.o ABSOLUTE
    dc.s                                     0x00000000   Number         0  dc.o ABSOLUTE
    main.c                                   0x00000000   Number         0  main.o ABSOLUTE
    stm32f10x_it.c                           0x00000000   Number         0  stm32f10x_it.o ABSOLUTE
    RESET                                    0x2000c000   Section       44  startup_stm32f10x_hd.o(RESET)
    !!!main                                  0x2000c02c   Section        8  __main.o(!!!main)
    !!!scatter                               0x2000c034   Section       52  __scatter.o(!!!scatter)
    !!handler_copy                           0x2000c068   Section       26  __scatter_copy.o(!!handler_copy)
    !!handler_zi                             0x2000c084   Section       28  __scatter_zi.o(!!handler_zi)
    .ARM.Collect$$_printf_percent$$00000000  0x2000c0a0   Section        0  _printf_percent.o(.ARM.Collect$$_printf_percent$$00000000)
    .ARM.Collect$$_printf_percent$$0000000C  0x2000c0a0   Section        6  _printf_x.o(.ARM.Collect$$_printf_percent$$0000000C)
    .ARM.Collect$$_printf_percent$$00000017  0x2000c0a6   Section        4  _printf_percent_end.o(.ARM.Collect$$_printf_percent$$00000017)
    .ARM.Collect$$libinit$$00000000          0x2000c0aa   Section        2  libinit.o(.ARM.Collect$$libinit$$00000000)
    .ARM.Collect$$libinit$$00000002          0x2000c0ac   Section        0  libinit2.o(.ARM.Collect$$libinit$$00000002)
    .ARM.Collect$$libinit$$00000003          0x2000c0ac   Section        8  libinit2.o(.ARM.Collect$$libinit$$00000003)
    .ARM.Collect$$libinit$$00000008          0x2000c0b4   Section        0  libinit2.o(.ARM.Collect$$libinit$$00000008)
    .ARM.Collect$$libinit$$0000000A          0x2000c0b4   Section        0  libinit2.o(.ARM.Collect$$libinit$$0000000A)
    .ARM.Collect$$libinit$$0000000C          0x2000c0b4   Section        0  libinit2.o(.ARM.Collect$$libinit$$0000000C)
    .ARM.Collect$$libinit$$0000000F          0x2000c0b4   Section        0  libinit2.o(.ARM.Collect$$libinit$$0000000F)
    .ARM.Collect$$libinit$$00000011          0x2000c0b4   Section        0  libinit2.o(.ARM.Collect$$libinit$$00000011)
    .ARM.Collect$$libinit$$00000013          0x2000c0b4   Section        0  libinit2.o(.ARM.Collect$$libinit$$00000013)
    .ARM.Collect$$libinit$$00000015          0x2000c0b4   Section        0  libinit2.o(.ARM.Collect$$libinit$$00000015)
    .ARM.Collect$$libinit$$00000017          0x2000c0b4   Section        0  libinit2.o(.ARM.Collect$$libinit$$00000017)
    .ARM.Collect$$libinit$$00000019          0x2000c0b4   Section        0  libinit2.o(.ARM.Collect$$libinit$$00000019)
    .ARM.Collect$$libinit$$0000001B          0x2000c0b4   Section        0  libinit2.o(.ARM.Collect$$libinit$$0000001B)
    .ARM.Collect$$libinit$$0000001D          0x2000c0b4   Section        0  libinit2.o(.ARM.Collect$$libinit$$0000001D)
    .ARM.Collect$$libinit$$0000001F          0x2000c0b4   Section        0  libinit2.o(.ARM.Collect$$libinit$$0000001F)
    .ARM.Collect$$libinit$$00000021          0x2000c0b4   Section        0  libinit2.o(.ARM.Collect$$libinit$$00000021)
    .ARM.Collect$$libinit$$00000022          0x2000c0b4   Section        4  libinit2.o(.ARM.Collect$$libinit$$00000022)
    .ARM.Collect$$libinit$$00000023          0x2000c0b8   Section        0  libinit2.o(.ARM.Collect$$libinit$$00000023)
    .ARM.Collect$$libinit$$0000002A          0x2000c0b8   Section        0  libinit2.o(.ARM.Collect$$libinit$$0000002A)
    .ARM.Collect$$libinit$$0000002C          0x2000c0b8   Section        0  libinit2.o(.ARM.Collect$$libinit$$0000002C)
    .ARM.Collect$$libinit$$0000002E          0x2000c0b8   Section        0  libinit2.o(.ARM.Collect$$libinit$$0000002E)
    .ARM.Collect$$libinit$$00000030          0x2000c0b8   Section        0  libinit2.o(.ARM.Collect$$libinit$$00000030)
    .ARM.Collect$$libinit$$00000031          0x2000c0b8   Section        2  libinit2.o(.ARM.Collect$$libinit$$00000031)
    .ARM.Collect$$libshutdown$$00000000      0x2000c0ba   Section        2  libshutdown.o(.ARM.Collect$$libshutdown$$00000000)
    .ARM.Collect$$libshutdown$$00000002      0x2000c0bc   Section        4  libshutdown2.o(.ARM.Collect$$libshutdown$$00000002)
    .ARM.Collect$$libshutdown$$00000003      0x2000c0c0   Section        0  libshutdown2.o(.ARM.Collect$$libshutdown$$00000003)
    .ARM.Collect$$libshutdown$$00000006      0x2000c0c0   Section        0  libshutdown2.o(.ARM.Collect$$libshutdown$$00000006)
    .ARM.Collect$$libshutdown$$00000009      0x2000c0c0   Section        0  libshutdown2.o(.ARM.Collect$$libshutdown$$00000009)
    .ARM.Collect$$libshutdown$$0000000B      0x2000c0c0   Section        0  libshutdown2.o(.ARM.Collect$$libshutdown$$0000000B)
    .ARM.Collect$$libshutdown$$0000000E      0x2000c0c0   Section        0  libshutdown2.o(.ARM.Collect$$libshutdown$$0000000E)
    .ARM.Collect$$libshutdown$$0000000F      0x2000c0c0   Section        2  libshutdown2.o(.ARM.Collect$$libshutdown$$0000000F)
    .ARM.Collect$$rtentry$$00000000          0x2000c0c2   Section        0  rtentry.o(.ARM.Collect$$rtentry$$00000000)
    .ARM.Collect$$rtentry$$00000002          0x2000c0c2   Section        0  rtentry2.o(.ARM.Collect$$rtentry$$00000002)
    .ARM.Collect$$rtentry$$00000004          0x2000c0c2   Section        6  rtentry4.o(.ARM.Collect$$rtentry$$00000004)
    .ARM.Collect$$rtentry$$00000009          0x2000c0c8   Section        0  rtentry2.o(.ARM.Collect$$rtentry$$00000009)
    .ARM.Collect$$rtentry$$0000000A          0x2000c0c8   Section        4  rtentry2.o(.ARM.Collect$$rtentry$$0000000A)
    .ARM.Collect$$rtentry$$0000000C          0x2000c0cc   Section        0  rtentry2.o(.ARM.Collect$$rtentry$$0000000C)
    .ARM.Collect$$rtentry$$0000000D          0x2000c0cc   Section        8  rtentry2.o(.ARM.Collect$$rtentry$$0000000D)
    .ARM.Collect$$rtexit$$00000000           0x2000c0d4   Section        2  rtexit.o(.ARM.Collect$$rtexit$$00000000)
    .ARM.Collect$$rtexit$$00000002           0x2000c0d6   Section        0  rtexit2.o(.ARM.Collect$$rtexit$$00000002)
    .ARM.Collect$$rtexit$$00000003           0x2000c0d6   Section        4  rtexit2.o(.ARM.Collect$$rtexit$$00000003)
    .ARM.Collect$$rtexit$$00000004           0x2000c0da   Section        6  rtexit2.o(.ARM.Collect$$rtexit$$00000004)
    .emb_text                                0x2000c0e0   Section        0  maybetermalloc1.o(.emb_text)
    .text                                    0x2000c0e0   Section        0  main.o(.text)
    .text                                    0x2000c1ac   Section        0  stm32f10x_it.o(.text)
    .text                                    0x2000c1c8   Section       56  startup_stm32f10x_hd.o(.text)
    .text                                    0x2000c200   Section        0  stm32f10x_gpio.o(.text)
    .text                                    0x2000c558   Section        0  stm32f10x_rcc.o(.text)
    .text                                    0x2000c8fc   Section        0  appinterface.o(.text)
    .text                                    0x2000ca98   Section        0  noretval__2printf.o(.text)
    .text                                    0x2000cab0   Section        0  __printf.o(.text)
    .text                                    0x2000cb18   Section        0  _printf_hex_int.o(.text)
    .text                                    0x2000cb74   Section        0  heapauxi.o(.text)
    .text                                    0x2000cb7a   Section        0  _printf_intcommon.o(.text)
    .text                                    0x2000cc34   Section        0  _printf_char_file.o(.text)
    .text                                    0x2000cc58   Section        0  _printf_char_common.o(.text)
    _printf_input_char                       0x2000cc59   Thumb Code    10  _printf_char_common.o(.text)
    .text                                    0x2000cc88   Section        0  ferror.o(.text)
    .text                                    0x2000cc90   Section        0  initio.o(.text)
    .text                                    0x2000cdc8   Section        0  sys_io.o(.text)
    .text                                    0x2000ce2e   Section       74  sys_stackheap_outer.o(.text)
    .text                                    0x2000ce78   Section        0  h1_free.o(.text)
    .text                                    0x2000cec6   Section        0  flsbuf.o(.text)
    .text                                    0x2000d0a4   Section        0  setvbuf.o(.text)
    .text                                    0x2000d0ec   Section        0  fopen.o(.text)
    _freopen_locked                          0x2000d0ed   Thumb Code     0  fopen.o(.text)
    .text                                    0x2000d1d8   Section        0  fclose.o(.text)
    .text                                    0x2000d224   Section        0  exit.o(.text)
    .text                                    0x2000d230   Section        0  defsig_rtred_outer.o(.text)
    .text                                    0x2000d23e   Section       78  rt_memclr_w.o(.text)
    .text                                    0x2000d28c   Section        8  libspace.o(.text)
    .text                                    0x2000d294   Section        2  use_no_semi.o(.text)
    .text                                    0x2000d296   Section        0  indicate_semi.o(.text)
    .text                                    0x2000d298   Section        8  rt_heap_descriptor_intlibspace.o(.text)
    .text                                    0x2000d2a0   Section        0  hguard.o(.text)
    .text                                    0x2000d2a4   Section        0  init_alloc.o(.text)
    .text                                    0x2000d32e   Section        0  h1_alloc.o(.text)
    .text                                    0x2000d38c   Section        0  fseek.o(.text)
    .text                                    0x2000d484   Section        0  stdio.o(.text)
    .text                                    0x2000d574   Section        0  defsig_exit.o(.text)
    .text                                    0x2000d580   Section        0  defsig_rtred_inner.o(.text)
    .text                                    0x2000d5b4   Section        0  strlen.o(.text)
    .text                                    0x2000d5f4   Section        0  sys_exit.o(.text)
    .text                                    0x2000d600   Section        0  h1_init.o(.text)
    .text                                    0x2000d60e   Section        0  h1_extend.o(.text)
    .text                                    0x2000d642   Section        0  ftell.o(.text)
    .text                                    0x2000d688   Section        0  defsig_general.o(.text)
    .text                                    0x2000d6ba   Section        0  defsig_rtmem_outer.o(.text)
    .text                                    0x2000d6c8   Section        0  sys_wrch.o(.text)
    .text                                    0x2000d6d8   Section        8  rt_errno_addr_intlibspace.o(.text)
    .text                                    0x2000d6e0   Section        0  defsig_rtmem_inner.o(.text)
    i.fputc                                  0x2000d730   Section        0  fputc.o(i.fputc)
    .constdata                               0x2000d74c   Section       71  appinterface.o(.constdata)
    .constdata                               0x2000d793   Section       40  _printf_hex_int.o(.constdata)
    uc_hextab                                0x2000d793   Data          20  _printf_hex_int.o(.constdata)
    lc_hextab                                0x2000d7a7   Data          20  _printf_hex_int.o(.constdata)
    .constdata                               0x2000d7bb   Section        4  sys_io.o(.constdata)
    .constdata                               0x2000d7bf   Section        4  sys_io.o(.constdata)
    .constdata                               0x2000d7c3   Section        4  sys_io.o(.constdata)
    .data                                    0x2000f000   Section       20  stm32f10x_rcc.o(.data)
    APBAHBPrescTable                         0x2000f000   Data          16  stm32f10x_rcc.o(.data)
    ADCPrescTable                            0x2000f010   Data           4  stm32f10x_rcc.o(.data)
    .data                                    0x2000f014   Section      104  appinterface.o(.data)
    .data                                    0x2000f07c   Section        4  stdio_streams.o(.data)
    .data                                    0x2000f080   Section        4  stdio_streams.o(.data)
    .data                                    0x2000f084   Section        4  stdio_streams.o(.data)
    .bss                                     0x2000f088   Section       84  stdio_streams.o(.bss)
    .bss                                     0x2000f0dc   Section       84  stdio_streams.o(.bss)
    .bss                                     0x2000f130   Section       84  stdio_streams.o(.bss)
    .bss                                     0x2000f184   Section       96  libspace.o(.bss)
    HEAP                                     0x2000f1e8   Section      512  startup_stm32f10x_hd.o(HEAP)
    Heap_Mem                                 0x2000f1e8   Data         512  startup_stm32f10x_hd.o(HEAP)
    STACK                                    0x2000f3e8   Section     1024  startup_stm32f10x_hd.o(STACK)
    Stack_Mem                                0x2000f3e8   Data        1024  startup_stm32f10x_hd.o(STACK)

    Global Symbols

    Symbol Name                              Value     Ov Type        Size  Object(Section)

    BuildAttributes$$THM_ISAv4$P$D$K$B$S$PE$A:L22UL41UL21$X:L11$S22US41US21$IEEE1$IW$USESV6$~STKCKD$USESV7$~SHL$OTIME$ROPI$EBA8$UX$STANDARDLIB$REQ8$PRES8$EABIv2 0x00000000   Number         0  anon$$obj.o ABSOLUTE
    __ARM_use_no_argv                        0x00000000   Number         0  main.o ABSOLUTE
    __ARM_exceptions_init                     - Undefined Weak Reference
    __alloca_initialize                       - Undefined Weak Reference
    __cpp_initialize__aeabi_                  - Undefined Weak Reference
    __cxa_finalize                            - Undefined Weak Reference
    __rt_locale                               - Undefined Weak Reference
    __sigvec_lookup                           - Undefined Weak Reference
    __user_heap_extent                        - Undefined Weak Reference
    _atexit_init                              - Undefined Weak Reference
    _call_atexit_fns                          - Undefined Weak Reference
    _clock_init                               - Undefined Weak Reference
    _fp_trap_init                             - Undefined Weak Reference
    _fp_trap_shutdown                         - Undefined Weak Reference
    _get_lc_collate                           - Undefined Weak Reference
    _get_lc_ctype                             - Undefined Weak Reference
    _get_lc_monetary                          - Undefined Weak Reference
    _get_lc_numeric                           - Undefined Weak Reference
    _get_lc_time                              - Undefined Weak Reference
    _getenv_init                              - Undefined Weak Reference
    _handle_redirection                       - Undefined Weak Reference
    _mutex_acquire                            - Undefined Weak Reference
    _mutex_free                               - Undefined Weak Reference
    _mutex_release                            - Undefined Weak Reference
    _printf_post_padding                      - Undefined Weak Reference
    _printf_pre_padding                       - Undefined Weak Reference
    _printf_truncate_unsigned                 - Undefined Weak Reference
    _rand_init                                - Undefined Weak Reference
    _signal_finish                            - Undefined Weak Reference
    _signal_init                              - Undefined Weak Reference
    __Vectors_Size                           0x0000002c   Number         0  startup_stm32f10x_hd.o ABSOLUTE
    __Vectors                                0x2000c000   Data           4  startup_stm32f10x_hd.o(RESET)
    __Vectors_End                            0x2000c02c   Data           0  startup_stm32f10x_hd.o(RESET)
    __main                                   0x2000c02d   Thumb Code     8  __main.o(!!!main)
    __scatterload                            0x2000c035   Thumb Code     0  __scatter.o(!!!scatter)
    __scatterload_rt2                        0x2000c035   Thumb Code    44  __scatter.o(!!!scatter)
    __scatterload_rt2_thumb_only             0x2000c035   Thumb Code     0  __scatter.o(!!!scatter)
    __scatterload_null                       0x2000c043   Thumb Code     0  __scatter.o(!!!scatter)
    __scatterload_copy                       0x2000c069   Thumb Code    26  __scatter_copy.o(!!handler_copy)
    __scatterload_zeroinit                   0x2000c085   Thumb Code    28  __scatter_zi.o(!!handler_zi)
    _printf_percent                          0x2000c0a1   Thumb Code     0  _printf_percent.o(.ARM.Collect$$_printf_percent$$00000000)
    _printf_x                                0x2000c0a1   Thumb Code     0  _printf_x.o(.ARM.Collect$$_printf_percent$$0000000C)
    _printf_percent_end                      0x2000c0a7   Thumb Code     0  _printf_percent_end.o(.ARM.Collect$$_printf_percent$$00000017)
    __rt_lib_init                            0x2000c0ab   Thumb Code     0  libinit.o(.ARM.Collect$$libinit$$00000000)
    __rt_lib_init_fp_1                       0x2000c0ad   Thumb Code     0  libinit2.o(.ARM.Collect$$libinit$$00000002)
    __rt_lib_init_heap_2                     0x2000c0ad   Thumb Code     0  libinit2.o(.ARM.Collect$$libinit$$00000003)
    __rt_lib_init_atexit_1                   0x2000c0b5   Thumb Code     0  libinit2.o(.ARM.Collect$$libinit$$00000019)
    __rt_lib_init_clock_1                    0x2000c0b5   Thumb Code     0  libinit2.o(.ARM.Collect$$libinit$$0000001F)
    __rt_lib_init_fp_trap_1                  0x2000c0b5   Thumb Code     0  libinit2.o(.ARM.Collect$$libinit$$0000001D)
    __rt_lib_init_getenv_1                   0x2000c0b5   Thumb Code     0  libinit2.o(.ARM.Collect$$libinit$$00000021)
    __rt_lib_init_heap_1                     0x2000c0b5   Thumb Code     0  libinit2.o(.ARM.Collect$$libinit$$00000008)
    __rt_lib_init_lc_collate_1               0x2000c0b5   Thumb Code     0  libinit2.o(.ARM.Collect$$libinit$$0000000F)
    __rt_lib_init_lc_ctype_1                 0x2000c0b5   Thumb Code     0  libinit2.o(.ARM.Collect$$libinit$$00000011)
    __rt_lib_init_lc_monetary_1              0x2000c0b5   Thumb Code     0  libinit2.o(.ARM.Collect$$libinit$$00000013)
    __rt_lib_init_lc_numeric_1               0x2000c0b5   Thumb Code     0  libinit2.o(.ARM.Collect$$libinit$$00000015)
    __rt_lib_init_lc_time_1                  0x2000c0b5   Thumb Code     0  libinit2.o(.ARM.Collect$$libinit$$00000017)
    __rt_lib_init_rand_1                     0x2000c0b5   Thumb Code     0  libinit2.o(.ARM.Collect$$libinit$$0000000C)
    __rt_lib_init_signal_1                   0x2000c0b5   Thumb Code     0  libinit2.o(.ARM.Collect$$libinit$$0000001B)
    __rt_lib_init_stdio_2                    0x2000c0b5   Thumb Code     0  libinit2.o(.ARM.Collect$$libinit$$00000022)
    __rt_lib_init_user_alloc_1               0x2000c0b5   Thumb Code     0  libinit2.o(.ARM.Collect$$libinit$$0000000A)
    __rt_lib_init_alloca_1                   0x2000c0b9   Thumb Code     0  libinit2.o(.ARM.Collect$$libinit$$0000002C)
    __rt_lib_init_argv_1                     0x2000c0b9   Thumb Code     0  libinit2.o(.ARM.Collect$$libinit$$0000002A)
    __rt_lib_init_cpp_1                      0x2000c0b9   Thumb Code     0  libinit2.o(.ARM.Collect$$libinit$$00000030)
    __rt_lib_init_exceptions_1               0x2000c0b9   Thumb Code     0  libinit2.o(.ARM.Collect$$libinit$$0000002E)
    __rt_lib_init_return                     0x2000c0b9   Thumb Code     0  libinit2.o(.ARM.Collect$$libinit$$00000031)
    __rt_lib_init_stdio_1                    0x2000c0b9   Thumb Code     0  libinit2.o(.ARM.Collect$$libinit$$00000023)
    __rt_lib_shutdown                        0x2000c0bb   Thumb Code     0  libshutdown.o(.ARM.Collect$$libshutdown$$00000000)
    __rt_lib_shutdown_stdio_2                0x2000c0bd   Thumb Code     0  libshutdown2.o(.ARM.Collect$$libshutdown$$00000002)
    __rt_lib_shutdown_fp_trap_1              0x2000c0c1   Thumb Code     0  libshutdown2.o(.ARM.Collect$$libshutdown$$00000006)
    __rt_lib_shutdown_heap_1                 0x2000c0c1   Thumb Code     0  libshutdown2.o(.ARM.Collect$$libshutdown$$0000000E)
    __rt_lib_shutdown_return                 0x2000c0c1   Thumb Code     0  libshutdown2.o(.ARM.Collect$$libshutdown$$0000000F)
    __rt_lib_shutdown_signal_1               0x2000c0c1   Thumb Code     0  libshutdown2.o(.ARM.Collect$$libshutdown$$00000009)
    __rt_lib_shutdown_stdio_1                0x2000c0c1   Thumb Code     0  libshutdown2.o(.ARM.Collect$$libshutdown$$00000003)
    __rt_lib_shutdown_user_alloc_1           0x2000c0c1   Thumb Code     0  libshutdown2.o(.ARM.Collect$$libshutdown$$0000000B)
    __rt_entry                               0x2000c0c3   Thumb Code     0  rtentry.o(.ARM.Collect$$rtentry$$00000000)
    __rt_entry_presh_1                       0x2000c0c3   Thumb Code     0  rtentry2.o(.ARM.Collect$$rtentry$$00000002)
    __rt_entry_sh                            0x2000c0c3   Thumb Code     0  rtentry4.o(.ARM.Collect$$rtentry$$00000004)
    __rt_entry_li                            0x2000c0c9   Thumb Code     0  rtentry2.o(.ARM.Collect$$rtentry$$0000000A)
    __rt_entry_postsh_1                      0x2000c0c9   Thumb Code     0  rtentry2.o(.ARM.Collect$$rtentry$$00000009)
    __rt_entry_main                          0x2000c0cd   Thumb Code     0  rtentry2.o(.ARM.Collect$$rtentry$$0000000D)
    __rt_entry_postli_1                      0x2000c0cd   Thumb Code     0  rtentry2.o(.ARM.Collect$$rtentry$$0000000C)
    __rt_exit                                0x2000c0d5   Thumb Code     0  rtexit.o(.ARM.Collect$$rtexit$$00000000)
    __rt_exit_ls                             0x2000c0d7   Thumb Code     0  rtexit2.o(.ARM.Collect$$rtexit$$00000003)
    __rt_exit_prels_1                        0x2000c0d7   Thumb Code     0  rtexit2.o(.ARM.Collect$$rtexit$$00000002)
    __rt_exit_exit                           0x2000c0db   Thumb Code     0  rtexit2.o(.ARM.Collect$$rtexit$$00000004)
    _maybe_terminate_alloc                   0x2000c0e1   Thumb Code     0  maybetermalloc1.o(.emb_text)
    led_flash                                0x2000c0e1   Thumb Code    96  main.o(.text)
    main                                     0x2000c141   Thumb Code    12  main.o(.text)
    NMI_Handler                              0x2000c1ad   Thumb Code     2  stm32f10x_it.o(.text)
    HardFault_Handler                        0x2000c1af   Thumb Code     4  stm32f10x_it.o(.text)
    MemManage_Handler                        0x2000c1b3   Thumb Code     4  stm32f10x_it.o(.text)
    BusFault_Handler                         0x2000c1b7   Thumb Code     4  stm32f10x_it.o(.text)
    UsageFault_Handler                       0x2000c1bb   Thumb Code     4  stm32f10x_it.o(.text)
    SVC_Handler                              0x2000c1bf   Thumb Code     2  stm32f10x_it.o(.text)
    DebugMon_Handler                         0x2000c1c1   Thumb Code     2  stm32f10x_it.o(.text)
    PendSV_Handler                           0x2000c1c3   Thumb Code     2  stm32f10x_it.o(.text)
    SysTick_Handler                          0x2000c1c5   Thumb Code     2  stm32f10x_it.o(.text)
    Reset_Handler                            0x2000c1c9   Thumb Code     4  startup_stm32f10x_hd.o(.text)
    ADC1_2_IRQHandler                        0x2000c1df   Thumb Code     0  startup_stm32f10x_hd.o(.text)
    ADC3_IRQHandler                          0x2000c1df   Thumb Code     0  startup_stm32f10x_hd.o(.text)
    CAN1_RX1_IRQHandler                      0x2000c1df   Thumb Code     0  startup_stm32f10x_hd.o(.text)
    CAN1_SCE_IRQHandler                      0x2000c1df   Thumb Code     0  startup_stm32f10x_hd.o(.text)
    DMA1_Channel1_IRQHandler                 0x2000c1df   Thumb Code     0  startup_stm32f10x_hd.o(.text)
    DMA1_Channel2_IRQHandler                 0x2000c1df   Thumb Code     0  startup_stm32f10x_hd.o(.text)
    DMA1_Channel3_IRQHandler                 0x2000c1df   Thumb Code     0  startup_stm32f10x_hd.o(.text)
    DMA1_Channel4_IRQHandler                 0x2000c1df   Thumb Code     0  startup_stm32f10x_hd.o(.text)
    DMA1_Channel5_IRQHandler                 0x2000c1df   Thumb Code     0  startup_stm32f10x_hd.o(.text)
    DMA1_Channel6_IRQHandler                 0x2000c1df   Thumb Code     0  startup_stm32f10x_hd.o(.text)
    DMA1_Channel7_IRQHandler                 0x2000c1df   Thumb Code     0  startup_stm32f10x_hd.o(.text)
    DMA2_Channel1_IRQHandler                 0x2000c1df   Thumb Code     0  startup_stm32f10x_hd.o(.text)
    DMA2_Channel2_IRQHandler                 0x2000c1df   Thumb Code     0  startup_stm32f10x_hd.o(.text)
    DMA2_Channel3_IRQHandler                 0x2000c1df   Thumb Code     0  startup_stm32f10x_hd.o(.text)
    DMA2_Channel4_5_IRQHandler               0x2000c1df   Thumb Code     0  startup_stm32f10x_hd.o(.text)
    EXTI0_IRQHandler                         0x2000c1df   Thumb Code     0  startup_stm32f10x_hd.o(.text)
    EXTI15_10_IRQHandler                     0x2000c1df   Thumb Code     0  startup_stm32f10x_hd.o(.text)
    EXTI1_IRQHandler                         0x2000c1df   Thumb Code     0  startup_stm32f10x_hd.o(.text)
    EXTI2_IRQHandler                         0x2000c1df   Thumb Code     0  startup_stm32f10x_hd.o(.text)
    EXTI3_IRQHandler                         0x2000c1df   Thumb Code     0  startup_stm32f10x_hd.o(.text)
    EXTI4_IRQHandler                         0x2000c1df   Thumb Code     0  startup_stm32f10x_hd.o(.text)
    EXTI9_5_IRQHandler                       0x2000c1df   Thumb Code     0  startup_stm32f10x_hd.o(.text)
    FLASH_IRQHandler                         0x2000c1df   Thumb Code     0  startup_stm32f10x_hd.o(.text)
    FSMC_IRQHandler                          0x2000c1df   Thumb Code     0  startup_stm32f10x_hd.o(.text)
    I2C1_ER_IRQHandler                       0x2000c1df   Thumb Code     0  startup_stm32f10x_hd.o(.text)
    I2C1_EV_IRQHandler                       0x2000c1df   Thumb Code     0  startup_stm32f10x_hd.o(.text)
    I2C2_ER_IRQHandler                       0x2000c1df   Thumb Code     0  startup_stm32f10x_hd.o(.text)
    I2C2_EV_IRQHandler                       0x2000c1df   Thumb Code     0  startup_stm32f10x_hd.o(.text)
    PVD_IRQHandler                           0x2000c1df   Thumb Code     0  startup_stm32f10x_hd.o(.text)
    RCC_IRQHandler                           0x2000c1df   Thumb Code     0  startup_stm32f10x_hd.o(.text)
    RTCAlarm_IRQHandler                      0x2000c1df   Thumb Code     0  startup_stm32f10x_hd.o(.text)
    RTC_IRQHandler                           0x2000c1df   Thumb Code     0  startup_stm32f10x_hd.o(.text)
    SDIO_IRQHandler                          0x2000c1df   Thumb Code     0  startup_stm32f10x_hd.o(.text)
    SPI1_IRQHandler                          0x2000c1df   Thumb Code     0  startup_stm32f10x_hd.o(.text)
    SPI2_IRQHandler                          0x2000c1df   Thumb Code     0  startup_stm32f10x_hd.o(.text)
    SPI3_IRQHandler                          0x2000c1df   Thumb Code     0  startup_stm32f10x_hd.o(.text)
    TAMPER_IRQHandler                        0x2000c1df   Thumb Code     0  startup_stm32f10x_hd.o(.text)
    TIM1_BRK_IRQHandler                      0x2000c1df   Thumb Code     0  startup_stm32f10x_hd.o(.text)
    TIM1_CC_IRQHandler                       0x2000c1df   Thumb Code     0  startup_stm32f10x_hd.o(.text)
    TIM1_TRG_COM_IRQHandler                  0x2000c1df   Thumb Code     0  startup_stm32f10x_hd.o(.text)
    TIM1_UP_IRQHandler                       0x2000c1df   Thumb Code     0  startup_stm32f10x_hd.o(.text)
    TIM2_IRQHandler                          0x2000c1df   Thumb Code     0  startup_stm32f10x_hd.o(.text)
    TIM3_IRQHandler                          0x2000c1df   Thumb Code     0  startup_stm32f10x_hd.o(.text)
    TIM4_IRQHandler                          0x2000c1df   Thumb Code     0  startup_stm32f10x_hd.o(.text)
    TIM5_IRQHandler                          0x2000c1df   Thumb Code     0  startup_stm32f10x_hd.o(.text)
    TIM6_IRQHandler                          0x2000c1df   Thumb Code     0  startup_stm32f10x_hd.o(.text)
    TIM7_IRQHandler                          0x2000c1df   Thumb Code     0  startup_stm32f10x_hd.o(.text)
    TIM8_BRK_IRQHandler                      0x2000c1df   Thumb Code     0  startup_stm32f10x_hd.o(.text)
    TIM8_CC_IRQHandler                       0x2000c1df   Thumb Code     0  startup_stm32f10x_hd.o(.text)
    TIM8_TRG_COM_IRQHandler                  0x2000c1df   Thumb Code     0  startup_stm32f10x_hd.o(.text)
    TIM8_UP_IRQHandler                       0x2000c1df   Thumb Code     0  startup_stm32f10x_hd.o(.text)
    UART4_IRQHandler                         0x2000c1df   Thumb Code     0  startup_stm32f10x_hd.o(.text)
    UART5_IRQHandler                         0x2000c1df   Thumb Code     0  startup_stm32f10x_hd.o(.text)
    USART1_IRQHandler                        0x2000c1df   Thumb Code     0  startup_stm32f10x_hd.o(.text)
    USART2_IRQHandler                        0x2000c1df   Thumb Code     0  startup_stm32f10x_hd.o(.text)
    USART3_IRQHandler                        0x2000c1df   Thumb Code     0  startup_stm32f10x_hd.o(.text)
    USBWakeUp_IRQHandler                     0x2000c1df   Thumb Code     0  startup_stm32f10x_hd.o(.text)
    USB_HP_CAN1_TX_IRQHandler                0x2000c1df   Thumb Code     0  startup_stm32f10x_hd.o(.text)
    USB_LP_CAN1_RX0_IRQHandler               0x2000c1df   Thumb Code     0  startup_stm32f10x_hd.o(.text)
    WWDG_IRQHandler                          0x2000c1df   Thumb Code     0  startup_stm32f10x_hd.o(.text)
    __user_initial_stackheap                 0x2000c1e1   Thumb Code     0  startup_stm32f10x_hd.o(.text)
    GPIO_DeInit                              0x2000c201   Thumb Code   172  stm32f10x_gpio.o(.text)
    GPIO_AFIODeInit                          0x2000c2ad   Thumb Code    20  stm32f10x_gpio.o(.text)
    GPIO_Init                                0x2000c2c1   Thumb Code   274  stm32f10x_gpio.o(.text)
    GPIO_StructInit                          0x2000c3d3   Thumb Code    16  stm32f10x_gpio.o(.text)
    GPIO_ReadInputDataBit                    0x2000c3e3   Thumb Code    18  stm32f10x_gpio.o(.text)
    GPIO_ReadInputData                       0x2000c3f5   Thumb Code     8  stm32f10x_gpio.o(.text)
    GPIO_ReadOutputDataBit                   0x2000c3fd   Thumb Code    18  stm32f10x_gpio.o(.text)
    GPIO_ReadOutputData                      0x2000c40f   Thumb Code     8  stm32f10x_gpio.o(.text)
    GPIO_SetBits                             0x2000c417   Thumb Code     4  stm32f10x_gpio.o(.text)
    GPIO_ResetBits                           0x2000c41b   Thumb Code     4  stm32f10x_gpio.o(.text)
    GPIO_WriteBit                            0x2000c41f   Thumb Code    10  stm32f10x_gpio.o(.text)
    GPIO_Write                               0x2000c429   Thumb Code     4  stm32f10x_gpio.o(.text)
    GPIO_PinLockConfig                       0x2000c42d   Thumb Code    18  stm32f10x_gpio.o(.text)
    GPIO_EventOutputConfig                   0x2000c43f   Thumb Code    26  stm32f10x_gpio.o(.text)
    GPIO_EventOutputCmd                      0x2000c459   Thumb Code     6  stm32f10x_gpio.o(.text)
    GPIO_PinRemapConfig                      0x2000c45f   Thumb Code   138  stm32f10x_gpio.o(.text)
    GPIO_EXTILineConfig                      0x2000c4e9   Thumb Code    66  stm32f10x_gpio.o(.text)
    GPIO_ETH_MediaInterfaceConfig            0x2000c52b   Thumb Code     6  stm32f10x_gpio.o(.text)
    RCC_DeInit                               0x2000c559   Thumb Code    64  stm32f10x_rcc.o(.text)
    RCC_HSEConfig                            0x2000c599   Thumb Code    70  stm32f10x_rcc.o(.text)
    RCC_GetFlagStatus                        0x2000c5df   Thumb Code    56  stm32f10x_rcc.o(.text)
    RCC_WaitForHSEStartUp                    0x2000c617   Thumb Code    56  stm32f10x_rcc.o(.text)
    RCC_AdjustHSICalibrationValue            0x2000c64f   Thumb Code    20  stm32f10x_rcc.o(.text)
    RCC_HSICmd                               0x2000c663   Thumb Code     6  stm32f10x_rcc.o(.text)
    RCC_PLLConfig                            0x2000c669   Thumb Code    24  stm32f10x_rcc.o(.text)
    RCC_PLLCmd                               0x2000c681   Thumb Code     6  stm32f10x_rcc.o(.text)
    RCC_SYSCLKConfig                         0x2000c687   Thumb Code    18  stm32f10x_rcc.o(.text)
    RCC_GetSYSCLKSource                      0x2000c699   Thumb Code    10  stm32f10x_rcc.o(.text)
    RCC_HCLKConfig                           0x2000c6a3   Thumb Code    18  stm32f10x_rcc.o(.text)
    RCC_PCLK1Config                          0x2000c6b5   Thumb Code    18  stm32f10x_rcc.o(.text)
    RCC_PCLK2Config                          0x2000c6c7   Thumb Code    20  stm32f10x_rcc.o(.text)
    RCC_ITConfig                             0x2000c6db   Thumb Code    26  stm32f10x_rcc.o(.text)
    RCC_USBCLKConfig                         0x2000c6f5   Thumb Code     6  stm32f10x_rcc.o(.text)
    RCC_ADCCLKConfig                         0x2000c6fb   Thumb Code    18  stm32f10x_rcc.o(.text)
    RCC_LSEConfig                            0x2000c70d   Thumb Code    44  stm32f10x_rcc.o(.text)
    RCC_LSICmd                               0x2000c739   Thumb Code     6  stm32f10x_rcc.o(.text)
    RCC_RTCCLKConfig                         0x2000c73f   Thumb Code    12  stm32f10x_rcc.o(.text)
    RCC_RTCCLKCmd                            0x2000c74b   Thumb Code     8  stm32f10x_rcc.o(.text)
    RCC_GetClocksFreq                        0x2000c753   Thumb Code   192  stm32f10x_rcc.o(.text)
    RCC_AHBPeriphClockCmd                    0x2000c813   Thumb Code    26  stm32f10x_rcc.o(.text)
    RCC_APB2PeriphClockCmd                   0x2000c82d   Thumb Code    26  stm32f10x_rcc.o(.text)
    RCC_APB1PeriphClockCmd                   0x2000c847   Thumb Code    26  stm32f10x_rcc.o(.text)
    RCC_APB2PeriphResetCmd                   0x2000c861   Thumb Code    26  stm32f10x_rcc.o(.text)
    RCC_APB1PeriphResetCmd                   0x2000c87b   Thumb Code    26  stm32f10x_rcc.o(.text)
    RCC_BackupResetCmd                       0x2000c895   Thumb Code     8  stm32f10x_rcc.o(.text)
    RCC_ClockSecuritySystemCmd               0x2000c89d   Thumb Code     6  stm32f10x_rcc.o(.text)
    RCC_MCOConfig                            0x2000c8a3   Thumb Code     6  stm32f10x_rcc.o(.text)
    RCC_ClearFlag                            0x2000c8a9   Thumb Code    14  stm32f10x_rcc.o(.text)
    RCC_GetITStatus                          0x2000c8b7   Thumb Code    20  stm32f10x_rcc.o(.text)
    RCC_ClearITPendingBit                    0x2000c8cb   Thumb Code     6  stm32f10x_rcc.o(.text)
    load_interface                           0x2000c8fd   Thumb Code   282  appinterface.o(.text)
    __2printf                                0x2000ca99   Thumb Code    20  noretval__2printf.o(.text)
    __printf                                 0x2000cab1   Thumb Code   104  __printf.o(.text)
    _printf_int_hex                          0x2000cb19   Thumb Code    88  _printf_hex_int.o(.text)
    _printf_longlong_hex                     0x2000cb19   Thumb Code     0  _printf_hex_int.o(.text)
    __use_two_region_memory                  0x2000cb75   Thumb Code     2  heapauxi.o(.text)
    __rt_heap_escrow                         0x2000cb77   Thumb Code     2  heapauxi.o(.text)
    __rt_heap_expand                         0x2000cb79   Thumb Code     2  heapauxi.o(.text)
    _printf_int_common                       0x2000cb7b   Thumb Code   184  _printf_intcommon.o(.text)
    _printf_char_file                        0x2000cc35   Thumb Code    32  _printf_char_file.o(.text)
    _printf_char_common                      0x2000cc63   Thumb Code    32  _printf_char_common.o(.text)
    ferror                                   0x2000cc89   Thumb Code     8  ferror.o(.text)
    _initio                                  0x2000cc91   Thumb Code   210  initio.o(.text)
    _terminateio                             0x2000cd63   Thumb Code    56  initio.o(.text)
    _sys_open                                0x2000cdc9   Thumb Code    20  sys_io.o(.text)
    _sys_close                               0x2000cddd   Thumb Code    12  sys_io.o(.text)
    _sys_write                               0x2000cde9   Thumb Code    16  sys_io.o(.text)
    _sys_read                                0x2000cdf9   Thumb Code    14  sys_io.o(.text)
    _sys_istty                               0x2000ce07   Thumb Code    12  sys_io.o(.text)
    _sys_seek                                0x2000ce13   Thumb Code    14  sys_io.o(.text)
    _sys_ensure                              0x2000ce21   Thumb Code     2  sys_io.o(.text)
    _sys_flen                                0x2000ce23   Thumb Code    12  sys_io.o(.text)
    __user_setup_stackheap                   0x2000ce2f   Thumb Code    74  sys_stackheap_outer.o(.text)
    free                                     0x2000ce79   Thumb Code    78  h1_free.o(.text)
    __flsbuf                                 0x2000cec7   Thumb Code   478  flsbuf.o(.text)
    __flsbuf_byte                            0x2000cec7   Thumb Code     0  flsbuf.o(.text)
    __flsbuf_wide                            0x2000cec7   Thumb Code     0  flsbuf.o(.text)
    setvbuf                                  0x2000d0a5   Thumb Code    70  setvbuf.o(.text)
    freopen                                  0x2000d0ed   Thumb Code   158  fopen.o(.text)
    fopen                                    0x2000d18b   Thumb Code    74  fopen.o(.text)
    _fclose_internal                         0x2000d1d9   Thumb Code    76  fclose.o(.text)
    fclose                                   0x2000d1d9   Thumb Code     0  fclose.o(.text)
    exit                                     0x2000d225   Thumb Code    12  exit.o(.text)
    __rt_SIGRTRED                            0x2000d231   Thumb Code    14  defsig_rtred_outer.o(.text)
    __aeabi_memclr4                          0x2000d23f   Thumb Code     0  rt_memclr_w.o(.text)
    __aeabi_memclr8                          0x2000d23f   Thumb Code     0  rt_memclr_w.o(.text)
    __rt_memclr_w                            0x2000d23f   Thumb Code    78  rt_memclr_w.o(.text)
    _memset_w                                0x2000d243   Thumb Code     0  rt_memclr_w.o(.text)
    __user_libspace                          0x2000d28d   Thumb Code     8  libspace.o(.text)
    __user_perproc_libspace                  0x2000d28d   Thumb Code     0  libspace.o(.text)
    __user_perthread_libspace                0x2000d28d   Thumb Code     0  libspace.o(.text)
    __I$use$semihosting                      0x2000d295   Thumb Code     0  use_no_semi.o(.text)
    __use_no_semihosting_swi                 0x2000d295   Thumb Code     2  use_no_semi.o(.text)
    __semihosting_library_function           0x2000d297   Thumb Code     0  indicate_semi.o(.text)
    __rt_heap_descriptor                     0x2000d299   Thumb Code     8  rt_heap_descriptor_intlibspace.o(.text)
    __use_no_heap                            0x2000d2a1   Thumb Code     2  hguard.o(.text)
    __heap$guard                             0x2000d2a3   Thumb Code     2  hguard.o(.text)
    _terminate_user_alloc                    0x2000d2a5   Thumb Code     2  init_alloc.o(.text)
    _init_user_alloc                         0x2000d2a7   Thumb Code     2  init_alloc.o(.text)
    __Heap_Full                              0x2000d2a9   Thumb Code    34  init_alloc.o(.text)
    __Heap_Broken                            0x2000d2cb   Thumb Code     6  init_alloc.o(.text)
    _init_alloc                              0x2000d2d1   Thumb Code    94  init_alloc.o(.text)
    malloc                                   0x2000d32f   Thumb Code    94  h1_alloc.o(.text)
    _fseek                                   0x2000d38d   Thumb Code   242  fseek.o(.text)
    fseek                                    0x2000d38d   Thumb Code     0  fseek.o(.text)
    _seterr                                  0x2000d485   Thumb Code    20  stdio.o(.text)
    _writebuf                                0x2000d499   Thumb Code    84  stdio.o(.text)
    _fflush                                  0x2000d4ed   Thumb Code    70  stdio.o(.text)
    _deferredlazyseek                        0x2000d533   Thumb Code    60  stdio.o(.text)
    __sig_exit                               0x2000d575   Thumb Code    10  defsig_exit.o(.text)
    __rt_SIGRTRED_inner                      0x2000d581   Thumb Code    14  defsig_rtred_inner.o(.text)
    strlen                                   0x2000d5b5   Thumb Code    62  strlen.o(.text)
    _sys_exit                                0x2000d5f5   Thumb Code     8  sys_exit.o(.text)
    __Heap_Initialize                        0x2000d601   Thumb Code    10  h1_init.o(.text)
    __Heap_DescSize                          0x2000d60b   Thumb Code     4  h1_init.o(.text)
    __Heap_ProvideMemory                     0x2000d60f   Thumb Code    52  h1_extend.o(.text)
    _ftell_internal                          0x2000d643   Thumb Code    70  ftell.o(.text)
    ftell                                    0x2000d643   Thumb Code     0  ftell.o(.text)
    __default_signal_display                 0x2000d689   Thumb Code    50  defsig_general.o(.text)
    __rt_SIGRTMEM                            0x2000d6bb   Thumb Code    14  defsig_rtmem_outer.o(.text)
    _ttywrch                                 0x2000d6c9   Thumb Code    14  sys_wrch.o(.text)
    __aeabi_errno_addr                       0x2000d6d9   Thumb Code     8  rt_errno_addr_intlibspace.o(.text)
    __errno$intlibspace                      0x2000d6d9   Thumb Code     0  rt_errno_addr_intlibspace.o(.text)
    __rt_errno_addr$intlibspace              0x2000d6d9   Thumb Code     0  rt_errno_addr_intlibspace.o(.text)
    __rt_SIGRTMEM_inner                      0x2000d6e1   Thumb Code    22  defsig_rtmem_inner.o(.text)
    fputc                                    0x2000d731   Thumb Code    26  fputc.o(i.fputc)
    __stdin_name                             0x2000d7bb   Data           4  sys_io.o(.constdata)
    __stdout_name                            0x2000d7bf   Data           4  sys_io.o(.constdata)
    __stderr_name                            0x2000d7c3   Data           4  sys_io.o(.constdata)
    Region$$Table$$Base                      0x2000d7c8   Number         0  anon$$obj.o(Region$$Table)
    Region$$Table$$Limit                     0x2000d7e8   Number         0  anon$$obj.o(Region$$Table)
    IAP_W25QXX_Init                          0x2000f014   Data           4  appinterface.o(.data)
    addr_interface                           0x2000f018   Data           4  appinterface.o(.data)
    printff                                  0x2000f01c   Data           4  appinterface.o(.data)
    delay_ms                                 0x2000f020   Data           4  appinterface.o(.data)
    delay_us                                 0x2000f024   Data           4  appinterface.o(.data)
    Delay_ms                                 0x2000f028   Data           4  appinterface.o(.data)
    Delay_us                                 0x2000f02c   Data           4  appinterface.o(.data)
    mymemset                                 0x2000f030   Data           4  appinterface.o(.data)
    mymemcpy                                 0x2000f034   Data           4  appinterface.o(.data)
    mem_init                                 0x2000f038   Data           4  appinterface.o(.data)
    mem_malloc                               0x2000f03c   Data           4  appinterface.o(.data)
    mem_free                                 0x2000f040   Data           4  appinterface.o(.data)
    mem_perused                              0x2000f044   Data           4  appinterface.o(.data)
    myfree                                   0x2000f048   Data           4  appinterface.o(.data)
    IIC_Init                                 0x2000f04c   Data           4  appinterface.o(.data)
    IIC_Start                                0x2000f050   Data           4  appinterface.o(.data)
    IIC_Stop                                 0x2000f054   Data           4  appinterface.o(.data)
    IIC_Send_Byte                            0x2000f058   Data           4  appinterface.o(.data)
    IIC_Read_Byte                            0x2000f05c   Data           4  appinterface.o(.data)
    IIC_Wait_Ack                             0x2000f060   Data           4  appinterface.o(.data)
    IIC_Ack                                  0x2000f064   Data           4  appinterface.o(.data)
    IIC_NAck                                 0x2000f068   Data           4  appinterface.o(.data)
    Set_Voutp                                0x2000f06c   Data           4  appinterface.o(.data)
    Set_Voutn                                0x2000f070   Data           4  appinterface.o(.data)
    Voutp_Upfirst                            0x2000f074   Data           4  appinterface.o(.data)
    LM36923_Init                             0x2000f078   Data           4  appinterface.o(.data)
    __aeabi_stdin                            0x2000f07c   Data           4  stdio_streams.o(.data)
    __aeabi_stdout                           0x2000f080   Data           4  stdio_streams.o(.data)
    __aeabi_stderr                           0x2000f084   Data           4  stdio_streams.o(.data)
    __stdin                                  0x2000f088   Data          84  stdio_streams.o(.bss)
    __stdout                                 0x2000f0dc   Data          84  stdio_streams.o(.bss)
    __stderr                                 0x2000f130   Data          84  stdio_streams.o(.bss)
    __libspace_start                         0x2000f184   Data          96  libspace.o(.bss)
    __temporary_stack_top$libspace           0x2000f1e4   Data           0  libspace.o(.bss)



==============================================================================

Memory Map of the image

  Image Entry point : 0x2000c02d

  Load Region LR_IROM1 (Base: 0x2000c000, Size: 0x00001870, Max: 0x00003000, ABSOLUTE)

    Execution Region ER_IROM1 (Base: 0x2000c000, Size: 0x000017e8, Max: 0x00003000, ABSOLUTE)

    Base Addr    Size         Type   Attr      Idx    E Section Name        Object

    0x2000c000   0x0000002c   Data   RO          116    RESET               startup_stm32f10x_hd.o
    0x2000c02c   0x00000008   Code   RO          232  * !!!main             c_w.l(__main.o)
    0x2000c034   0x00000034   Code   RO          580    !!!scatter          c_w.l(__scatter.o)
    0x2000c068   0x0000001a   Code   RO          582    !!handler_copy      c_w.l(__scatter_copy.o)
    0x2000c082   0x00000002   PAD
    0x2000c084   0x0000001c   Code   RO          584    !!handler_zi        c_w.l(__scatter_zi.o)
    0x2000c0a0   0x00000000   Code   RO          229    .ARM.Collect$$_printf_percent$$00000000  c_w.l(_printf_percent.o)
    0x2000c0a0   0x00000006   Code   RO          228    .ARM.Collect$$_printf_percent$$0000000C  c_w.l(_printf_x.o)
    0x2000c0a6   0x00000004   Code   RO          239    .ARM.Collect$$_printf_percent$$00000017  c_w.l(_printf_percent_end.o)
    0x2000c0aa   0x00000002   Code   RO          370    .ARM.Collect$$libinit$$00000000  c_w.l(libinit.o)
    0x2000c0ac   0x00000000   Code   RO          372    .ARM.Collect$$libinit$$00000002  c_w.l(libinit2.o)
    0x2000c0ac   0x00000008   Code   RO          373    .ARM.Collect$$libinit$$00000003  c_w.l(libinit2.o)
    0x2000c0b4   0x00000000   Code   RO          375    .ARM.Collect$$libinit$$00000008  c_w.l(libinit2.o)
    0x2000c0b4   0x00000000   Code   RO          377    .ARM.Collect$$libinit$$0000000A  c_w.l(libinit2.o)
    0x2000c0b4   0x00000000   Code   RO          379    .ARM.Collect$$libinit$$0000000C  c_w.l(libinit2.o)
    0x2000c0b4   0x00000000   Code   RO          382    .ARM.Collect$$libinit$$0000000F  c_w.l(libinit2.o)
    0x2000c0b4   0x00000000   Code   RO          384    .ARM.Collect$$libinit$$00000011  c_w.l(libinit2.o)
    0x2000c0b4   0x00000000   Code   RO          386    .ARM.Collect$$libinit$$00000013  c_w.l(libinit2.o)
    0x2000c0b4   0x00000000   Code   RO          388    .ARM.Collect$$libinit$$00000015  c_w.l(libinit2.o)
    0x2000c0b4   0x00000000   Code   RO          390    .ARM.Collect$$libinit$$00000017  c_w.l(libinit2.o)
    0x2000c0b4   0x00000000   Code   RO          392    .ARM.Collect$$libinit$$00000019  c_w.l(libinit2.o)
    0x2000c0b4   0x00000000   Code   RO          394    .ARM.Collect$$libinit$$0000001B  c_w.l(libinit2.o)
    0x2000c0b4   0x00000000   Code   RO          396    .ARM.Collect$$libinit$$0000001D  c_w.l(libinit2.o)
    0x2000c0b4   0x00000000   Code   RO          398    .ARM.Collect$$libinit$$0000001F  c_w.l(libinit2.o)
    0x2000c0b4   0x00000000   Code   RO          400    .ARM.Collect$$libinit$$00000021  c_w.l(libinit2.o)
    0x2000c0b4   0x00000004   Code   RO          401    .ARM.Collect$$libinit$$00000022  c_w.l(libinit2.o)
    0x2000c0b8   0x00000000   Code   RO          402    .ARM.Collect$$libinit$$00000023  c_w.l(libinit2.o)
    0x2000c0b8   0x00000000   Code   RO          406    .ARM.Collect$$libinit$$0000002A  c_w.l(libinit2.o)
    0x2000c0b8   0x00000000   Code   RO          408    .ARM.Collect$$libinit$$0000002C  c_w.l(libinit2.o)
    0x2000c0b8   0x00000000   Code   RO          410    .ARM.Collect$$libinit$$0000002E  c_w.l(libinit2.o)
    0x2000c0b8   0x00000000   Code   RO          412    .ARM.Collect$$libinit$$00000030  c_w.l(libinit2.o)
    0x2000c0b8   0x00000002   Code   RO          413    .ARM.Collect$$libinit$$00000031  c_w.l(libinit2.o)
    0x2000c0ba   0x00000002   Code   RO          559    .ARM.Collect$$libshutdown$$00000000  c_w.l(libshutdown.o)
    0x2000c0bc   0x00000004   Code   RO          415    .ARM.Collect$$libshutdown$$00000002  c_w.l(libshutdown2.o)
    0x2000c0c0   0x00000000   Code   RO          416    .ARM.Collect$$libshutdown$$00000003  c_w.l(libshutdown2.o)
    0x2000c0c0   0x00000000   Code   RO          419    .ARM.Collect$$libshutdown$$00000006  c_w.l(libshutdown2.o)
    0x2000c0c0   0x00000000   Code   RO          422    .ARM.Collect$$libshutdown$$00000009  c_w.l(libshutdown2.o)
    0x2000c0c0   0x00000000   Code   RO          424    .ARM.Collect$$libshutdown$$0000000B  c_w.l(libshutdown2.o)
    0x2000c0c0   0x00000000   Code   RO          427    .ARM.Collect$$libshutdown$$0000000E  c_w.l(libshutdown2.o)
    0x2000c0c0   0x00000002   Code   RO          428    .ARM.Collect$$libshutdown$$0000000F  c_w.l(libshutdown2.o)
    0x2000c0c2   0x00000000   Code   RO          234    .ARM.Collect$$rtentry$$00000000  c_w.l(rtentry.o)
    0x2000c0c2   0x00000000   Code   RO          247    .ARM.Collect$$rtentry$$00000002  c_w.l(rtentry2.o)
    0x2000c0c2   0x00000006   Code   RO          259    .ARM.Collect$$rtentry$$00000004  c_w.l(rtentry4.o)
    0x2000c0c8   0x00000000   Code   RO          249    .ARM.Collect$$rtentry$$00000009  c_w.l(rtentry2.o)
    0x2000c0c8   0x00000004   Code   RO          250    .ARM.Collect$$rtentry$$0000000A  c_w.l(rtentry2.o)
    0x2000c0cc   0x00000000   Code   RO          252    .ARM.Collect$$rtentry$$0000000C  c_w.l(rtentry2.o)
    0x2000c0cc   0x00000008   Code   RO          253    .ARM.Collect$$rtentry$$0000000D  c_w.l(rtentry2.o)
    0x2000c0d4   0x00000002   Code   RO          437    .ARM.Collect$$rtexit$$00000000  c_w.l(rtexit.o)
    0x2000c0d6   0x00000000   Code   RO          495    .ARM.Collect$$rtexit$$00000002  c_w.l(rtexit2.o)
    0x2000c0d6   0x00000004   Code   RO          496    .ARM.Collect$$rtexit$$00000003  c_w.l(rtexit2.o)
    0x2000c0da   0x00000006   Code   RO          497    .ARM.Collect$$rtexit$$00000004  c_w.l(rtexit2.o)
    0x2000c0e0   0x00000000   Code   RO          501    .emb_text           c_w.l(maybetermalloc1.o)
    0x2000c0e0   0x000000cc   Code   RO            1    .text               main.o
    0x2000c1ac   0x0000001a   Code   RO           58    .text               stm32f10x_it.o
    0x2000c1c6   0x00000002   PAD
    0x2000c1c8   0x00000038   Code   RO          117    .text               startup_stm32f10x_hd.o
    0x2000c200   0x00000358   Code   RO          122    .text               stm32f10x_gpio.o
    0x2000c558   0x000003a4   Code   RO          146    .text               stm32f10x_rcc.o
    0x2000c8fc   0x0000019c   Code   RO          160    .text               appinterface.o
    0x2000ca98   0x00000018   Code   RO          183    .text               c_w.l(noretval__2printf.o)
    0x2000cab0   0x00000068   Code   RO          185    .text               c_w.l(__printf.o)
    0x2000cb18   0x0000005c   Code   RO          190    .text               c_w.l(_printf_hex_int.o)
    0x2000cb74   0x00000006   Code   RO          230    .text               c_w.l(heapauxi.o)
    0x2000cb7a   0x000000b8   Code   RO          235    .text               c_w.l(_printf_intcommon.o)
    0x2000cc32   0x00000002   PAD
    0x2000cc34   0x00000024   Code   RO          237    .text               c_w.l(_printf_char_file.o)
    0x2000cc58   0x00000030   Code   RO          261    .text               c_w.l(_printf_char_common.o)
    0x2000cc88   0x00000008   Code   RO          263    .text               c_w.l(ferror.o)
    0x2000cc90   0x00000138   Code   RO          269    .text               c_w.l(initio.o)
    0x2000cdc8   0x00000066   Code   RO          277    .text               c_w.l(sys_io.o)
    0x2000ce2e   0x0000004a   Code   RO          284    .text               c_w.l(sys_stackheap_outer.o)
    0x2000ce78   0x0000004e   Code   RO          288    .text               c_w.l(h1_free.o)
    0x2000cec6   0x000001de   Code   RO          344    .text               c_w.l(flsbuf.o)
    0x2000d0a4   0x00000046   Code   RO          346    .text               c_w.l(setvbuf.o)
    0x2000d0ea   0x00000002   PAD
    0x2000d0ec   0x000000ec   Code   RO          349    .text               c_w.l(fopen.o)
    0x2000d1d8   0x0000004c   Code   RO          351    .text               c_w.l(fclose.o)
    0x2000d224   0x0000000c   Code   RO          357    .text               c_w.l(exit.o)
    0x2000d230   0x0000000e   Code   RO          359    .text               c_w.l(defsig_rtred_outer.o)
    0x2000d23e   0x0000004e   Code   RO          363    .text               c_w.l(rt_memclr_w.o)
    0x2000d28c   0x00000008   Code   RO          431    .text               c_w.l(libspace.o)
    0x2000d294   0x00000002   Code   RO          434    .text               c_w.l(use_no_semi.o)
    0x2000d296   0x00000000   Code   RO          436    .text               c_w.l(indicate_semi.o)
    0x2000d296   0x00000002   PAD
    0x2000d298   0x00000008   Code   RO          444    .text               c_w.l(rt_heap_descriptor_intlibspace.o)
    0x2000d2a0   0x00000004   Code   RO          446    .text               c_w.l(hguard.o)
    0x2000d2a4   0x0000008a   Code   RO          448    .text               c_w.l(init_alloc.o)
    0x2000d32e   0x0000005e   Code   RO          454    .text               c_w.l(h1_alloc.o)
    0x2000d38c   0x000000f8   Code   RO          470    .text               c_w.l(fseek.o)
    0x2000d484   0x000000f0   Code   RO          472    .text               c_w.l(stdio.o)
    0x2000d574   0x0000000a   Code   RO          478    .text               c_w.l(defsig_exit.o)
    0x2000d57e   0x00000002   PAD
    0x2000d580   0x00000034   Code   RO          480    .text               c_w.l(defsig_rtred_inner.o)
    0x2000d5b4   0x0000003e   Code   RO          484    .text               c_w.l(strlen.o)
    0x2000d5f2   0x00000002   PAD
    0x2000d5f4   0x0000000c   Code   RO          492    .text               c_w.l(sys_exit.o)
    0x2000d600   0x0000000e   Code   RO          503    .text               c_w.l(h1_init.o)
    0x2000d60e   0x00000034   Code   RO          505    .text               c_w.l(h1_extend.o)
    0x2000d642   0x00000046   Code   RO          515    .text               c_w.l(ftell.o)
    0x2000d688   0x00000032   Code   RO          523    .text               c_w.l(defsig_general.o)
    0x2000d6ba   0x0000000e   Code   RO          525    .text               c_w.l(defsig_rtmem_outer.o)
    0x2000d6c8   0x0000000e   Code   RO          540    .text               c_w.l(sys_wrch.o)
    0x2000d6d6   0x00000002   PAD
    0x2000d6d8   0x00000008   Code   RO          547    .text               c_w.l(rt_errno_addr_intlibspace.o)
    0x2000d6e0   0x00000050   Code   RO          553    .text               c_w.l(defsig_rtmem_inner.o)
    0x2000d730   0x0000001a   Code   RO          266    i.fputc             c_w.l(fputc.o)
    0x2000d74a   0x00000002   PAD
    0x2000d74c   0x00000047   Data   RO          161    .constdata          appinterface.o
    0x2000d793   0x00000028   Data   RO          191    .constdata          c_w.l(_printf_hex_int.o)
    0x2000d7bb   0x00000004   Data   RO          278    .constdata          c_w.l(sys_io.o)
    0x2000d7bf   0x00000004   Data   RO          279    .constdata          c_w.l(sys_io.o)
    0x2000d7c3   0x00000004   Data   RO          280    .constdata          c_w.l(sys_io.o)
    0x2000d7c7   0x00000001   PAD
    0x2000d7c8   0x00000020   Data   RO          578    Region$$Table       anon$$obj.o


    Execution Region RW_IRAM1 (Base: 0x2000f000, Size: 0x000007e8, Max: 0x00001000, ABSOLUTE)

    Base Addr    Size         Type   Attr      Idx    E Section Name        Object

    0x2000f000   0x00000014   Data   RW          147    .data               stm32f10x_rcc.o
    0x2000f014   0x00000068   Data   RW          162    .data               appinterface.o
    0x2000f07c   0x00000004   Data   RW          243    .data               c_w.l(stdio_streams.o)
    0x2000f080   0x00000004   Data   RW          244    .data               c_w.l(stdio_streams.o)
    0x2000f084   0x00000004   Data   RW          245    .data               c_w.l(stdio_streams.o)
    0x2000f088   0x00000054   Zero   RW          240    .bss                c_w.l(stdio_streams.o)
    0x2000f0dc   0x00000054   Zero   RW          241    .bss                c_w.l(stdio_streams.o)
    0x2000f130   0x00000054   Zero   RW          242    .bss                c_w.l(stdio_streams.o)
    0x2000f184   0x00000060   Zero   RW          432    .bss                c_w.l(libspace.o)
    0x2000f1e4   0x00000004   PAD
    0x2000f1e8   0x00000200   Zero   RW          115    HEAP                startup_stm32f10x_hd.o
    0x2000f3e8   0x00000400   Zero   RW          114    STACK               startup_stm32f10x_hd.o


==============================================================================

Image component sizes


      Code (inc. data)   RO Data    RW Data    ZI Data      Debug   Object Name

       412        130         71        104          0       3653   appinterface.o
       204         96          0          0          0     225249   main.o
        56         22         44          0       1536        776   startup_stm32f10x_hd.o
       856         40          0          0          0       5589   stm32f10x_gpio.o
        26          0          0          0          0       1150   stm32f10x_it.o
       932         44          0         20          0       8728   stm32f10x_rcc.o

    ----------------------------------------------------------------------
      2488        332        147        124       1536     245145   Object Totals
         0          0         32          0          0          0   (incl. Generated)
         2          0          0          0          0          0   (incl. Padding)

    ----------------------------------------------------------------------

      Code (inc. data)   RO Data    RW Data    ZI Data      Debug   Library Member Name

         8          0          0          0          0         68   __main.o
       104          0          0          0          0         84   __printf.o
        52          8          0          0          0          0   __scatter.o
        26          0          0          0          0          0   __scatter_copy.o
        28          0          0          0          0          0   __scatter_zi.o
        48          6          0          0          0         96   _printf_char_common.o
        36          4          0          0          0         80   _printf_char_file.o
        92          4         40          0          0         88   _printf_hex_int.o
       184          0          0          0          0         88   _printf_intcommon.o
         0          0          0          0          0          0   _printf_percent.o
         4          0          0          0          0          0   _printf_percent_end.o
         6          0          0          0          0          0   _printf_x.o
        10          0          0          0          0         68   defsig_exit.o
        50          0          0          0          0         88   defsig_general.o
        80         58          0          0          0         76   defsig_rtmem_inner.o
        14          0          0          0          0         80   defsig_rtmem_outer.o
        52         38          0          0          0         76   defsig_rtred_inner.o
        14          0          0          0          0         80   defsig_rtred_outer.o
        12          0          0          0          0         72   exit.o
        76          0          0          0          0         88   fclose.o
         8          0          0          0          0         68   ferror.o
       478          0          0          0          0         88   flsbuf.o
       236          4          0          0          0        128   fopen.o
        26          0          0          0          0         68   fputc.o
       248          6          0          0          0         84   fseek.o
        70          0          0          0          0         76   ftell.o
        94          0          0          0          0         80   h1_alloc.o
        52          0          0          0          0         68   h1_extend.o
        78          0          0          0          0         80   h1_free.o
        14          0          0          0          0         84   h1_init.o
         6          0          0          0          0        152   heapauxi.o
         4          0          0          0          0        136   hguard.o
         0          0          0          0          0          0   indicate_semi.o
       138          0          0          0          0        168   init_alloc.o
       312         46          0          0          0        112   initio.o
         2          0          0          0          0          0   libinit.o
        14          0          0          0          0          0   libinit2.o
         2          0          0          0          0          0   libshutdown.o
         6          0          0          0          0          0   libshutdown2.o
         8          4          0          0         96         68   libspace.o
         0          0          0          0          0          0   maybetermalloc1.o
        24          4          0          0          0         84   noretval__2printf.o
         8          4          0          0          0         68   rt_errno_addr_intlibspace.o
         8          4          0          0          0         68   rt_heap_descriptor_intlibspace.o
        78          0          0          0          0         80   rt_memclr_w.o
         0          0          0          0          0          0   rtentry.o
        12          0          0          0          0          0   rtentry2.o
         6          0          0          0          0          0   rtentry4.o
         2          0          0          0          0          0   rtexit.o
        10          0          0          0          0          0   rtexit2.o
        70          0          0          0          0         80   setvbuf.o
       240          6          0          0          0        156   stdio.o
         0          0          0         12        252          0   stdio_streams.o
        62          0          0          0          0         76   strlen.o
        12          4          0          0          0         68   sys_exit.o
       102          0         12          0          0        240   sys_io.o
        74          0          0          0          0         80   sys_stackheap_outer.o
        14          0          0          0          0         76   sys_wrch.o
         2          0          0          0          0         68   use_no_semi.o

    ----------------------------------------------------------------------
      3432        200         53         12        352       3736   Library Totals
        16          0          1          0          4          0   (incl. Padding)

    ----------------------------------------------------------------------

      Code (inc. data)   RO Data    RW Data    ZI Data      Debug   Library Name

      3416        200         52         12        348       3736   c_w.l

    ----------------------------------------------------------------------
      3432        200         53         12        352       3736   Library Totals

    ----------------------------------------------------------------------

==============================================================================


      Code (inc. data)   RO Data    RW Data    ZI Data      Debug   

      5920        532        200        136       1888     246437   Grand Totals
      5920        532        200        136       1888     246437   ELF Image Totals
      5920        532        200        136          0          0   ROM Totals

==============================================================================

    Total RO  Size (Code + RO Data)                 6120 (   5.98kB)
    Total RW  Size (RW Data + ZI Data)              2024 (   1.98kB)
    Total ROM Size (Code + RO Data + RW Data)       6256 (   6.11kB)

==============================================================================

