ARM Linker, 5.03 [Build 24] [MDK-ARM Professional]

==============================================================================

Section Cross References

    main.o(.text) refers to common.o(.text) for Main_Menu
    main.o(.text) refers to printfa.o(i.__0printf) for __2printf
    main.o(.text) refers to sys.o(.text) for NVIC_Configuration
    main.o(.text) refers to delay.o(.text) for delay_init
    main.o(.text) refers to gpio_config.o(.text) for System_GPIO_Config
    main.o(.text) refers to uart.o(.text) for InitUart
    main.o(.text) refers to malloc.o(.text) for mem_init
    main.o(.text) refers to myiic.o(.text) for IIC_Init
    main.o(.text) refers to fricker.o(.text) for Flicker_init
    main.o(.text) refers to lt35825.o(.text) for TL35825_init
    main.o(.text) refers to act8846.o(.text) for act8846_init
    main.o(.text) refers to user.o(.text) for ACT8846_Switch_Allon
    main.o(.text) refers to tps22993.o(.text) for TPS22993_Init
    main.o(.text) refers to lm36923.o(.text) for LM36923_Init
    main.o(.text) refers to parm.o(.text) for Get_Volt_Val
    main.o(.text) refers to tps65132.o(.text) for Tps65132_Init
    main.o(.text) refers to voltcurrentproc.o(.text) for INA226_Volt
    main.o(.text) refers to ssd2828.o(.text) for SSD2828GPIOConfig
    main.o(.text) refers to appinterface.o(.data) for interface
    main.o(.text) refers to main.o(.data) for Interface_addr
    main.o(.text) refers to usmart_config.o(.data) for usmart_dev
    main.o(.text) refers to main.o(.bss) for bufer
    system_stm32f10x.o(.text) refers to system_stm32f10x.o(.data) for SystemCoreClock
    user.o(.text) refers to printfa.o(i.__0printf) for __2printf
    user.o(.text) refers to gpio_config.o(.text) for ACT8846_DCDC_Switch
    ili9881c.o(.text) refers to ssd2828.o(.text) for Generic_Long_Write_3P
    ili9881c.o(.text) refers to delay.o(.text) for delay_ms
    ili9881c.o(.text) refers to lcm.o(.text) for SSD_LANE
    ili9881c.o(.text) refers to lcm.o(.bss) for panel_info
    timer.o(.text) refers to stm32f10x_rcc.o(.text) for RCC_APB1PeriphClockCmd
    timer.o(.text) refers to stm32f10x_tim.o(.text) for TIM_Cmd
    timer.o(.text) refers to misc.o(.text) for NVIC_PriorityGroupConfig
    timer.o(.text) refers to fricker.o(.text) for collection_data
    timer.o(.text) refers to timer.o(.data) for itime
    adc.o(.text) refers to stm32f10x_rcc.o(.text) for RCC_APB2PeriphClockCmd
    adc.o(.text) refers to stm32f10x_gpio.o(.text) for GPIO_Init
    adc.o(.text) refers to stm32f10x_dma.o(.text) for DMA_DeInit
    adc.o(.text) refers to stm32f10x_adc.o(.text) for ADC_Init
    adc.o(.text) refers to adc.o(.data) for ADCBuffer
    delay.o(.text) refers to uart.o(.text) for USARTx_Timer_Proc
    delay.o(.text) refers to misc.o(.text) for SysTick_CLKSourceConfig
    delay.o(.text) refers to delay.o(.data) for cnt
    delay.o(.text) refers to system_stm32f10x.o(.data) for SystemCoreClock
    sys.o(.text) refers to misc.o(.text) for NVIC_PriorityGroupConfig
    usart.o(.text) refers to stm32f10x_rcc.o(.text) for RCC_APB2PeriphClockCmd
    usart.o(.text) refers to stm32f10x_usart.o(.text) for USART_DeInit
    usart.o(.text) refers to stm32f10x_gpio.o(.text) for GPIO_Init
    usart.o(.text) refers to misc.o(.text) for NVIC_Init
    startup_stm32f10x_hd.o(RESET) refers to startup_stm32f10x_hd.o(STACK) for __initial_sp
    startup_stm32f10x_hd.o(RESET) refers to startup_stm32f10x_hd.o(.text) for Reset_Handler
    startup_stm32f10x_hd.o(RESET) refers to stm32f10x_it.o(.text) for NMI_Handler
    startup_stm32f10x_hd.o(RESET) refers to delay.o(.text) for SysTick_Handler
    startup_stm32f10x_hd.o(RESET) refers to timer.o(.text) for TIM3_IRQHandler
    startup_stm32f10x_hd.o(RESET) refers to usmart.o(.text) for TIM4_IRQHandler
    startup_stm32f10x_hd.o(RESET) refers to uart.o(.text) for USART2_IRQHandler
    startup_stm32f10x_hd.o(.text) refers to system_stm32f10x.o(.text) for SystemInit
    startup_stm32f10x_hd.o(.text) refers to entry.o(.ARM.Collect$$$$00000000) for __main
    stm32f10x_gpio.o(.text) refers to stm32f10x_rcc.o(.text) for RCC_APB2PeriphResetCmd
    stm32f10x_rcc.o(.text) refers to stm32f10x_rcc.o(.data) for APBAHBPrescTable
    stm32f10x_usart.o(.text) refers to stm32f10x_rcc.o(.text) for RCC_APB2PeriphResetCmd
    stm32f10x_tim.o(.text) refers to stm32f10x_rcc.o(.text) for RCC_APB2PeriphResetCmd
    stm32f10x_adc.o(.text) refers to stm32f10x_rcc.o(.text) for RCC_APB2PeriphResetCmd
    stm32f10x_i2c.o(.text) refers to stm32f10x_rcc.o(.text) for RCC_APB1PeriphResetCmd
    stm32f10x_spi.o(.text) refers to stm32f10x_rcc.o(.text) for RCC_APB2PeriphResetCmd
    usmart.o(.text) refers to usmart_str.o(.text) for usmart_get_cmdname
    usmart.o(.text) refers to printfa.o(i.__0printf) for __2printf
    usmart.o(.text) refers to usmart.o(.data) for sys_cmd_tab
    usmart.o(.text) refers to usmart_config.o(.data) for usmart_dev
    usmart.o(.text) refers to stm32f10x_rcc.o(.text) for RCC_APB1PeriphClockCmd
[...]
    PVD_IRQHandler                           0x0800105f   Thumb Code     0  startup_stm32f10x_hd.o(.text)
    RCC_IRQHandler                           0x0800105f   Thumb Code     0  startup_stm32f10x_hd.o(.text)
    RTCAlarm_IRQHandler                      0x0800105f   Thumb Code     0  startup_stm32f10x_hd.o(.text)
    RTC_IRQHandler                           0x0800105f   Thumb Code     0  startup_stm32f10x_hd.o(.text)
    SDIO_IRQHandler                          0x0800105f   Thumb Code     0  startup_stm32f10x_hd.o(.text)
    SPI1_IRQHandler                          0x0800105f   Thumb Code     0  startup_stm32f10x_hd.o(.text)
    SPI2_IRQHandler                          0x0800105f   Thumb Code     0  startup_stm32f10x_hd.o(.text)
    SPI3_IRQHandler                          0x0800105f   Thumb Code     0  startup_stm32f10x_hd.o(.text)
    TAMPER_IRQHandler                        0x0800105f   Thumb Code     0  startup_stm32f10x_hd.o(.text)
    TIM1_BRK_IRQHandler                      0x0800105f   Thumb Code     0  startup_stm32f10x_hd.o(.text)
    TIM1_CC_IRQHandler                       0x0800105f   Thumb Code     0  startup_stm32f10x_hd.o(.text)
    TIM1_TRG_COM_IRQHandler                  0x0800105f   Thumb Code     0  startup_stm32f10x_hd.o(.text)
    TIM1_UP_IRQHandler                       0x0800105f   Thumb Code     0  startup_stm32f10x_hd.o(.text)
    TIM2_IRQHandler                          0x0800105f   Thumb Code     0  startup_stm32f10x_hd.o(.text)
    TIM5_IRQHandler                          0x0800105f   Thumb Code     0  startup_stm32f10x_hd.o(.text)
    TIM6_IRQHandler                          0x0800105f   Thumb Code     0  startup_stm32f10x_hd.o(.text)
    TIM7_IRQHandler                          0x0800105f   Thumb Code     0  startup_stm32f10x_hd.o(.text)
    TIM8_BRK_IRQHandler                      0x0800105f   Thumb Code     0  startup_stm32f10x_hd.o(.text)
    TIM8_CC_IRQHandler                       0x0800105f   Thumb Code     0  startup_stm32f10x_hd.o(.text)
    TIM8_TRG_COM_IRQHandler                  0x0800105f   Thumb Code     0  startup_stm32f10x_hd.o(.text)
    TIM8_UP_IRQHandler                       0x0800105f   Thumb Code     0  startup_stm32f10x_hd.o(.text)
    UART4_IRQHandler                         0x0800105f   Thumb Code     0  startup_stm32f10x_hd.o(.text)
    UART5_IRQHandler                         0x0800105f   Thumb Code     0  startup_stm32f10x_hd.o(.text)
    USART1_IRQHandler                        0x0800105f   Thumb Code     0  startup_stm32f10x_hd.o(.text)
    USART3_IRQHandler                        0x0800105f   Thumb Code     0  startup_stm32f10x_hd.o(.text)
    USBWakeUp_IRQHandler                     0x0800105f   Thumb Code     0  startup_stm32f10x_hd.o(.text)
    USB_HP_CAN1_TX_IRQHandler                0x0800105f   Thumb Code     0  startup_stm32f10x_hd.o(.text)
    USB_LP_CAN1_RX0_IRQHandler               0x0800105f   Thumb Code     0  startup_stm32f10x_hd.o(.text)
    WWDG_IRQHandler                          0x0800105f   Thumb Code     0  startup_stm32f10x_hd.o(.text)
    GPIO_DeInit                              0x08001069   Thumb Code   172  stm32f10x_gpio.o(.text)
    GPIO_AFIODeInit                          0x08001115   Thumb Code    20  stm32f10x_gpio.o(.text)
    GPIO_Init                                0x08001129   Thumb Code   274  stm32f10x_gpio.o(.text)
    GPIO_StructInit                          0x0800123b   Thumb Code    16  stm32f10x_gpio.o(.text)
    GPIO_ReadInputDataBit                    0x0800124b   Thumb Code    18  stm32f10x_gpio.o(.text)
    GPIO_ReadInputData                       0x0800125d   Thumb Code     8  stm32f10x_gpio.o(.text)
    GPIO_ReadOutputDataBit                   0x08001265   Thumb Code    18  stm32f10x_gpio.o(.text)
    GPIO_ReadOutputData                      0x08001277   Thumb Code     8  stm32f10x_gpio.o(.text)
    GPIO_SetBits                             0x0800127f   Thumb Code     4  stm32f10x_gpio.o(.text)
    GPIO_ResetBits                           0x08001283   Thumb Code     4  stm32f10x_gpio.o(.text)
    GPIO_WriteBit                            0x08001287   Thumb Code    10  stm32f10x_gpio.o(.text)
    GPIO_Write                               0x08001291   Thumb Code     4  stm32f10x_gpio.o(.text)
    GPIO_PinLockConfig                       0x08001295   Thumb Code    18  stm32f10x_gpio.o(.text)
    GPIO_EventOutputConfig                   0x080012a7   Thumb Code    26  stm32f10x_gpio.o(.text)
    GPIO_EventOutputCmd                      0x080012c1   Thumb Code     6  stm32f10x_gpio.o(.text)
    GPIO_PinRemapConfig                      0x080012c7   Thumb Code   138  stm32f10x_gpio.o(.text)
    GPIO_EXTILineConfig                      0x08001351   Thumb Code    66  stm32f10x_gpio.o(.text)
    GPIO_ETH_MediaInterfaceConfig            0x08001393   Thumb Code     6  stm32f10x_gpio.o(.text)
    RCC_DeInit                               0x080013c1   Thumb Code    64  stm32f10x_rcc.o(.text)
    RCC_HSEConfig                            0x08001401   Thumb Code    70  stm32f10x_rcc.o(.text)
    RCC_GetFlagStatus                        0x08001447   Thumb Code    56  stm32f10x_rcc.o(.text)
    RCC_WaitForHSEStartUp                    0x0800147f   Thumb Code    56  stm32f10x_rcc.o(.text)
    RCC_AdjustHSICalibrationValue            0x080014b7   Thumb Code    20  stm32f10x_rcc.o(.text)
    RCC_HSICmd                               0x080014cb   Thumb Code     6  stm32f10x_rcc.o(.text)
    RCC_PLLConfig                            0x080014d1   Thumb Code    24  stm32f10x_rcc.o(.text)
    RCC_PLLCmd                               0x080014e9   Thumb Code     6  stm32f10x_rcc.o(.text)
    RCC_SYSCLKConfig                         0x080014ef   Thumb Code    18  stm32f10x_rcc.o(.text)
    RCC_GetSYSCLKSource                      0x08001501   Thumb Code    10  stm32f10x_rcc.o(.text)
    RCC_HCLKConfig                           0x0800150b   Thumb Code    18  stm32f10x_rcc.o(.text)
    RCC_PCLK1Config                          0x0800151d   Thumb Code    18  stm32f10x_rcc.o(.text)
    RCC_PCLK2Config                          0x0800152f   Thumb Code    20  stm32f10x_rcc.o(.text)
    RCC_ITConfig                             0x08001543   Thumb Code    26  stm32f10x_rcc.o(.text)
    RCC_USBCLKConfig                         0x0800155d   Thumb Code     6  stm32f10x_rcc.o(.text)
    RCC_ADCCLKConfig                         0x08001563   Thumb Code    18  stm32f10x_rcc.o(.text)
    RCC_LSEConfig                            0x08001575   Thumb Code    44  stm32f10x_rcc.o(.text)
    RCC_LSICmd                               0x080015a1   Thumb Code     6  stm32f10x_rcc.o(.text)
    RCC_RTCCLKConfig                         0x080015a7   Thumb Code    12  stm32f10x_rcc.o(.text)
    RCC_RTCCLKCmd                            0x080015b3   Thumb Code     8  stm32f10x_rcc.o(.text)
    RCC_GetClocksFreq                        0x080015bb   Thumb Code   192  stm32f10x_rcc.o(.text)
    RCC_AHBPeriphClockCmd                    0x0800167b   Thumb Code    26  stm32f10x_rcc.o(.text)
    RCC_APB2PeriphClockCmd                   0x08001695   Thumb Code    26  stm32f10x_rcc.o(.text)
    RCC_APB1PeriphClockCmd                   0x080016af   Thumb Code    26  stm32f10x_rcc.o(.text)
    RCC_APB2PeriphResetCmd                   0x080016c9   Thumb Code    26  stm32f10x_rcc.o(.text)
    RCC_APB1PeriphResetCmd                   0x080016e3   Thumb Code    26  stm32f10x_rcc.o(.text)
    RCC_BackupResetCmd                       0x080016fd   Thumb Code     8  stm32f10x_rcc.o(.text)
    RCC_ClockSecuritySystemCmd               0x08001705   Thumb Code     6  stm32f10x_rcc.o(.text)
    RCC_MCOConfig                            0x0800170b   Thumb Code     6  stm32f10x_rcc.o(.text)
    RCC_ClearFlag                            0x08001711   Thumb Code    14  stm32f10x_rcc.o(.text)
    RCC_GetITStatus                          0x0800171f   Thumb Code    20  stm32f10x_rcc.o(.text)
    RCC_ClearITPendingBit                    0x08001733   Thumb Code     6  stm32f10x_rcc.o(.text)
    USART_DeInit                             0x08001765   Thumb Code   134  stm32f10x_usart.o(.text)
    USART_Init                               0x080017eb   Thumb Code   210  stm32f10x_usart.o(.text)
    USART_StructInit                         0x080018bd   Thumb Code    24  stm32f10x_usart.o(.text)
    USART_ClockInit                          0x080018d5   Thumb Code    34  stm32f10x_usart.o(.text)
    USART_ClockStructInit                    0x080018f7   Thumb Code    12  stm32f10x_usart.o(.text)
    USART_Cmd                                0x08001903   Thumb Code    24  stm32f10x_usart.o(.text)
    USART_ITConfig                           0x0800191b   Thumb Code    74  stm32f10x_usart.o(.text)
    USART_DMACmd                             0x08001965   Thumb Code    18  stm32f10x_usart.o(.text)
    USART_SetAddress                         0x08001977   Thumb Code    18  stm32f10x_usart.o(.text)
    USART_WakeUpConfig                       0x08001989   Thumb Code    18  stm32f10x_usart.o(.text)
    USART_ReceiverWakeUpCmd                  0x0800199b   Thumb Code    24  stm32f10x_usart.o(.text)
    USART_LINBreakDetectLengthConfig         0x080019b3   Thumb Code    18  stm32f10x_usart.o(.text)
    USART_LINCmd                             0x080019c5   Thumb Code    24  stm32f10x_usart.o(.text)
    USART_SendData                           0x080019dd   Thumb Code     8  stm32f10x_usart.o(.text)
    USART_ReceiveData                        0x080019e5   Thumb Code    10  stm32f10x_usart.o(.text)
    USART_SendBreak                          0x080019ef   Thumb Code    10  stm32f10x_usart.o(.text)
    USART_SetGuardTime                       0x080019f9   Thumb Code    16  stm32f10x_usart.o(.text)
    USART_SetPrescaler                       0x08001a09   Thumb Code    16  stm32f10x_usart.o(.text)
    USART_SmartCardCmd                       0x08001a19   Thumb Code    24  stm32f10x_usart.o(.text)
    USART_SmartCardNACKCmd                   0x08001a31   Thumb Code    24  stm32f10x_usart.o(.text)
    USART_HalfDuplexCmd                      0x08001a49   Thumb Code    24  stm32f10x_usart.o(.text)
    USART_OverSampling8Cmd                   0x08001a61   Thumb Code    22  stm32f10x_usart.o(.text)
    USART_OneBitMethodCmd                    0x08001a77   Thumb Code    24  stm32f10x_usart.o(.text)
    USART_IrDAConfig                         0x08001a8f   Thumb Code    18  stm32f10x_usart.o(.text)
    USART_IrDACmd                            0x08001aa1   Thumb Code    24  stm32f10x_usart.o(.text)
    USART_GetFlagStatus                      0x08001ab9   Thumb Code    26  stm32f10x_usart.o(.text)
    USART_ClearFlag                          0x08001ad3   Thumb Code    18  stm32f10x_usart.o(.text)
    USART_GetITStatus                        0x08001ae5   Thumb Code    84  stm32f10x_usart.o(.text)
    USART_ClearITPendingBit                  0x08001b39   Thumb Code    52  stm32f10x_usart.o(.text)
    NVIC_PriorityGroupConfig                 0x08001b6d   Thumb Code    10  misc.o(.text)
    NVIC_Init                                0x08001b77   Thumb Code   102  misc.o(.text)
    NVIC_SetVectorTable                      0x08001bdd   Thumb Code    14  misc.o(.text)
    NVIC_SystemLPConfig                      0x08001beb   Thumb Code    34  misc.o(.text)
    SysTick_CLKSourceConfig                  0x08001c0d   Thumb Code    40  misc.o(.text)
    TIM_DeInit                               0x08001c49   Thumb Code   424  stm32f10x_tim.o(.text)
    TIM_TimeBaseInit                         0x08001df1   Thumb Code   122  stm32f10x_tim.o(.text)
    TIM_OC1Init                              0x08001e6b   Thumb Code   132  stm32f10x_tim.o(.text)
    TIM_OC2Init                              0x08001eef   Thumb Code   154  stm32f10x_tim.o(.text)
    TIM_OC3Init                              0x08001f89   Thumb Code   150  stm32f10x_tim.o(.text)
    TIM_OC4Init                              0x0800201f   Thumb Code   182  stm32f10x_tim.o(.text)
    TIM_SetIC4Prescaler                      0x080020d5   Thumb Code    26  stm32f10x_tim.o(.text)
    TIM_SetIC3Prescaler                      0x08002171   Thumb Code    18  stm32f10x_tim.o(.text)
    TIM_SetIC2Prescaler                      0x080021fd   Thumb Code    26  stm32f10x_tim.o(.text)
    TIM_SetIC1Prescaler                      0x08002299   Thumb Code    18  stm32f10x_tim.o(.text)
    TIM_ICInit                               0x08002317   Thumb Code   150  stm32f10x_tim.o(.text)
    TIM_PWMIConfig                           0x080023ad   Thumb Code   124  stm32f10x_tim.o(.text)
    TIM_BDTRConfig                           0x08002429   Thumb Code    32  stm32f10x_tim.o(.text)
    TIM_TimeBaseStructInit                   0x08002449   Thumb Code    18  stm32f10x_tim.o(.text)
    TIM_OCStructInit                         0x0800245b   Thumb Code    20  stm32f10x_tim.o(.text)
    TIM_ICStructInit                         0x0800246f   Thumb Code    18  stm32f10x_tim.o(.text)
    TIM_BDTRStructInit                       0x08002481   Thumb Code    40  stm32f10x_tim.o(.text)
    TIM_Cmd                                  0x080024a9   Thumb Code    24  stm32f10x_tim.o(.text)
    TIM_CtrlPWMOutputs                       0x080024c1   Thumb Code    30  stm32f10x_tim.o(.text)
    TIM_ITConfig                             0x080024df   Thumb Code    18  stm32f10x_tim.o(.text)
    TIM_GenerateEvent                        0x080024f1   Thumb Code     4  stm32f10x_tim.o(.text)
    TIM_DMAConfig                            0x080024f5   Thumb Code    10  stm32f10x_tim.o(.text)
    TIM_DMACmd                               0x080024ff   Thumb Code    18  stm32f10x_tim.o(.text)
    TIM_InternalClockConfig                  0x08002511   Thumb Code    12  stm32f10x_tim.o(.text)
    TIM_SelectInputTrigger                   0x0800251d   Thumb Code    18  stm32f10x_tim.o(.text)
    TIM_ITRxExternalClockConfig              0x0800252f   Thumb Code    24  stm32f10x_tim.o(.text)
    TIM_TIxExternalClockConfig               0x08002547   Thumb Code    62  stm32f10x_tim.o(.text)
    TIM_ETRConfig                            0x08002585   Thumb Code    28  stm32f10x_tim.o(.text)
    TIM_ETRClockMode1Config                  0x080025a1   Thumb Code    54  stm32f10x_tim.o(.text)
    TIM_ETRClockMode2Config                  0x080025d7   Thumb Code    32  stm32f10x_tim.o(.text)
    TIM_PrescalerConfig                      0x080025f7   Thumb Code     6  stm32f10x_tim.o(.text)
    TIM_CounterModeConfig                    0x080025fd   Thumb Code    18  stm32f10x_tim.o(.text)
    TIM_EncoderInterfaceConfig               0x0800260f   Thumb Code    66  stm32f10x_tim.o(.text)
    TIM_ForcedOC1Config                      0x08002651   Thumb Code    18  stm32f10x_tim.o(.text)
    TIM_ForcedOC2Config                      0x08002663   Thumb Code    26  stm32f10x_tim.o(.text)
    TIM_ForcedOC3Config                      0x0800267d   Thumb Code    18  stm32f10x_tim.o(.text)
    TIM_ForcedOC4Config                      0x0800268f   Thumb Code    26  stm32f10x_tim.o(.text)
    TIM_ARRPreloadConfig                     0x080026a9   Thumb Code    24  stm32f10x_tim.o(.text)
    TIM_SelectCOM                            0x080026c1   Thumb Code    24  stm32f10x_tim.o(.text)
    TIM_SelectCCDMA                          0x080026d9   Thumb Code    24  stm32f10x_tim.o(.text)
    TIM_CCPreloadControl                     0x080026f1   Thumb Code    24  stm32f10x_tim.o(.text)
    TIM_OC1PreloadConfig                     0x08002709   Thumb Code    18  stm32f10x_tim.o(.text)
    TIM_OC2PreloadConfig                     0x0800271b   Thumb Code    26  stm32f10x_tim.o(.text)
    TIM_OC3PreloadConfig                     0x08002735   Thumb Code    18  stm32f10x_tim.o(.text)
    TIM_OC4PreloadConfig                     0x08002747   Thumb Code    26  stm32f10x_tim.o(.text)
    TIM_OC1FastConfig                        0x08002761   Thumb Code    18  stm32f10x_tim.o(.text)
    TIM_OC2FastConfig                        0x08002773   Thumb Code    26  stm32f10x_tim.o(.text)
    TIM_OC3FastConfig                        0x0800278d   Thumb Code    18  stm32f10x_tim.o(.text)
    TIM_OC4FastConfig                        0x0800279f   Thumb Code    26  stm32f10x_tim.o(.text)
    TIM_ClearOC1Ref                          0x080027b9   Thumb Code    18  stm32f10x_tim.o(.text)
    TIM_ClearOC2Ref                          0x080027cb   Thumb Code    24  stm32f10x_tim.o(.text)
    TIM_ClearOC3Ref                          0x080027e3   Thumb Code    18  stm32f10x_tim.o(.text)
    TIM_ClearOC4Ref                          0x080027f5   Thumb Code    24  stm32f10x_tim.o(.text)
    TIM_OC1PolarityConfig                    0x0800280d   Thumb Code    18  stm32f10x_tim.o(.text)
    TIM_OC1NPolarityConfig                   0x0800281f   Thumb Code    18  stm32f10x_tim.o(.text)
    TIM_OC2PolarityConfig                    0x08002831   Thumb Code    26  stm32f10x_tim.o(.text)
    TIM_OC2NPolarityConfig                   0x0800284b   Thumb Code    26  stm32f10x_tim.o(.text)
    TIM_OC3PolarityConfig                    0x08002865   Thumb Code    26  stm32f10x_tim.o(.text)
    TIM_OC3NPolarityConfig                   0x0800287f   Thumb Code    26  stm32f10x_tim.o(.text)
    TIM_OC4PolarityConfig                    0x08002899   Thumb Code    26  stm32f10x_tim.o(.text)
    TIM_CCxCmd                               0x080028b3   Thumb Code    30  stm32f10x_tim.o(.text)
    TIM_CCxNCmd                              0x080028d1   Thumb Code    30  stm32f10x_tim.o(.text)
    TIM_SelectOCxM                           0x080028ef   Thumb Code    82  stm32f10x_tim.o(.text)
    TIM_UpdateDisableConfig                  0x08002941   Thumb Code    24  stm32f10x_tim.o(.text)
    TIM_UpdateRequestConfig                  0x08002959   Thumb Code    24  stm32f10x_tim.o(.text)
    TIM_SelectHallSensor                     0x08002971   Thumb Code    24  stm32f10x_tim.o(.text)
    TIM_SelectOnePulseMode                   0x08002989   Thumb Code    18  stm32f10x_tim.o(.text)
    TIM_SelectOutputTrigger                  0x0800299b   Thumb Code    18  stm32f10x_tim.o(.text)
    TIM_SelectSlaveMode                      0x080029ad   Thumb Code    18  stm32f10x_tim.o(.text)
    TIM_SelectMasterSlaveMode                0x080029bf   Thumb Code    18  stm32f10x_tim.o(.text)
    TIM_SetCounter                           0x080029d1   Thumb Code     4  stm32f10x_tim.o(.text)
    TIM_SetAutoreload                        0x080029d5   Thumb Code     4  stm32f10x_tim.o(.text)
    TIM_SetCompare1                          0x080029d9   Thumb Code     4  stm32f10x_tim.o(.text)
    TIM_SetCompare2                          0x080029dd   Thumb Code     4  stm32f10x_tim.o(.text)
    TIM_SetCompare3                          0x080029e1   Thumb Code     4  stm32f10x_tim.o(.text)
    TIM_SetCompare4                          0x080029e5   Thumb Code     6  stm32f10x_tim.o(.text)
    TIM_SetClockDivision                     0x080029eb   Thumb Code    18  stm32f10x_tim.o(.text)
    TIM_GetCapture1                          0x080029fd   Thumb Code     6  stm32f10x_tim.o(.text)
    TIM_GetCapture2                          0x08002a03   Thumb Code     6  stm32f10x_tim.o(.text)
    TIM_GetCapture3                          0x08002a09   Thumb Code     6  stm32f10x_tim.o(.text)
    TIM_GetCapture4                          0x08002a0f   Thumb Code     8  stm32f10x_tim.o(.text)
    TIM_GetCounter                           0x08002a17   Thumb Code     6  stm32f10x_tim.o(.text)
    TIM_GetPrescaler                         0x08002a1d   Thumb Code     6  stm32f10x_tim.o(.text)
    TIM_GetFlagStatus                        0x08002a23   Thumb Code    18  stm32f10x_tim.o(.text)
    TIM_ClearFlag                            0x08002a35   Thumb Code     6  stm32f10x_tim.o(.text)
    TIM_GetITStatus                          0x08002a3b   Thumb Code    34  stm32f10x_tim.o(.text)
    TIM_ClearITPendingBit                    0x08002a5d   Thumb Code     6  stm32f10x_tim.o(.text)
    ADC_DeInit                               0x08002a65   Thumb Code    78  stm32f10x_adc.o(.text)
    ADC_Init                                 0x08002ab3   Thumb Code    70  stm32f10x_adc.o(.text)
    ADC_StructInit                           0x08002af9   Thumb Code    18  stm32f10x_adc.o(.text)
    ADC_Cmd                                  0x08002b0b   Thumb Code    22  stm32f10x_adc.o(.text)
    ADC_DMACmd                               0x08002b21   Thumb Code    22  stm32f10x_adc.o(.text)
    ADC_ITConfig                             0x08002b37   Thumb Code    24  stm32f10x_adc.o(.text)
    ADC_ResetCalibration                     0x08002b4f   Thumb Code    10  stm32f10x_adc.o(.text)
    ADC_GetResetCalibrationStatus            0x08002b59   Thumb Code    20  stm32f10x_adc.o(.text)
    ADC_StartCalibration                     0x08002b6d   Thumb Code    10  stm32f10x_adc.o(.text)
    ADC_GetCalibrationStatus                 0x08002b77   Thumb Code    20  stm32f10x_adc.o(.text)
    ADC_SoftwareStartConvCmd                 0x08002b8b   Thumb Code    22  stm32f10x_adc.o(.text)
    ADC_GetSoftwareStartConvStatus           0x08002ba1   Thumb Code    20  stm32f10x_adc.o(.text)
    ADC_DiscModeChannelCountConfig           0x08002bb5   Thumb Code    24  stm32f10x_adc.o(.text)
    ADC_DiscModeCmd                          0x08002bcd   Thumb Code    22  stm32f10x_adc.o(.text)
    ADC_RegularChannelConfig                 0x08002be3   Thumb Code   184  stm32f10x_adc.o(.text)
    ADC_ExternalTrigConvCmd                  0x08002c9b   Thumb Code    22  stm32f10x_adc.o(.text)
    ADC_GetConversionValue                   0x08002cb1   Thumb Code     8  stm32f10x_adc.o(.text)
    ADC_GetDualModeConversionValue           0x08002cb9   Thumb Code     8  stm32f10x_adc.o(.text)
    ADC_AutoInjectedConvCmd                  0x08002cc1   Thumb Code    22  stm32f10x_adc.o(.text)
    ADC_InjectedDiscModeCmd                  0x08002cd7   Thumb Code    22  stm32f10x_adc.o(.text)
    ADC_ExternalTrigInjectedConvConfig       0x08002ced   Thumb Code    16  stm32f10x_adc.o(.text)
    ADC_ExternalTrigInjectedConvCmd          0x08002cfd   Thumb Code    22  stm32f10x_adc.o(.text)
    ADC_SoftwareStartInjectedConvCmd         0x08002d13   Thumb Code    22  stm32f10x_adc.o(.text)
    ADC_GetSoftwareStartInjectedConvCmdStatus 0x08002d29   Thumb Code    20  stm32f10x_adc.o(.text)
    ADC_InjectedChannelConfig                0x08002d3d   Thumb Code   130  stm32f10x_adc.o(.text)
    ADC_InjectedSequencerLengthConfig        0x08002dbf   Thumb Code    24  stm32f10x_adc.o(.text)
    ADC_SetInjectedOffset                    0x08002dd7   Thumb Code    20  stm32f10x_adc.o(.text)
    ADC_GetInjectedConversionValue           0x08002deb   Thumb Code    28  stm32f10x_adc.o(.text)
    ADC_AnalogWatchdogCmd                    0x08002e07   Thumb Code    16  stm32f10x_adc.o(.text)
    ADC_AnalogWatchdogThresholdsConfig       0x08002e17   Thumb Code     6  stm32f10x_adc.o(.text)
    ADC_AnalogWatchdogSingleChannelConfig    0x08002e1d   Thumb Code    16  stm32f10x_adc.o(.text)
    ADC_TempSensorVrefintCmd                 0x08002e2d   Thumb Code    64  stm32f10x_adc.o(.text)
    ADC_GetFlagStatus                        0x08002e6d   Thumb Code    18  stm32f10x_adc.o(.text)
    ADC_ClearFlag                            0x08002e7f   Thumb Code     6  stm32f10x_adc.o(.text)
    ADC_GetITStatus                          0x08002e85   Thumb Code    36  stm32f10x_adc.o(.text)
    ADC_ClearITPendingBit                    0x08002ea9   Thumb Code    10  stm32f10x_adc.o(.text)
    DMA_DeInit                               0x08002eb5   Thumb Code   324  stm32f10x_dma.o(.text)
    DMA_Init                                 0x08002ff9   Thumb Code    60  stm32f10x_dma.o(.text)
    DMA_StructInit                           0x08003035   Thumb Code    26  stm32f10x_dma.o(.text)
    DMA_Cmd                                  0x0800304f   Thumb Code    24  stm32f10x_dma.o(.text)
    DMA_ITConfig                             0x08003067   Thumb Code    18  stm32f10x_dma.o(.text)
    DMA_SetCurrDataCounter                   0x08003079   Thumb Code     4  stm32f10x_dma.o(.text)
    DMA_GetCurrDataCounter                   0x0800307d   Thumb Code     8  stm32f10x_dma.o(.text)
    DMA_GetFlagStatus                        0x08003085   Thumb Code    38  stm32f10x_dma.o(.text)
    DMA_ClearFlag                            0x080030ab   Thumb Code    22  stm32f10x_dma.o(.text)
    DMA_GetITStatus                          0x080030c1   Thumb Code    38  stm32f10x_dma.o(.text)
    DMA_ClearITPendingBit                    0x080030e7   Thumb Code    22  stm32f10x_dma.o(.text)
    FLASH_SetLatency                         0x08003105   Thumb Code    18  stm32f10x_flash.o(.text)
    FLASH_HalfCycleAccessCmd                 0x08003117   Thumb Code    22  stm32f10x_flash.o(.text)
    FLASH_PrefetchBufferCmd                  0x0800312d   Thumb Code    22  stm32f10x_flash.o(.text)
    FLASH_Unlock                             0x08003143   Thumb Code    12  stm32f10x_flash.o(.text)
    FLASH_UnlockBank1                        0x0800314f   Thumb Code    12  stm32f10x_flash.o(.text)
    FLASH_Lock                               0x0800315b   Thumb Code    14  stm32f10x_flash.o(.text)
    FLASH_LockBank1                          0x08003169   Thumb Code    14  stm32f10x_flash.o(.text)
    FLASH_GetBank1Status                     0x08003177   Thumb Code    48  stm32f10x_flash.o(.text)
    FLASH_WaitForLastOperation               0x080031a7   Thumb Code    38  stm32f10x_flash.o(.text)
    FLASH_ErasePage                          0x080031cd   Thumb Code    72  stm32f10x_flash.o(.text)
    FLASH_EraseAllPages                      0x08003215   Thumb Code    68  stm32f10x_flash.o(.text)
    FLASH_WaitForLastBank1Operation          0x08003259   Thumb Code    38  stm32f10x_flash.o(.text)
    FLASH_EraseAllBank1Pages                 0x0800327f   Thumb Code    68  stm32f10x_flash.o(.text)
    FLASH_GetReadOutProtectionStatus         0x080032c3   Thumb Code    20  stm32f10x_flash.o(.text)
    FLASH_EraseOptionBytes                   0x080032d7   Thumb Code   150  stm32f10x_flash.o(.text)
    FLASH_ProgramWord                        0x0800336d   Thumb Code   102  stm32f10x_flash.o(.text)
    FLASH_ProgramHalfWord                    0x080033d3   Thumb Code    60  stm32f10x_flash.o(.text)
    FLASH_ProgramOptionByteData              0x0800340f   Thumb Code    72  stm32f10x_flash.o(.text)
    FLASH_EnableWriteProtection              0x08003457   Thumb Code   200  stm32f10x_flash.o(.text)
    FLASH_ReadOutProtection                  0x0800351f   Thumb Code   156  stm32f10x_flash.o(.text)
    FLASH_UserOptionByteConfig               0x080035bb   Thumb Code    88  stm32f10x_flash.o(.text)
    FLASH_GetUserOptionByte                  0x08003613   Thumb Code     8  stm32f10x_flash.o(.text)
    FLASH_GetWriteProtectionOptionByte       0x0800361b   Thumb Code     6  stm32f10x_flash.o(.text)
    FLASH_GetPrefetchBufferStatus            0x08003621   Thumb Code    20  stm32f10x_flash.o(.text)
    FLASH_ITConfig                           0x08003635   Thumb Code    26  stm32f10x_flash.o(.text)
    FLASH_GetFlagStatus                      0x0800364f   Thumb Code    42  stm32f10x_flash.o(.text)
    FLASH_ClearFlag                          0x08003679   Thumb Code     6  stm32f10x_flash.o(.text)
    FLASH_GetStatus                          0x0800367f   Thumb Code    48  stm32f10x_flash.o(.text)
    usmart_sys_cmd_exe                       0x080036c1   Thumb Code  1554  usmart.o(.text)
    usmart_reset_runtime                     0x08003cd3   Thumb Code    38  usmart.o(.text)
    usmart_get_runtime                       0x08003cf9   Thumb Code    56  usmart.o(.text)
    TIM4_IRQHandler                          0x08003d31   Thumb Code    50  usmart.o(.text)
    Timer4_Init                              0x08003d63   Thumb Code    94  usmart.o(.text)
    usmart_init                              0x08003dc1   Thumb Code    36  usmart.o(.text)
    usmart_cmd_rec                           0x08003de5   Thumb Code   170  usmart.o(.text)
    usmart_exe                               0x08003e8f   Thumb Code   674  usmart.o(.text)
    usmart_scan                              0x08004131   Thumb Code   112  usmart.o(.text)
    read_addr                                0x080041a1   Thumb Code     6  usmart.o(.text)
    write_addr                               0x080041a7   Thumb Code     4  usmart.o(.text)
    usmart_strcmp                            0x080041fd   Thumb Code    34  usmart_str.o(.text)
    usmart_strcopy                           0x0800421f   Thumb Code    22  usmart_str.o(.text)
    usmart_strlen                            0x08004235   Thumb Code    24  usmart_str.o(.text)
    usmart_pow                               0x0800424d   Thumb Code    22  usmart_str.o(.text)
    usmart_str2num                           0x08004263   Thumb Code   202  usmart_str.o(.text)
    usmart_get_cmdname                       0x0800432d   Thumb Code    54  usmart_str.o(.text)
    usmart_search_nextc                      0x08004363   Thumb Code    22  usmart_str.o(.text)
    usmart_get_fname                         0x08004379   Thumb Code   440  usmart_str.o(.text)
    usmart_get_aparm                         0x08004531   Thumb Code   200  usmart_str.o(.text)
    usmart_get_parmpos                       0x080045f9   Thumb Code    26  usmart_str.o(.text)
    usmart_get_fparam                        0x08004613   Thumb Code   262  usmart_str.o(.text)
    mymemcpy                                 0x08004725   Thumb Code    26  malloc.o(.text)
    mymemset                                 0x0800473f   Thumb Code    20  malloc.o(.text)
    mem_init                                 0x08004753   Thumb Code    54  malloc.o(.text)
    mem_perused                              0x08004789   Thumb Code    54  malloc.o(.text)
    mem_malloc                               0x080047bf   Thumb Code   162  malloc.o(.text)
    mem_free                                 0x08004861   Thumb Code    94  malloc.o(.text)
    myfree                                   0x080048bf   Thumb Code    32  malloc.o(.text)
    mymalloc                                 0x080048df   Thumb Code    34  malloc.o(.text)
    myrealloc                                0x08004901   Thumb Code    66  malloc.o(.text)
    collection_data                          0x08004995   Thumb Code    60  fricker.o(.text)
    Flicker_init                             0x080049d1   Thumb Code    22  fricker.o(.text)
    RMS_percent                              0x080049e7   Thumb Code   238  fricker.o(.text)
    get_jeita_db                             0x08004ad5   Thumb Code   366  fricker.o(.text)
    clear_samplingdata                       0x08004c43   Thumb Code     8  fricker.o(.text)
    FlickerMeter                             0x08004c4b   Thumb Code    36  fricker.o(.text)
    SDA_OUT                                  0x08004cb1   Thumb Code    24  myiic.o(.text)
    IIC_Buscheck                             0x08004cc9   Thumb Code   112  myiic.o(.text)
    IIC_Stop                                 0x08004d39   Thumb Code    62  myiic.o(.text)
    IIC_Send_Byte                            0x08004d77   Thumb Code    80  myiic.o(.text)
    IIC_Init                                 0x08004dc7   Thumb Code    62  myiic.o(.text)
    SDA_IN                                   0x08004e05   Thumb Code    24  myiic.o(.text)
    IIC_Start                                0x08004e1d   Thumb Code    54  myiic.o(.text)
    IIC_Scl                                  0x08004e53   Thumb Code    30  myiic.o(.text)
    IIC_Wait_Ack                             0x08004e71   Thumb Code    60  myiic.o(.text)
    IIC_Sda                                  0x08004ead   Thumb Code    32  myiic.o(.text)
    i2c1_write_u8                            0x08004ecd   Thumb Code    84  myiic.o(.text)
    i2c1_start                               0x08004f21   Thumb Code    26  myiic.o(.text)
    IIC_NAck                                 0x08004f3b   Thumb Code    40  myiic.o(.text)
    IIC_Ack                                  0x08004f63   Thumb Code    50  myiic.o(.text)
    i2c1_init                                0x08004f95   Thumb Code     8  myiic.o(.text)
    IIC_Read_Byte                            0x08004f9d   Thumb Code    74  myiic.o(.text)
    IIC_Read_Byte_no_ack                     0x08004fe7   Thumb Code    84  myiic.o(.text)
    i2c1_stop                                0x0800503b   Thumb Code    52  myiic.o(.text)
    i2c1_start_repeat                        0x0800506f   Thumb Code    12  myiic.o(.text)
    iic_read_byte                            0x0800507b   Thumb Code   178  myiic.o(.text)
    i2c1_read_u8                             0x0800512d   Thumb Code   112  myiic.o(.text)
    i2c1_read_data                           0x0800519d   Thumb Code    58  myiic.o(.text)
    i2c1_Detect                              0x080051d7   Thumb Code    66  myiic.o(.text)
    i2c_tx_bit                               0x0800528d   Thumb Code    76  i2c1_bitbang.o(.text)
    i2c_rx_bit                               0x080052d9   Thumb Code    50  i2c1_bitbang.o(.text)
    i2c11__anti_death                        0x0800530b   Thumb Code    46  i2c1_bitbang.o(.text)
    i2c11__init                              0x08005339   Thumb Code    72  i2c1_bitbang.o(.text)
    i2c11__start                             0x08005381   Thumb Code    70  i2c1_bitbang.o(.text)
    i2c11__send_start                        0x080053c7   Thumb Code    64  i2c1_bitbang.o(.text)
    i2c11__start_repeat                      0x08005407   Thumb Code    34  i2c1_bitbang.o(.text)
    i2c11__stop                              0x08005429   Thumb Code    64  i2c1_bitbang.o(.text)
    i2c11__write_u8                          0x08005469   Thumb Code    70  i2c1_bitbang.o(.text)
    i2c11__read_u8                           0x080054af   Thumb Code    58  i2c1_bitbang.o(.text)
    i2c11__write_data                        0x080054e9   Thumb Code    34  i2c1_bitbang.o(.text)
    i2c11__read_data                         0x0800550b   Thumb Code    58  i2c1_bitbang.o(.text)
    TL35825_Write                            0x0800554d   Thumb Code    58  lt35825.o(.text)
    TL35825_Read                             0x08005587   Thumb Code    58  lt35825.o(.text)
    Set_Voutp                                0x080055c1   Thumb Code   236  lt35825.o(.text)
    Set_Voutn                                0x080056ad   Thumb Code   194  lt35825.o(.text)
    Voutp_Upfirst                            0x0800576f   Thumb Code    56  lt35825.o(.text)
    Voutn_Upfirst                            0x080057a7   Thumb Code    40  lt35825.o(.text)
    TL35825_reset                            0x080057cf   Thumb Code    12  lt35825.o(.text)
    TL35825_init                             0x080057db   Thumb Code    22  lt35825.o(.text)
    Voutn_UpBoth                             0x080057f1   Thumb Code    40  lt35825.o(.text)
    Vout_Off                                 0x08005819   Thumb Code    38  lt35825.o(.text)
    act8846_i2c_write                        0x080058f9   Thumb Code    80  act8846.o(.text)
    act8846_i2c_read                         0x08005949   Thumb Code   100  act8846.o(.text)
    act8846_set_bits                         0x080059ad   Thumb Code    60  act8846.o(.text)
    act8846_ldo_set_voltage                  0x080059e9   Thumb Code   100  act8846.o(.text)
    act8846_dcdc_set_voltage                 0x08005a4d   Thumb Code   128  act8846.o(.text)
    act8846_ldo_disable                      0x08005acd   Thumb Code    22  act8846.o(.text)
    act8846_dcdc_disable                     0x08005ae3   Thumb Code    22  act8846.o(.text)
    act8846_init                             0x08005af9   Thumb Code  1434  act8846.o(.text)
    act8846_ldo_enable                       0x08006093   Thumb Code    22  act8846.o(.text)
    act8846_dcdc_enable                      0x080060a9   Thumb Code    22  act8846.o(.text)
    act8846_on                               0x080060bf   Thumb Code    84  act8846.o(.text)
    act8846_off                              0x08006113   Thumb Code    84  act8846.o(.text)
    act8846_Read                             0x08006167   Thumb Code    58  act8846.o(.text)
    act8846_Write                            0x080061a1   Thumb Code    58  act8846.o(.text)
    act8846_ldo_is_enabled                   0x080061db   Thumb Code    54  act8846.o(.text)
    act8846_ldo_get_voltage                  0x08006211   Thumb Code    64  act8846.o(.text)
    act8846_ldo_get_mode                     0x08006251   Thumb Code    62  act8846.o(.text)
    act8846_ldo_set_mode                     0x0800628f   Thumb Code    62  act8846.o(.text)
    act8846_dcdc_is_enabled                  0x080062cd   Thumb Code    64  act8846.o(.text)
    act8846_dcdc_get_voltage                 0x0800630d   Thumb Code    64  act8846.o(.text)
    act8846_dcdc_set_sleep_voltage           0x0800634d   Thumb Code   112  act8846.o(.text)
    act8846_dcdc_get_mode                    0x080063bd   Thumb Code    62  act8846.o(.text)
    act8846_dcdc_set_mode                    0x080063fb   Thumb Code    64  act8846.o(.text)
    act8846_device_shutdown                  0x0800643b   Thumb Code   254  act8846.o(.text)
    poweron                                  0x08006539   Thumb Code     2  act8846.o(.text)
    updateVled                               0x0800653b   Thumb Code     2  act8846.o(.text)
    poweroff                                 0x0800653d   Thumb Code     2  act8846.o(.text)
    PMU_GPIO_Config                          0x08006541   Thumb Code   132  gpio_config.o(.text)
    VSP_VSN_GPIO_Config                      0x080065c5   Thumb Code    92  gpio_config.o(.text)
    OTP_GPIO_Config                          0x08006621   Thumb Code    50  gpio_config.o(.text)
    BL_GPIO_Config                           0x08006653   Thumb Code   156  gpio_config.o(.text)
    VA_Err_GPIO_Config                       0x080066ef   Thumb Code    46  gpio_config.o(.text)
    Usr_Led_GPIO_Config                      0x0800671d   Thumb Code    46  gpio_config.o(.text)
    TPS22993_GPIO_Config                     0x0800674b   Thumb Code    58  gpio_config.o(.text)
    RELAY_UA_GPIO_Config                     0x08006785   Thumb Code    46  gpio_config.o(.text)
    System_GPIO_Config                       0x080067b3   Thumb Code    52  gpio_config.o(.text)
    Set_PMU_RST_IO                           0x080067e7   Thumb Code     6  gpio_config.o(.text)
    Set_PMU_PWREN_IO                         0x080067ed   Thumb Code     6  gpio_config.o(.text)
    ACT8846_DCDC_Switch                      0x080067f3   Thumb Code    24  gpio_config.o(.text)
    ACT8846_LDO_Switch                       0x0800680b   Thumb Code    24  gpio_config.o(.text)
    TPS22993_Sel_Dev                         0x0800689f   Thumb Code    18  tps22993.o(.text)
    TPS22993_Set_Mode                        0x080068b1   Thumb Code    72  tps22993.o(.text)
    TPS22993_On                              0x080068f9   Thumb Code   106  tps22993.o(.text)
    TPS22993_Off                             0x08006963   Thumb Code   106  tps22993.o(.text)
    TPS22993_Set_Fun                         0x080069cd   Thumb Code    42  tps22993.o(.text)
    TPS22993_Init                            0x080069f7   Thumb Code   190  tps22993.o(.text)
    TPS22993_Set_All_Mode                    0x08006ab5   Thumb Code   154  tps22993.o(.text)
    LM36923_I2c_write                        0x08006b61   Thumb Code    86  lm36923.o(.text)
    TL36923_Read                             0x08006c2b   Thumb Code    74  lm36923.o(.text)
    LM36923_Set_Mode                         0x08006c75   Thumb Code    28  lm36923.o(.text)
    LM36923_Reset                            0x08006c91   Thumb Code    38  lm36923.o(.text)
    Setbit1                                  0x08006cb7   Thumb Code    14  lm36923.o(.text)
    Clearbit1                                0x08006cc5   Thumb Code    16  lm36923.o(.text)
    LM36923_On                               0x08006cd5   Thumb Code    34  lm36923.o(.text)
    LM36923_Off                              0x08006cf7   Thumb Code    46  lm36923.o(.text)
    LM36923_AllOn                            0x08006d25   Thumb Code    12  lm36923.o(.text)
    LM36923_AllOff                           0x08006d31   Thumb Code    12  lm36923.o(.text)
    LM36923_Set_Current                      0x08006d3d   Thumb Code    26  lm36923.o(.text)
    LM36923_Init                             0x08006d57   Thumb Code   210  lm36923.o(.text)
    tps65132_i2c_write                       0x08006ea1   Thumb Code   120  tps65132.o(.text)
    tps65132_i2c_read                        0x08006f19   Thumb Code   180  tps65132.o(.text)
    tps65132_set_voltage                     0x08006fcd   Thumb Code   130  tps65132.o(.text)
    tps65132_set_mode                        0x0800704f   Thumb Code    60  tps65132.o(.text)
    Tps65132_Init                            0x0800708b   Thumb Code    36  tps65132.o(.text)
    ad715_i2c_write                          0x080071b9   Thumb Code    60  ad715.o(.text)
    Tps65651_test                            0x080071f5   Thumb Code    22  ad715.o(.text)
    ad715_Init                               0x0800720b   Thumb Code    10  ad715.o(.text)
    INA226_selectDevice                      0x0800721d   Thumb Code    34  ina226.o(.text)
    INA226_writeRegister16                   0x0800723f   Thumb Code   142  ina226.o(.text)
    INA226_readRegister16                    0x080072cd   Thumb Code   186  ina226.o(.text)
    INA226_configure                         0x08007387   Thumb Code    64  ina226.o(.text)
    INA226_calibrate                         0x080073c7   Thumb Code   114  ina226.o(.text)
    INA226_getMaxPossibleCurrent             0x08007439   Thumb Code    16  ina226.o(.text)
    INA226_getMaxCurrent                     0x08007449   Thumb Code    52  ina226.o(.text)
    INA226_getMaxShuntVoltage                0x0800747d   Thumb Code    42  ina226.o(.text)
    INA226_getMaxPower                       0x080074a7   Thumb Code    20  ina226.o(.text)
    INA226_readBusPower                      0x080074bb   Thumb Code    60  ina226.o(.text)
    INA226_readShuntCurrent                  0x080074f7   Thumb Code    60  ina226.o(.text)
    INA226_readShuntVoltage                  0x08007533   Thumb Code    60  ina226.o(.text)
    INA226_readBusVoltage                    0x0800756f   Thumb Code    60  ina226.o(.text)
    INA226_getAverages                       0x080075ab   Thumb Code    36  ina226.o(.text)
    INA226_getBusConversionTime              0x080075cf   Thumb Code    36  ina226.o(.text)
    INA226_getShuntConversionTime            0x080075f3   Thumb Code   562  ina226.o(.text)
    INA226_getMode                           0x08007825   Thumb Code    28  ina226.o(.text)
    INA226_setMaskEnable                     0x08007841   Thumb Code    14  ina226.o(.text)
    INA226_getMaskEnable                     0x0800784f   Thumb Code    18  ina226.o(.text)
    INA226_enableShuntOverLimitAlert         0x08007861   Thumb Code    14  ina226.o(.text)
    INA226_enableShuntUnderLimitAlert        0x0800786f   Thumb Code    14  ina226.o(.text)
    INA226_enableBusOvertLimitAlert          0x0800787d   Thumb Code    14  ina226.o(.text)
    INA226_enableBusUnderLimitAlert          0x0800788b   Thumb Code    14  ina226.o(.text)
    INA226_enableOverPowerLimitAlert         0x08007899   Thumb Code    14  ina226.o(.text)
    INA226_enableConversionReadyAlert        0x080078a7   Thumb Code    14  ina226.o(.text)
    INA226_setBusVoltageLimit                0x080078b5   Thumb Code    44  ina226.o(.text)
    INA226_setShuntVoltageLimit              0x080078e1   Thumb Code    30  ina226.o(.text)
    INA226_setPowerLimit                     0x080078ff   Thumb Code    46  ina226.o(.text)
    INA226_setAlertInvertedPolarity          0x0800792d   Thumb Code    30  ina226.o(.text)
    INA226_setAlertLatch                     0x0800794b   Thumb Code    30  ina226.o(.text)
    INA226_isMathOverflow                    0x08007969   Thumb Code    12  ina226.o(.text)
    INA226_isAlert                           0x08007975   Thumb Code    12  ina226.o(.text)
    INA226_Volt                              0x08007991   Thumb Code    88  voltcurrentproc.o(.text)
    Current_Volt                             0x080079e9   Thumb Code   124  voltcurrentproc.o(.text)
    LED_Init                                 0x08007a91   Thumb Code    46  parm.o(.text)
    Get_Volt_Val                             0x08007abf   Thumb Code    10  parm.o(.text)
    printf_para                              0x08007ac9   Thumb Code    40  parm.o(.text)
    USARTxPinConfiguration                   0x08007b11   Thumb Code    96  uart.o(.text)
    USARTx_DMA_Rx_init                       0x08007b71   Thumb Code   138  uart.o(.text)
    USARTx_DMA_Tx_init                       0x08007bfb   Thumb Code   124  uart.o(.text)
    USARTx_Rx_Init_FIFO                      0x08007c77   Thumb Code   116  uart.o(.text)
    USARTx_Rx_Get_FIFO_Status                0x08007ceb   Thumb Code    74  uart.o(.text)
    USARTx_Rx_GetFIFO_Status                 0x08007d35   Thumb Code    78  uart.o(.text)
    USARTx_Rx_Read_FIFO                      0x08007d83   Thumb Code   128  uart.o(.text)
    USARTx_Rx_Read_NOTFIFO                   0x08007e03   Thumb Code   138  uart.o(.text)
    USARTx_Configuration                     0x08007e8d   Thumb Code   326  uart.o(.text)
    Get_Usartx_Config_Sts                    0x08007fd3   Thumb Code    16  uart.o(.text)
    Read_Uart                                0x08007fe3   Thumb Code   102  uart.o(.text)
    USART2_IRQHandler                        0x08008049   Thumb Code    98  uart.o(.text)
    WriteUart                                0x080080ab   Thumb Code   166  uart.o(.text)
    fifo_datanum                             0x08008151   Thumb Code    20  uart.o(.text)
    ReadUart                                 0x08008165   Thumb Code   102  uart.o(.text)
    USARTxSendUpdata                         0x080081cb   Thumb Code   190  uart.o(.text)
    InitUart                                 0x08008289   Thumb Code    50  uart.o(.text)
    USARTx_Timer_Proc                        0x080082bb   Thumb Code    58  uart.o(.text)
    USARTx_Test                              0x080082f5   Thumb Code    38  uart.o(.text)
    InitUartRxCycQue                         0x08008349   Thumb Code    26  uartque.o(.text)
    ClearUartRxCycQue                        0x08008363   Thumb Code    30  uartque.o(.text)
    WriteUartRxCycQue                        0x08008381   Thumb Code    98  uartque.o(.text)
    ReadUartRxCycQue                         0x080083e3   Thumb Code    90  uartque.o(.text)
    CountUartRxCycQue                        0x0800843d   Thumb Code    20  uartque.o(.text)
    InitUartTxCycQue                         0x08008451   Thumb Code    26  uartque.o(.text)
    ClearUartTxCycQue                        0x0800846b   Thumb Code    30  uartque.o(.text)
    WriteUartTxCycQue                        0x08008489   Thumb Code    98  uartque.o(.text)
    ReadUartTxCycQue                         0x080084eb   Thumb Code    90  uartque.o(.text)
    CountUartTxCycQue                        0x08008545   Thumb Code    20  uartque.o(.text)
    Int2Str                                  0x08008571   Thumb Code    84  common.o(.text)
    Str2Int                                  0x080085c5   Thumb Code   260  common.o(.text)
    SerialPutChar                            0x080086c9   Thumb Code    28  common.o(.text)
    Serial_PutString                         0x080086e5   Thumb Code    22  common.o(.text)
    SerialKeyPressed                         0x080086fb   Thumb Code    42  common.o(.text)
    GetKey                                   0x08008725   Thumb Code    28  common.o(.text)
    GetInputString                           0x08008741   Thumb Code    90  common.o(.text)
    GetIntegerInput                          0x0800879b   Thumb Code    80  common.o(.text)
    FLASH_PagesMask                          0x080087eb   Thumb Code    24  common.o(.text)
    FLASH_DisableWriteProtectionPages        0x08008803   Thumb Code   196  common.o(.text)
    Main_Menu                                0x080088c7   Thumb Code   592  common.o(.text)
    IAP_Ram_Code                             0x08008b17   Thumb Code    36  common.o(.text)
    SerialDownload                           0x08008df9   Thumb Code   120  download.o(.text)
    SerialUpload                             0x08008f89   Thumb Code    56  upload.o(.text)
    Ymodem_Receive                           0x0800916d   Thumb Code   440  ymodem.o(.text)
    Ymodem_CheckResponse                     0x08009325   Thumb Code     6  ymodem.o(.text)
    Ymodem_PrepareIntialPacket               0x0800932b   Thumb Code   114  ymodem.o(.text)
    Ymodem_PreparePacket                     0x0800939d   Thumb Code   140  ymodem.o(.text)
    UpdateCRC16                              0x08009429   Thumb Code    48  ymodem.o(.text)
    Cal_CRC16                                0x08009459   Thumb Code    52  ymodem.o(.text)
    CalChecksum                              0x0800948d   Thumb Code    24  ymodem.o(.text)
    Ymodem_SendPacket                        0x080094a5   Thumb Code    26  ymodem.o(.text)
    Ymodem_Transmit                          0x080094bf   Thumb Code   624  ymodem.o(.text)
    SSD2828GPIOConfig                        0x08009739   Thumb Code   110  ssd2828.o(.text)
    SSD2828GPIOFree                          0x080097a7   Thumb Code    64  ssd2828.o(.text)
    SPI_SDCS                                 0x080097e7   Thumb Code    30  ssd2828.o(.text)
    SPI_SDIN                                 0x08009805   Thumb Code    30  ssd2828.o(.text)
    SPI_SCK                                  0x08009823   Thumb Code    30  ssd2828.o(.text)
    W_byte                                   0x08009841   Thumb Code    84  ssd2828.o(.text)
    SSD2828Read                              0x08009895   Thumb Code    96  ssd2828.o(.text)
    ssd_wparme                               0x080098f5   Thumb Code    48  ssd2828.o(.text)
    ssd_wuparme                              0x08009925   Thumb Code    40  ssd2828.o(.text)
    ssd_wdata                                0x0800994d   Thumb Code    76  ssd2828.o(.text)
    W_REG                                    0x08009999   Thumb Code    78  ssd2828.o(.text)
    Write_SSPI_REG                           0x080099e7   Thumb Code    32  ssd2828.o(.text)
    ssd_rdata                                0x08009a07   Thumb Code    72  ssd2828.o(.text)
    DCS_SP                                   0x08009a4f   Thumb Code    92  ssd2828.o(.text)
    DCS_LP                                   0x08009aab   Thumb Code    90  ssd2828.o(.text)
    GP_SP                                    0x08009b05   Thumb Code   190  ssd2828.o(.text)
    GP_LP                                    0x08009bc3   Thumb Code    66  ssd2828.o(.text)
    DCS_Short_Read_NP                        0x08009c05   Thumb Code   186  ssd2828.o(.text)
    GP_R                                     0x08009cbf   Thumb Code   196  ssd2828.o(.text)
    DCS_Short_Write_1P                       0x08009d83   Thumb Code    24  ssd2828.o(.text)
    DCS_Long_Write_2P                        0x08009d9b   Thumb Code    36  ssd2828.o(.text)
    DCS_Long_Write_3P                        0x08009dbf   Thumb Code    42  ssd2828.o(.text)
    DCS_Long_Write_4P                        0x08009de9   Thumb Code    56  ssd2828.o(.text)
    DCS_Long_Write_5P                        0x08009e21   Thumb Code    56  ssd2828.o(.text)
    DCS_Long_Write_6P                        0x08009e59   Thumb Code    70  ssd2828.o(.text)
    DCS_Long_Write_7P                        0x08009e9f   Thumb Code    70  ssd2828.o(.text)
    DCS_Long_Write_FIFO                      0x08009ee5   Thumb Code    78  ssd2828.o(.text)
    DCS_Long_Write_8FIFO                     0x08009f33   Thumb Code    70  ssd2828.o(.text)
    DCS_Long_Write                           0x08009f79   Thumb Code   100  ssd2828.o(.text)
    DCS_Write                                0x08009fdd   Thumb Code    96  ssd2828.o(.text)
    Generic_Short_Write_1P                   0x0800a03d   Thumb Code    34  ssd2828.o(.text)
    Generic_Long_Write_2P                    0x0800a05f   Thumb Code    36  ssd2828.o(.text)
    Generic_Long_Write_3P                    0x0800a083   Thumb Code    42  ssd2828.o(.text)
    Generic_Long_Write_4P                    0x0800a0ad   Thumb Code    56  ssd2828.o(.text)
    Generic_Long_Write_5P                    0x0800a0e5   Thumb Code    68  ssd2828.o(.text)
    Generic_Long_Write_6P                    0x0800a129   Thumb Code    70  ssd2828.o(.text)
    Generic_Long_Write_7P                    0x0800a16f   Thumb Code    70  ssd2828.o(.text)
    Generic_Long_Write_FIFO                  0x0800a1b5   Thumb Code    78  ssd2828.o(.text)
    Generic_Long_Write_8FIFO                 0x0800a203   Thumb Code    70  ssd2828.o(.text)
    Generic_Write                            0x0800a249   Thumb Code    98  ssd2828.o(.text)
    LCD_INIT                                 0x0800a2ab   Thumb Code     2  ssd2828.o(.text)
    SSD2828Init                              0x0800a2ad   Thumb Code     2  ssd2828.o(.text)
    arm_cmplx_mag_q31                        0x0800a2e9   Thumb Code   186  arm_cmplx_mag_q31.o(.text)
    arm_cfft_radix2_init_q31                 0x0800a3a5   Thumb Code   172  arm_cfft_radix2_init_q31.o(.text)
    arm_radix2_butterfly_q31                 0x0800a479   Thumb Code   672  arm_cfft_radix2_q31.o(.text)
    arm_radix2_butterfly_inverse_q31         0x0800a719   Thumb Code   542  arm_cfft_radix2_q31.o(.text)
    arm_cfft_radix2_q31                      0x0800a937   Thumb Code    46  arm_cfft_radix2_q31.o(.text)
    arm_sqrt_q31                             0x0800a965   Thumb Code   218  arm_sqrt_q31.o(.text)
    arm_bitreversal_f32                      0x0800aa45   Thumb Code   174  arm_bitreversal.o(.text)
    arm_bitreversal_q31                      0x0800aaf3   Thumb Code   178  arm_bitreversal.o(.text)
    arm_bitreversal_q15                      0x0800aba5   Thumb Code   114  arm_bitreversal.o(.text)
    __aeabi_memcpy                           0x0800ac17   Thumb Code    36  memcpya.o(.text)
    __aeabi_memcpy4                          0x0800ac17   Thumb Code     0  memcpya.o(.text)
    __aeabi_memcpy8                          0x0800ac17   Thumb Code     0  memcpya.o(.text)
    __aeabi_memset                           0x0800ac3b   Thumb Code    14  memseta.o(.text)
    __aeabi_memset4                          0x0800ac3b   Thumb Code     0  memseta.o(.text)
    __aeabi_memset8                          0x0800ac3b   Thumb Code     0  memseta.o(.text)
    __aeabi_memclr                           0x0800ac49   Thumb Code     4  memseta.o(.text)
    __aeabi_memclr4                          0x0800ac49   Thumb Code     0  memseta.o(.text)
    __aeabi_memclr8                          0x0800ac49   Thumb Code     0  memseta.o(.text)
    _memset$wrapper                          0x0800ac4d   Thumb Code    18  memseta.o(.text)
    __aeabi_fadd                             0x0800ac5f   Thumb Code   164  fadd.o(.text)
    __aeabi_fsub                             0x0800ad03   Thumb Code     6  fadd.o(.text)
    __aeabi_frsub                            0x0800ad09   Thumb Code     6  fadd.o(.text)
    __aeabi_fmul                             0x0800ad0f   Thumb Code   108  fmul.o(.text)
    __aeabi_fdiv                             0x0800ad7b   Thumb Code   128  fdiv.o(.text)
    __ARM_scalbnf                            0x0800adfb   Thumb Code    24  fscalb.o(.text)
    scalbnf                                  0x0800adfb   Thumb Code     0  fscalb.o(.text)
    __aeabi_dadd                             0x0800ae13   Thumb Code   322  dadd.o(.text)
    __aeabi_dsub                             0x0800af55   Thumb Code     6  dadd.o(.text)
    __aeabi_drsub                            0x0800af5b   Thumb Code     6  dadd.o(.text)
    __aeabi_dmul                             0x0800af61   Thumb Code   228  dmul.o(.text)
    __aeabi_ddiv                             0x0800b045   Thumb Code   222  ddiv.o(.text)
    __aeabi_i2f                              0x0800b123   Thumb Code    18  fflti.o(.text)
    __aeabi_ui2f                             0x0800b135   Thumb Code    10  ffltui.o(.text)
    __aeabi_f2iz                             0x0800b13f   Thumb Code    50  ffixi.o(.text)
    __aeabi_f2uiz                            0x0800b171   Thumb Code    40  ffixui.o(.text)
    __aeabi_d2uiz                            0x0800b199   Thumb Code    50  dfixui.o(.text)
    __aeabi_f2d                              0x0800b1cb   Thumb Code    38  f2d.o(.text)
    __aeabi_d2f                              0x0800b1f1   Thumb Code    56  d2f.o(.text)
    __aeabi_cfcmpeq                          0x0800b229   Thumb Code     0  cfcmple.o(.text)
    __aeabi_cfcmple                          0x0800b229   Thumb Code    20  cfcmple.o(.text)
    __aeabi_cfrcmple                         0x0800b23d   Thumb Code    20  cfrcmple.o(.text)
    __aeabi_uidiv                            0x0800b251   Thumb Code     0  uidiv.o(.text)
    __aeabi_uidivmod                         0x0800b251   Thumb Code    44  uidiv.o(.text)
    __aeabi_uldivmod                         0x0800b27d   Thumb Code    98  uldiv.o(.text)
    __aeabi_llsl                             0x0800b2df   Thumb Code    30  llshl.o(.text)
    _ll_shift_l                              0x0800b2df   Thumb Code     0  llshl.o(.text)
    __aeabi_llsr                             0x0800b2fd   Thumb Code    32  llushr.o(.text)
    _ll_ushift_r                             0x0800b2fd   Thumb Code     0  llushr.o(.text)
    __aeabi_lasr                             0x0800b31d   Thumb Code    36  llsshr.o(.text)
    _ll_sshift_r                             0x0800b31d   Thumb Code     0  llsshr.o(.text)
    __I$use$fp                               0x0800b341   Thumb Code     0  iusefp.o(.text)
    _float_round                             0x0800b341   Thumb Code    18  fepilogue.o(.text)
    _float_epilogue                          0x0800b353   Thumb Code    90  fepilogue.o(.text)
    _double_round                            0x0800b3ad   Thumb Code    26  depilogue.o(.text)
    _double_epilogue                         0x0800b3c7   Thumb Code   164  depilogue.o(.text)
    __ARM_scalbn                             0x0800b46b   Thumb Code    46  dscalb.o(.text)
    scalbn                                   0x0800b46b   Thumb Code     0  dscalb.o(.text)
    _dsqrt                                   0x0800b499   Thumb Code   162  dsqrt.o(.text)
    __aeabi_i2d                              0x0800b53b   Thumb Code    34  dflti.o(.text)
    __aeabi_d2ulz                            0x0800b55d   Thumb Code    48  dfixul.o(.text)
    __aeabi_cdcmpeq                          0x0800b58d   Thumb Code     0  cdcmple.o(.text)
    __aeabi_cdcmple                          0x0800b58d   Thumb Code    38  cdcmple.o(.text)
    __aeabi_cdrcmple                         0x0800b5b5   Thumb Code    38  cdrcmple.o(.text)
    __scatterload                            0x0800b5dd   Thumb Code    28  init.o(.text)
    __scatterload_rt2                        0x0800b5dd   Thumb Code     0  init.o(.text)
    __decompress                             0x0800b601   Thumb Code     0  __dczerorl2.o(.text)
    __decompress1                            0x0800b601   Thumb Code    92  __dczerorl2.o(.text)
    __0printf                                0x0800b65d   Thumb Code    22  printfa.o(i.__0printf)
    __1printf                                0x0800b65d   Thumb Code     0  printfa.o(i.__0printf)
    __2printf                                0x0800b65d   Thumb Code     0  printfa.o(i.__0printf)
    __c89printf                              0x0800b65d   Thumb Code     0  printfa.o(i.__0printf)
    printf                                   0x0800b65d   Thumb Code     0  printfa.o(i.__0printf)
    __ARM_fpclassify                         0x0800b67d   Thumb Code    40  fpclassify.o(i.__ARM_fpclassify)
    __kernel_poly                            0x0800b6a5   Thumb Code   170  poly.o(i.__kernel_poly)
    __mathlib_dbl_underflow                  0x0800b751   Thumb Code    10  dunder.o(i.__mathlib_dbl_underflow)
    __scatterload_copy                       0x0800b761   Thumb Code    14  handlers.o(i.__scatterload_copy)
    __scatterload_null                       0x0800b76f   Thumb Code     2  handlers.o(i.__scatterload_null)
    __scatterload_zeroinit                   0x0800b771   Thumb Code    14  handlers.o(i.__scatterload_zeroinit)
    __set_errno                              0x0800b781   Thumb Code     6  errno.o(i.__set_errno)
    log                                      0x0800c031   Thumb Code   822  log.o(i.log)
    log10                                    0x0800c3a1   Thumb Code   212  log10.o(i.log10)
    malloc                                   0x0800c495   Thumb Code    92  malloc.o(i.malloc)
    pow                                      0x0800c501   Thumb Code  2510  pow.o(i.pow)
    sqrt                                     0x0800cee1   Thumb Code    78  sqrt.o(i.sqrt)
    memtblsize                               0x0800cf30   Data           4  malloc.o(.constdata)
    memblksize                               0x0800cf34   Data           4  malloc.o(.constdata)
    memsize                                  0x0800cf38   Data           4  malloc.o(.constdata)
    armBitRevTable                           0x0800d31c   Data        2048  arm_common_tables.o(.constdata)
    twiddleCoefQ31                           0x0800db1c   Data       24576  arm_common_tables.o(.constdata)
    __mathlib_zero                           0x08013be0   Data           8  qnan.o(.constdata)
    Region$$Table$$Base                      0x08013c60   Number         0  anon$$obj.o(Region$$Table)
    Region$$Table$$Limit                     0x08013c80   Number         0  anon$$obj.o(Region$$Table)
    Interface_addr                           0x20000000   Data           4  main.o(.data)
    SystemCoreClock                          0x20000004   Data           4  system_stm32f10x.o(.data)
    AHBPrescTable                            0x20000008   Data          16  system_stm32f10x.o(.data)
    itime                                    0x20000018   Data           4  timer.o(.data)
    ADCBuffer                                0x2000001c   Data           2  adc.o(.data)
    USART_RX_STA                             0x20000020   Data           2  usart.o(.data)
    __stdout                                 0x20000024   Data           4  usart.o(.data)
    sys_cmd_tab                              0x2000003c   Data          28  usmart.o(.data)
    usmart_nametab                           0x20000058   Data          24  usmart_config.o(.data)
    usmart_dev                               0x20000070   Data         244  usmart_config.o(.data)
    mallco_dev                               0x20000164   Data          20  malloc.o(.data)
    fft_ibuf                                 0x20000178   Data           4  fricker.o(.data)
    fft_obuf                                 0x2000017c   Data           4  fricker.o(.data)
    sampling_count                           0x20000180   Data           4  fricker.o(.data)
    G_i2c11__nop_count                       0x20000184   Data           1  i2c1_bitbang.o(.data)
    LM36923_Val                              0x2000018b   Data           1  lm36923.o(.data)
    INA226_I2C_7BIT_ADDRESS                  0x20000190   Data           1  ina226.o(.data)
    inaAddress                               0x20000191   Data           1  ina226.o(.data)
    currentLSB                               0x20000198   Data           8  ina226.o(.data)
    powerLSB                                 0x200001a0   Data           8  ina226.o(.data)
    vShuntMax                                0x200001a8   Data           4  ina226.o(.data)
    vBusMax                                  0x200001ac   Data           4  ina226.o(.data)
    rShunt                                   0x200001b0   Data           4  ina226.o(.data)
    lcm_para                                 0x200001b4   Data         320  parm.o(.data)
    ReadPoint                                0x200002f4   Data           4  uart.o(.data)
    Jump_To_Application                      0x20000308   Data           4  common.o(.data)
    BlockNbr                                 0x2000030c   Data           4  common.o(.data)
    UserMemoryMask                           0x20000310   Data           4  common.o(.data)
    FlashProtection                          0x20000314   Data           4  common.o(.data)
    JumpAddress                              0x20000318   Data           4  common.o(.data)
    FlashDestination                         0x2000031c   Data           4  ymodem.o(.data)
    PageSize                                 0x20000320   Data           2  ymodem.o(.data)
    EraseCounter                             0x20000324   Data           4  ymodem.o(.data)
    NbrOfPage                                0x20000328   Data           4  ymodem.o(.data)
    FLASHStatus                              0x2000032c   Data           1  ymodem.o(.data)
    RamSource                                0x20000330   Data           4  ymodem.o(.data)
    interface                                0x20000334   Data          84  appinterface.o(.data)
    Lcd_DCLK                                 0x20000388   Data           4  ssd2828.o(.data)
    Lcd_LCDH                                 0x2000038c   Data           4  ssd2828.o(.data)
    Lcd_LCDV                                 0x20000390   Data           4  ssd2828.o(.data)
    Lcd_HBPD                                 0x20000394   Data           4  ssd2828.o(.data)
    Lcd_HFPD                                 0x20000398   Data           4  ssd2828.o(.data)
    Lcd_HSPW                                 0x2000039c   Data           4  ssd2828.o(.data)
    Lcd_VBPD                                 0x200003a0   Data           4  ssd2828.o(.data)
    Lcd_VFPD                                 0x200003a4   Data           4  ssd2828.o(.data)
    Lcd_VSPW                                 0x200003a8   Data           4  ssd2828.o(.data)
    Lcd_DCLK_EDGE                            0x200003ac   Data           4  ssd2828.o(.data)
    Lcd_HSYNC_POLARITY                       0x200003b0   Data           4  ssd2828.o(.data)
    Lcd_VSYNC_POLARITY                       0x200003b4   Data           4  ssd2828.o(.data)
    Lcd_DE_POLARITY                          0x200003b8   Data           4  ssd2828.o(.data)
    Lcd_MODE                                 0x200003bc   Data           4  ssd2828.o(.data)
    mode                                     0x200003c0   Data           4  ssd2828.o(.data)
    __microlib_freelist                      0x200003c4   Data           4  mvars.o(.data)
    __microlib_freelist_initialised          0x200003c8   Data           4  mvars.o(.data)
    bufer                                    0x200003d0   Data         512  main.o(.bss)
    USART_RX_BUF                             0x200005d0   Data         256  usart.o(.bss)
    mem1base                                 0x200006d0   Data       24576  malloc.o(.bss)
    mem1mapbase                              0x200066d0   Data        1536  malloc.o(.bss)
    tab_1024                                 0x20007808   Data        1024  download.o(.bss)
    file_name                                0x20007c08   Data         256  ymodem.o(.bss)
    __heap_base                              0x20007d08   Data           0  startup_stm32f10x_hd.o(HEAP)
    __heap_limit                             0x20008108   Data           0  startup_stm32f10x_hd.o(HEAP)
    __initial_sp                             0x20008908   Data           0  startup_stm32f10x_hd.o(STACK)
    IAP_Code_Addr                            0x2000c000   Data       12288  common.o(.ARM.__AT_0x2000C000)
    IIRAM                                    0x2000f000   Data        3584  common.o(.ARM.__AT_0x2000F000)
    IRAM                                     0x2000fe00   Data         512  common.o(.ARM.__AT_0x2000FE00)



==============================================================================

Memory Map of the image

  Image Entry point : 0x08000131

  Load Region LR_IROM1 (Base: 0x08000000, Size: 0x00014050, Max: 0x00080000, ABSOLUTE, COMPRESSED[0x00013df4])

    Execution Region ER_IROM1 (Base: 0x08000000, Size: 0x00013c80, Max: 0x00080000, ABSOLUTE)

    Base Addr    Size         Type   Attr      Idx    E Section Name        Object

    0x08000000   0x00000130   Data   RO          388    RESET               startup_stm32f10x_hd.o
    0x08000130   0x00000000   Code   RO         1310  * .ARM.Collect$$$$00000000  mc_w.l(entry.o)
    0x08000130   0x00000004   Code   RO         1657    .ARM.Collect$$$$00000001  mc_w.l(entry2.o)
    0x08000134   0x00000004   Code   RO         1660    .ARM.Collect$$$$00000004  mc_w.l(entry5.o)
    0x08000138   0x00000000   Code   RO         1662    .ARM.Collect$$$$00000008  mc_w.l(entry7b.o)
    0x08000138   0x00000000   Code   RO         1664    .ARM.Collect$$$$0000000A  mc_w.l(entry8b.o)
    0x08000138   0x00000008   Code   RO         1665    .ARM.Collect$$$$0000000B  mc_w.l(entry9a.o)
    0x08000140   0x00000000   Code   RO         1667    .ARM.Collect$$$$0000000D  mc_w.l(entry10a.o)
    0x08000140   0x00000000   Code   RO         1669    .ARM.Collect$$$$0000000F  mc_w.l(entry11a.o)
    0x08000140   0x00000004   Code   RO         1658    .ARM.Collect$$$$00002712  mc_w.l(entry2.o)
    0x08000144   0x00000474   Code   RO            1    .text               main.o
    0x080005b8   0x00000018   Code   RO          200    .text               stm32f10x_it.o
    0x080005d0   0x000001dc   Code   RO          232    .text               system_stm32f10x.o
    0x080007ac   0x000000c0   Code   RO          250    .text               user.o
    0x0800086c   0x000000e8   Code   RO          280    .text               timer.o
    0x08000954   0x0000048c   Code   RO          305    .text               adc.o
    0x08000de0   0x000000f4   Code   RO          326    .text               delay.o
    0x08000ed4   0x0000000c   Code   RO          340    .text               sys.o
    0x08000ee0   0x00000164   Code   RO          352    .text               usart.o
    0x08001044   0x00000024   Code   RO          389    .text               startup_stm32f10x_hd.o
    0x08001068   0x00000358   Code   RO          393    .text               stm32f10x_gpio.o
    0x080013c0   0x000003a4   Code   RO          405    .text               stm32f10x_rcc.o
    0x08001764   0x00000408   Code   RO          419    .text               stm32f10x_usart.o
    0x08001b6c   0x000000dc   Code   RO          431    .text               misc.o
    0x08001c48   0x00000e1a   Code   RO          443    .text               stm32f10x_tim.o
    0x08002a62   0x00000002   PAD
    0x08002a64   0x0000044e   Code   RO          455    .text               stm32f10x_adc.o
    0x08002eb2   0x00000002   PAD
    0x08002eb4   0x00000250   Code   RO          512    .text               stm32f10x_dma.o
    0x08003104   0x000005bc   Code   RO          524    .text               stm32f10x_flash.o
    0x080036c0   0x00000b3c   Code   RO          536    .text               usmart.o
    0x080041fc   0x00000528   Code   RO          565    .text               usmart_str.o
    0x08004724   0x00000230   Code   RO          577    .text               malloc.o
    0x08004954   0x0000035c   Code   RO          642    .text               fricker.o
    0x08004cb0   0x000005a0   Code   RO          665    .text               myiic.o
    0x08005250   0x000002fc   Code   RO          680    .text               i2c1_bitbang.o
    0x0800554c   0x000003ac   Code   RO          695    .text               lt35825.o
    0x080058f8   0x00000c46   Code   RO          724    .text               act8846.o
    0x0800653e   0x00000002   PAD
    0x08006540   0x00000308   Code   RO          745    .text               gpio_config.o
    0x08006848   0x00000318   Code   RO          757    .text               tps22993.o
    0x08006b60   0x00000340   Code   RO          771    .text               lm36923.o
    0x08006ea0   0x00000318   Code   RO          786    .text               tps65132.o
    0x080071b8   0x00000064   Code   RO          813    .text               ad715.o
    0x0800721c   0x00000774   Code   RO          825    .text               ina226.o
    0x08007990   0x00000100   Code   RO          840    .text               voltcurrentproc.o
    0x08007a90   0x00000080   Code   RO          862    .text               parm.o
    0x08007b10   0x00000838   Code   RO          881    .text               uart.o
    0x08008348   0x00000228   Code   RO          911    .text               uartque.o
    0x08008570   0x00000888   Code   RO          926    .text               common.o
    0x08008df8   0x00000190   Code   RO          953    .text               download.o
    0x08008f88   0x000000f8   Code   RO          970    .text               upload.o
    0x08009080   0x000006b8   Code   RO          982    .text               ymodem.o
    0x08009738   0x00000bb0   Code   RO         1048    .text               ssd2828.o
    0x0800a2e8   0x000000ba   Code   RO         1106    .text               arm_cortexM3l_math.lib(arm_cmplx_mag_q31.o)
    0x0800a3a2   0x00000002   PAD
    0x0800a3a4   0x000000d4   Code   RO         1148    .text               arm_cortexM3l_math.lib(arm_cfft_radix2_init_q31.o)
    0x0800a478   0x000004ec   Code   RO         1172    .text               arm_cortexM3l_math.lib(arm_cfft_radix2_q31.o)
    0x0800a964   0x000000e0   Code   RO         1192    .text               arm_cortexM3l_math.lib(arm_sqrt_q31.o)
    0x0800aa44   0x000001d2   Code   RO         1212    .text               arm_cortexM3l_math.lib(arm_bitreversal.o)
    0x0800ac16   0x00000024   Code   RO         1313    .text               mc_w.l(memcpya.o)
    0x0800ac3a   0x00000024   Code   RO         1315    .text               mc_w.l(memseta.o)
    0x0800ac5e   0x000000b0   Code   RO         1608    .text               mf_w.l(fadd.o)
    0x0800ad0e   0x0000006c   Code   RO         1610    .text               mf_w.l(fmul.o)
    0x0800ad7a   0x00000080   Code   RO         1612    .text               mf_w.l(fdiv.o)
    0x0800adfa   0x00000018   Code   RO         1614    .text               mf_w.l(fscalb.o)
    0x0800ae12   0x0000014e   Code   RO         1616    .text               mf_w.l(dadd.o)
    0x0800af60   0x000000e4   Code   RO         1618    .text               mf_w.l(dmul.o)
    0x0800b044   0x000000de   Code   RO         1620    .text               mf_w.l(ddiv.o)
    0x0800b122   0x00000012   Code   RO         1622    .text               mf_w.l(fflti.o)
    0x0800b134   0x0000000a   Code   RO         1624    .text               mf_w.l(ffltui.o)
    0x0800b13e   0x00000032   Code   RO         1626    .text               mf_w.l(ffixi.o)
    0x0800b170   0x00000028   Code   RO         1628    .text               mf_w.l(ffixui.o)
    0x0800b198   0x00000032   Code   RO         1630    .text               mf_w.l(dfixui.o)
    0x0800b1ca   0x00000026   Code   RO         1632    .text               mf_w.l(f2d.o)
    0x0800b1f0   0x00000038   Code   RO         1634    .text               mf_w.l(d2f.o)
    0x0800b228   0x00000014   Code   RO         1636    .text               mf_w.l(cfcmple.o)
    0x0800b23c   0x00000014   Code   RO         1638    .text               mf_w.l(cfrcmple.o)
    0x0800b250   0x0000002c   Code   RO         1671    .text               mc_w.l(uidiv.o)
    0x0800b27c   0x00000062   Code   RO         1673    .text               mc_w.l(uldiv.o)
    0x0800b2de   0x0000001e   Code   RO         1675    .text               mc_w.l(llshl.o)
    0x0800b2fc   0x00000020   Code   RO         1677    .text               mc_w.l(llushr.o)
    0x0800b31c   0x00000024   Code   RO         1679    .text               mc_w.l(llsshr.o)
    0x0800b340   0x00000000   Code   RO         1690    .text               mc_w.l(iusefp.o)
    0x0800b340   0x0000006c   Code   RO         1691    .text               mf_w.l(fepilogue.o)
    0x0800b3ac   0x000000be   Code   RO         1693    .text               mf_w.l(depilogue.o)
    0x0800b46a   0x0000002e   Code   RO         1695    .text               mf_w.l(dscalb.o)
    0x0800b498   0x000000a2   Code   RO         1697    .text               mf_w.l(dsqrt.o)
    0x0800b53a   0x00000022   Code   RO         1699    .text               mf_w.l(dflti.o)
    0x0800b55c   0x00000030   Code   RO         1701    .text               mf_w.l(dfixul.o)
    0x0800b58c   0x00000028   Code   RO         1703    .text               mf_w.l(cdcmple.o)
    0x0800b5b4   0x00000028   Code   RO         1705    .text               mf_w.l(cdrcmple.o)
    0x0800b5dc   0x00000024   Code   RO         1707    .text               mc_w.l(init.o)
    0x0800b600   0x0000005c   Code   RO         1717    .text               mc_w.l(__dczerorl2.o)
    0x0800b65c   0x00000020   Code   RO         1552    i.__0printf         mc_w.l(printfa.o)
    0x0800b67c   0x00000028   Code   RO         1642    i.__ARM_fpclassify  m_ws.l(fpclassify.o)
    0x0800b6a4   0x000000aa   Code   RO         1654    i.__kernel_poly     m_ws.l(poly.o)
    0x0800b74e   0x00000002   PAD
    0x0800b750   0x00000010   Code   RO         1640    i.__mathlib_dbl_underflow  m_ws.l(dunder.o)
    0x0800b760   0x0000000e   Code   RO         1711    i.__scatterload_copy  mc_w.l(handlers.o)
    0x0800b76e   0x00000002   Code   RO         1712    i.__scatterload_null  mc_w.l(handlers.o)
    0x0800b770   0x0000000e   Code   RO         1713    i.__scatterload_zeroinit  mc_w.l(handlers.o)
    0x0800b77e   0x00000002   PAD
    0x0800b780   0x0000000c   Code   RO         1685    i.__set_errno       mc_w.l(errno.o)
    0x0800b78c   0x0000015c   Code   RO         1559    i._fp_digits        mc_w.l(printfa.o)
    0x0800b8e8   0x000006f0   Code   RO         1560    i._printf_core      mc_w.l(printfa.o)
    0x0800bfd8   0x00000026   Code   RO         1561    i._printf_post_padding  mc_w.l(printfa.o)
    0x0800bffe   0x00000030   Code   RO         1562    i._printf_pre_padding  mc_w.l(printfa.o)
    0x0800c02e   0x00000002   PAD
    0x0800c030   0x00000370   Code   RO         1645    i.log               m_ws.l(log.o)
    0x0800c3a0   0x000000f4   Code   RO         1285    i.log10             m_ws.l(log10.o)
    0x0800c494   0x0000006c   Code   RO         1581    i.malloc            mc_w.l(malloc.o)
    0x0800c500   0x000009e0   Code   RO         1293    i.pow               m_ws.l(pow.o)
    0x0800cee0   0x0000004e   Code   RO         1303    i.sqrt              m_ws.l(sqrt.o)
    0x0800cf2e   0x00000002   PAD
    0x0800cf30   0x0000000c   Data   RO          579    .constdata          malloc.o
    0x0800cf3c   0x0000004b   Data   RO          643    .constdata          fricker.o
    0x0800cf87   0x00000001   PAD
    0x0800cf88   0x0000027c   Data   RO          725    .constdata          act8846.o
    0x0800d204   0x00000078   Data   RO          883    .constdata          uart.o
    0x0800d27c   0x0000004a   Data   RO          930    .constdata          common.o
    0x0800d2c6   0x00000002   PAD
    0x0800d2c8   0x00000053   Data   RO          955    .constdata          download.o
    0x0800d31b   0x00000001   PAD
    0x0800d31c   0x00000800   Data   RO         1232    .constdata          arm_cortexM3l_math.lib(arm_common_tables.o)
    0x0800db1c   0x00006000   Data   RO         1242    .constdata          arm_cortexM3l_math.lib(arm_common_tables.o)
    0x08013b1c   0x00000004   PAD
    0x08013b20   0x00000088   Data   RO         1294    .constdata          m_ws.l(pow.o)
    0x08013ba8   0x00000038   Data   RO         1646    .constdata          m_ws.l(log.o)
    0x08013be0   0x00000008   Data   RO         1656    .constdata          m_ws.l(qnan.o)
    0x08013be8   0x0000001f   Data   RO          537    .conststring        usmart.o
    0x08013c07   0x0000004b   Data   RO          552    .conststring        usmart_config.o
    0x08013c52   0x0000000c   Data   RO          863    .conststring        parm.o
    0x08013c5e   0x00000002   PAD
    0x08013c60   0x00000020   Data   RO         1709    Region$$Table       anon$$obj.o


    Execution Region RW_IRAM1 (Base: 0x20000000, Size: 0x00010000, Max: 0x00010000, ABSOLUTE, COMPRESSED[0x00000174])

    Base Addr    Size         Type   Attr      Idx    E Section Name        Object

    0x20000000   0x00000004   Data   RW            3    .data               main.o
    0x20000004   0x00000014   Data   RW          233    .data               system_stm32f10x.o
    0x20000018   0x00000004   Data   RW          281    .data               timer.o
    0x2000001c   0x00000002   Data   RW          306    .data               adc.o
    0x2000001e   0x00000002   Data   RW          327    .data               delay.o
    0x20000020   0x00000008   Data   RW          354    .data               usart.o
    0x20000028   0x00000014   Data   RW          406    .data               stm32f10x_rcc.o
    0x2000003c   0x0000001c   Data   RW          538    .data               usmart.o
    0x20000058   0x0000010c   Data   RW          553    .data               usmart_config.o
    0x20000164   0x00000014   Data   RW          580    .data               malloc.o
    0x20000178   0x0000000c   Data   RW          644    .data               fricker.o
    0x20000184   0x00000001   Data   RW          681    .data               i2c1_bitbang.o
    0x20000185   0x00000001   Data   RW          726    .data               act8846.o
    0x20000186   0x00000004   Data   RW          758    .data               tps22993.o
    0x2000018a   0x00000002   Data   RW          772    .data               lm36923.o
    0x2000018c   0x00000004   PAD
    0x20000190   0x00000024   Data   RW          826    .data               ina226.o
    0x200001b4   0x00000140   Data   RW          864    .data               parm.o
    0x200002f4   0x0000000c   Data   RW          884    .data               uart.o
    0x20000300   0x00000008   Data   RW          913    .data               uartque.o
    0x20000308   0x00000014   Data   RW          931    .data               common.o
    0x2000031c   0x00000018   Data   RW          984    .data               ymodem.o
    0x20000334   0x00000054   Data   RW          999    .data               appinterface.o
    0x20000388   0x0000003c   Data   RW         1049    .data               ssd2828.o
    0x200003c4   0x00000004   Data   RW         1681    .data               mc_w.l(mvars.o)
    0x200003c8   0x00000004   Data   RW         1682    .data               mc_w.l(mvars.o)
    0x200003cc   0x00000004   Data   RW         1686    .data               mc_w.l(errno.o)
    0x200003d0   0x00000200   Zero   RW            2    .bss                main.o
    0x200005d0   0x00000100   Zero   RW          353    .bss                usart.o
    0x200006d0   0x00006600   Zero   RW          578    .bss                malloc.o
    0x20006cd0   0x00000408   Zero   RW          882    .bss                uart.o
    0x200070d8   0x00000730   Zero   RW          912    .bss                uartque.o
    0x20007808   0x00000400   Zero   RW          954    .bss                download.o
    0x20007c08   0x00000100   Zero   RW          983    .bss                ymodem.o
    0x20007d08   0x00000400   Zero   RW          387    HEAP                startup_stm32f10x_hd.o
    0x20008108   0x00000800   Zero   RW          386    STACK               startup_stm32f10x_hd.o
    0x20008908   0x000036f8   PAD
    0x2000c000   0x00003000   Zero   RW          927    .ARM.__AT_0x2000C000  common.o
    0x2000f000   0x00000e00   Zero   RW          928    .ARM.__AT_0x2000F000  common.o
    0x2000fe00   0x00000200   Zero   RW          929    .ARM.__AT_0x2000FE00  common.o


==============================================================================

Image component sizes


      Code (inc. data)   RO Data    RW Data    ZI Data      Debug   Object Name

      3142        964        636          1          0      11343   act8846.o
       100          8          0          0          0        795   ad715.o
      1164         44          0          2          0      12358   adc.o
         0          0          0         84          0       1040   appinterface.o
      2184        938         74         20      16384      26942   common.o
         0          0          0          0          0         32   core_cm3.o
       244         18          0          2          0       1441   delay.o
       400        280         83          0       1024       1008   download.o
       860         66         75         12          0       2291   fricker.o
       776         38          0          0          0       2780   gpio_config.o
       764          8          0          1          0       4488   i2c1_bitbang.o
      1908        542          0         36          0       8213   ina226.o
       832        120          0          2          0       3633   lm36923.o
       940        186          0          0          0       2174   lt35825.o
      1140        240          0          4        512     292347   main.o
       560         18         12         20      26112       4003   malloc.o
       220         20          0          0          0       1657   misc.o
      1440        162          0          0          0       5494   myiic.o
       128         32         12        320          0       6263   parm.o
      2992        190          0         60          0      13047   ssd2828.o
        36          8        304          0       3072        716   startup_stm32f10x_hd.o
      1102         26          0          0          0      10689   stm32f10x_adc.o
       592          8          0          0          0       4186   stm32f10x_dma.o
      1468         34          0          0          0       7890   stm32f10x_flash.o
       856         40          0          0          0       5501   stm32f10x_gpio.o
        24          0          0          0          0       1018   stm32f10x_it.o
       932         44          0         20          0       8596   stm32f10x_rcc.o
      3610         88          0          0          0      21984   stm32f10x_tim.o
      1032         22          0          0          0       8228   stm32f10x_usart.o
        12          0          0          0          0        381   sys.o
       476         36          0         20          0       1523   system_stm32f10x.o
       232          8          0          4          0       1327   timer.o
       792         18          0          4          0       2467   tps22993.o
       792        266          0          0          0       2476   tps65132.o
      2104         58        120         12       1032       8968   uart.o
       552         24          0          8       1840       2966   uartque.o
       248        192          0          0          0        451   upload.o
       356         12          0          8        256       3019   usart.o
       192         24          0          0          0       1810   user.o
      2876       1212         31         28          0       3934   usmart.o
         0          0         75        268          0       1412   usmart_config.o
      1320         12          0          0          0       4893   usmart_str.o
       256         44          0          0          0        651   voltcurrentproc.o
      1720         18          0         24        256       6604   ymodem.o

    ----------------------------------------------------------------------
     41380       6068       1460        964      64560     513039   Object Totals
         0          0         32          0          0          0   (incl. Generated)
         6          0          6          4      14072          0   (incl. Padding)

    ----------------------------------------------------------------------

      Code (inc. data)   RO Data    RW Data    ZI Data      Debug   Library Member Name

       466          0          0          0          0       1986   arm_bitreversal.o
       212         40          0          0          0       1103   arm_cfft_radix2_init_q31.o
      1260          0          0          0          0       2536   arm_cfft_radix2_q31.o
       186          0          0          0          0      17888   arm_cmplx_mag_q31.o
         0          0      26624          0          0       2752   arm_common_tables.o
       224          6          0          0          0        799   arm_sqrt_q31.o
        16          6          0          0          0         68   dunder.o
        40          0          0          0          0         68   fpclassify.o
       880         58         56          0          0        276   log.o
       244         32          0          0          0        128   log10.o
       170          0          0          0          0         96   poly.o
      2528        190        136          0          0        316   pow.o
         0          0          8          0          0          0   qnan.o
        78          0          0          0          0         84   sqrt.o
        92          0          0          0          0          0   __dczerorl2.o
         0          0          0          0          0          0   entry.o
         0          0          0          0          0          0   entry10a.o
         0          0          0          0          0          0   entry11a.o
         8          4          0          0          0          0   entry2.o
         4          0          0          0          0          0   entry5.o
         0          0          0          0          0          0   entry7b.o
         0          0          0          0          0          0   entry8b.o
         8          4          0          0          0          0   entry9a.o
        12          6          0          4          0         68   errno.o
        30          0          0          0          0          0   handlers.o
        36          8          0          0          0         68   init.o
         0          0          0          0          0          0   iusefp.o
        30          0          0          0          0         68   llshl.o
        36          0          0          0          0         68   llsshr.o
        32          0          0          0          0         68   llushr.o
       108         16          0          0          0         84   malloc.o
        36          0          0          0          0         68   memcpya.o
        36          0          0          0          0        108   memseta.o
         0          0          0          8          0          0   mvars.o
      2242         90          0          0          0        444   printfa.o
        44          0          0          0          0         80   uidiv.o
        98          0          0          0          0         92   uldiv.o
        40          2          0          0          0         68   cdcmple.o
        40          2          0          0          0         68   cdrcmple.o
        20          0          0          0          0         68   cfcmple.o
        20          0          0          0          0         68   cfrcmple.o
        56          0          0          0          0         88   d2f.o
       334          0          0          0          0        144   dadd.o
       222          0          0          0          0        100   ddiv.o
       190          0          0          0          0        176   depilogue.o
        50          0          0          0          0         76   dfixui.o
        48          0          0          0          0         68   dfixul.o
        34          0          0          0          0         76   dflti.o
       228          0          0          0          0         92   dmul.o
        46          0          0          0          0         80   dscalb.o
       162          0          0          0          0        100   dsqrt.o
        38          0          0          0          0         68   f2d.o
       176          0          0          0          0        140   fadd.o
       128          0          0          0          0         88   fdiv.o
       108          0          0          0          0        168   fepilogue.o
        50          0          0          0          0         68   ffixi.o
        40          0          0          0          0         68   ffixui.o
        18          0          0          0          0         68   fflti.o
        10          0          0          0          0         68   ffltui.o
       108          0          0          0          0         76   fmul.o
        24          0          0          0          0         68   fscalb.o

    ----------------------------------------------------------------------
     11356        464      26828         12          0      31468   Library Totals
        10          0          4          0          0          0   (incl. Padding)

    ----------------------------------------------------------------------

      Code (inc. data)   RO Data    RW Data    ZI Data      Debug   Library Name

      2348         46      26624          0          0      27064   arm_cortexM3l_math.lib
      3956        286        200          0          0       1036   m_ws.l
      2852        128          0         12          0       1216   mc_w.l
      2190          4          0          0          0       2152   mf_w.l

    ----------------------------------------------------------------------
     11356        464      26828         12          0      31468   Library Totals

    ----------------------------------------------------------------------

==============================================================================


      Code (inc. data)   RO Data    RW Data    ZI Data      Debug   

     52736       6532      28288        976      64560     538163   Grand Totals
     52736       6532      28288        372      64560     538163   ELF Image Totals (compressed)
     52736       6532      28288        372          0          0   ROM Totals

==============================================================================

    Total RO  Size (Code + RO Data)                81024 (  79.13kB)
    Total RW  Size (RW Data + ZI Data)             65536 (  64.00kB)
    Total ROM Size (Code + RO Data + RW Data)      81396 (  79.49kB)

==============================================================================

