ARM Linker, 5.03 [Build 24] [MDK-ARM Professional]

==============================================================================

Section Cross References

    main.o(.text) refers to printfa.o(i.__0printf) for __2printf
    main.o(.text) refers to uart.o(.text) for ReadUart
    main.o(.text) refers to common.o(.text) for Main_Menu
    main.o(.text) refers to sys.o(.text) for NVIC_Configuration
    main.o(.text) refers to delay.o(.text) for delay_init
    main.o(.text) refers to gpio_config.o(.text) for System_GPIO_Config
    main.o(.text) refers to malloc.o(.text) for mem_init
    main.o(.text) refers to myiic.o(.text) for IIC_Init
    main.o(.text) refers to fricker.o(.text) for Flicker_init
    main.o(.text) refers to lt35825.o(.text) for TL35825_init
    main.o(.text) refers to act8846.o(.text) for act8846_init
    main.o(.text) refers to tps22993.o(.text) for TPS22993_Init
    main.o(.text) refers to lm36923.o(.text) for LM36923_Init
    main.o(.text) refers to parm.o(.text) for Get_Volt_Val
    main.o(.text) refers to tps65132.o(.text) for Tps65132_Init
    main.o(.text) refers to voltcurrentproc.o(.text) for INA226_Volt
    main.o(.text) refers to main.o(.data) for i
    main.o(.text) refers to appinterface.o(.data) for interface
    main.o(.text) refers to usmart_config.o(.data) for usmart_dev
    main.o(.text) refers to main.o(.bss) for bufer
    main.o(.data) refers to myiic.o(.text) for IIC_Start
    system_stm32f10x.o(.text) refers to system_stm32f10x.o(.data) for SystemCoreClock
    timer.o(.text) refers to stm32f10x_rcc.o(.text) for RCC_APB1PeriphClockCmd
    timer.o(.text) refers to stm32f10x_tim.o(.text) for TIM_Cmd
    timer.o(.text) refers to misc.o(.text) for NVIC_PriorityGroupConfig
    timer.o(.text) refers to fricker.o(.text) for collection_data
    timer.o(.text) refers to timer.o(.data) for itime
    adc.o(.text) refers to stm32f10x_rcc.o(.text) for RCC_APB2PeriphClockCmd
    adc.o(.text) refers to stm32f10x_gpio.o(.text) for GPIO_Init
    adc.o(.text) refers to stm32f10x_dma.o(.text) for DMA_DeInit
    adc.o(.text) refers to stm32f10x_adc.o(.text) for ADC_Init
    adc.o(.text) refers to adc.o(.data) for ADCBuffer
    delay.o(.text) refers to uart.o(.text) for USARTx_Timer_Proc
    delay.o(.text) refers to misc.o(.text) for SysTick_CLKSourceConfig
    delay.o(.text) refers to delay.o(.data) for cnt
    delay.o(.text) refers to system_stm32f10x.o(.data) for SystemCoreClock
    sys.o(.text) refers to misc.o(.text) for NVIC_PriorityGroupConfig
    usart.o(.text) refers to stm32f10x_rcc.o(.text) for RCC_APB2PeriphClockCmd
    usart.o(.text) refers to stm32f10x_usart.o(.text) for USART_DeInit
    usart.o(.text) refers to stm32f10x_gpio.o(.text) for GPIO_Init
    usart.o(.text) refers to misc.o(.text) for NVIC_Init
    startup_stm32f10x_hd.o(RESET) refers to startup_stm32f10x_hd.o(STACK) for __initial_sp
    startup_stm32f10x_hd.o(RESET) refers to startup_stm32f10x_hd.o(.text) for Reset_Handler
    startup_stm32f10x_hd.o(RESET) refers to stm32f10x_it.o(.text) for NMI_Handler
    startup_stm32f10x_hd.o(RESET) refers to delay.o(.text) for SysTick_Handler
    startup_stm32f10x_hd.o(RESET) refers to timer.o(.text) for TIM3_IRQHandler
    startup_stm32f10x_hd.o(RESET) refers to usmart.o(.text) for TIM4_IRQHandler
    startup_stm32f10x_hd.o(RESET) refers to uart.o(.text) for USART2_IRQHandler
    startup_stm32f10x_hd.o(.text) refers to system_stm32f10x.o(.text) for SystemInit
    startup_stm32f10x_hd.o(.text) refers to entry.o(.ARM.Collect$$$$00000000) for __main
    stm32f10x_gpio.o(.text) refers to stm32f10x_rcc.o(.text) for RCC_APB2PeriphResetCmd
    stm32f10x_rcc.o(.text) refers to stm32f10x_rcc.o(.data) for APBAHBPrescTable
    stm32f10x_usart.o(.text) refers to stm32f10x_rcc.o(.text) for RCC_APB2PeriphResetCmd
    stm32f10x_tim.o(.text) refers to stm32f10x_rcc.o(.text) for RCC_APB2PeriphResetCmd
    stm32f10x_adc.o(.text) refers to stm32f10x_rcc.o(.text) for RCC_APB2PeriphResetCmd
    stm32f10x_i2c.o(.text) refers to stm32f10x_rcc.o(.text) for RCC_APB1PeriphResetCmd
    stm32f10x_spi.o(.text) refers to stm32f10x_rcc.o(.text) for RCC_APB2PeriphResetCmd
    usmart.o(.text) refers to usmart_str.o(.text) for usmart_get_cmdname
    usmart.o(.text) refers to printfa.o(i.__0printf) for __2printf
    usmart.o(.text) refers to usmart.o(.data) for sys_cmd_tab
    usmart.o(.text) refers to usmart_config.o(.data) for usmart_dev
    usmart.o(.text) refers to stm32f10x_rcc.o(.text) for RCC_APB1PeriphClockCmd
    usmart.o(.text) refers to stm32f10x_tim.o(.text) for TIM_TimeBaseInit
    usmart.o(.text) refers to misc.o(.text) for NVIC_Init
    usmart.o(.text) refers to usart.o(.data) for USART_RX_STA
    usmart.o(.text) refers to usart.o(.bss) for USART_RX_BUF
    usmart.o(.data) refers to usmart.o(.conststring) for .conststring
    usmart_config.o(.data) refers to usmart.o(.text) for read_addr
    usmart_config.o(.data) refers to usmart_config.o(.conststring) for .conststring
[...]
    UsageFault_Handler                       0x0800053b   Thumb Code     4  stm32f10x_it.o(.text)
    SVC_Handler                              0x0800053f   Thumb Code     2  stm32f10x_it.o(.text)
    DebugMon_Handler                         0x08000541   Thumb Code     2  stm32f10x_it.o(.text)
    PendSV_Handler                           0x08000543   Thumb Code     2  stm32f10x_it.o(.text)
    SystemInit                               0x08000621   Thumb Code    78  system_stm32f10x.o(.text)
    SystemCoreClockUpdate                    0x0800066f   Thumb Code   142  system_stm32f10x.o(.text)
    start_time3                              0x08000721   Thumb Code    20  timer.o(.text)
    stop_time3                               0x08000735   Thumb Code    20  timer.o(.text)
    TIM3_Init                                0x080007c9   Thumb Code    20  timer.o(.text)
    TIM3_IRQHandler                          0x080007dd   Thumb Code    36  timer.o(.text)
    ADC1_Mode_Config                         0x0800085b   Thumb Code   268  adc.o(.text)
    ADC1_Mode_Configg                        0x08000967   Thumb Code   534  adc.o(.text)
    Fricker_adc_mode                         0x08000b7d   Thumb Code   252  adc.o(.text)
    ADC1_Init                                0x08000c79   Thumb Code    12  adc.o(.text)
    get_adc_value                            0x08000c85   Thumb Code     6  adc.o(.text)
    SysTick_Handler                          0x08000c95   Thumb Code    30  delay.o(.text)
    delay_init                               0x08000cb3   Thumb Code    70  delay.o(.text)
    delay_us                                 0x08000cf9   Thumb Code    70  delay.o(.text)
    delay_ms                                 0x08000d3f   Thumb Code    18  delay.o(.text)
    Delay_us                                 0x08000d51   Thumb Code    26  delay.o(.text)
    Delay_ms                                 0x08000d6b   Thumb Code    12  delay.o(.text)
    NVIC_Configuration                       0x08000d89   Thumb Code    12  sys.o(.text)
    _sys_exit                                0x08000d95   Thumb Code     4  usart.o(.text)
    fputc                                    0x08000d99   Thumb Code    22  usart.o(.text)
    uart_init                                0x08000daf   Thumb Code   158  usart.o(.text)
    uart2_init                               0x08000e4d   Thumb Code   160  usart.o(.text)
    Reset_Handler                            0x08000ef9   Thumb Code     8  startup_stm32f10x_hd.o(.text)
    ADC1_2_IRQHandler                        0x08000f13   Thumb Code     0  startup_stm32f10x_hd.o(.text)
    ADC3_IRQHandler                          0x08000f13   Thumb Code     0  startup_stm32f10x_hd.o(.text)
    CAN1_RX1_IRQHandler                      0x08000f13   Thumb Code     0  startup_stm32f10x_hd.o(.text)
    CAN1_SCE_IRQHandler                      0x08000f13   Thumb Code     0  startup_stm32f10x_hd.o(.text)
    DMA1_Channel1_IRQHandler                 0x08000f13   Thumb Code     0  startup_stm32f10x_hd.o(.text)
    DMA1_Channel2_IRQHandler                 0x08000f13   Thumb Code     0  startup_stm32f10x_hd.o(.text)
    DMA1_Channel3_IRQHandler                 0x08000f13   Thumb Code     0  startup_stm32f10x_hd.o(.text)
    DMA1_Channel4_IRQHandler                 0x08000f13   Thumb Code     0  startup_stm32f10x_hd.o(.text)
    DMA1_Channel5_IRQHandler                 0x08000f13   Thumb Code     0  startup_stm32f10x_hd.o(.text)
    DMA1_Channel6_IRQHandler                 0x08000f13   Thumb Code     0  startup_stm32f10x_hd.o(.text)
    DMA1_Channel7_IRQHandler                 0x08000f13   Thumb Code     0  startup_stm32f10x_hd.o(.text)
    DMA2_Channel1_IRQHandler                 0x08000f13   Thumb Code     0  startup_stm32f10x_hd.o(.text)
    DMA2_Channel2_IRQHandler                 0x08000f13   Thumb Code     0  startup_stm32f10x_hd.o(.text)
    DMA2_Channel3_IRQHandler                 0x08000f13   Thumb Code     0  startup_stm32f10x_hd.o(.text)
    DMA2_Channel4_5_IRQHandler               0x08000f13   Thumb Code     0  startup_stm32f10x_hd.o(.text)
    EXTI0_IRQHandler                         0x08000f13   Thumb Code     0  startup_stm32f10x_hd.o(.text)
    EXTI15_10_IRQHandler                     0x08000f13   Thumb Code     0  startup_stm32f10x_hd.o(.text)
    EXTI1_IRQHandler                         0x08000f13   Thumb Code     0  startup_stm32f10x_hd.o(.text)
    EXTI2_IRQHandler                         0x08000f13   Thumb Code     0  startup_stm32f10x_hd.o(.text)
    EXTI3_IRQHandler                         0x08000f13   Thumb Code     0  startup_stm32f10x_hd.o(.text)
    EXTI4_IRQHandler                         0x08000f13   Thumb Code     0  startup_stm32f10x_hd.o(.text)
    EXTI9_5_IRQHandler                       0x08000f13   Thumb Code     0  startup_stm32f10x_hd.o(.text)
    FLASH_IRQHandler                         0x08000f13   Thumb Code     0  startup_stm32f10x_hd.o(.text)
    FSMC_IRQHandler                          0x08000f13   Thumb Code     0  startup_stm32f10x_hd.o(.text)
    I2C1_ER_IRQHandler                       0x08000f13   Thumb Code     0  startup_stm32f10x_hd.o(.text)
    I2C1_EV_IRQHandler                       0x08000f13   Thumb Code     0  startup_stm32f10x_hd.o(.text)
    I2C2_ER_IRQHandler                       0x08000f13   Thumb Code     0  startup_stm32f10x_hd.o(.text)
    I2C2_EV_IRQHandler                       0x08000f13   Thumb Code     0  startup_stm32f10x_hd.o(.text)
    PVD_IRQHandler                           0x08000f13   Thumb Code     0  startup_stm32f10x_hd.o(.text)
    RCC_IRQHandler                           0x08000f13   Thumb Code     0  startup_stm32f10x_hd.o(.text)
    RTCAlarm_IRQHandler                      0x08000f13   Thumb Code     0  startup_stm32f10x_hd.o(.text)
    RTC_IRQHandler                           0x08000f13   Thumb Code     0  startup_stm32f10x_hd.o(.text)
    SDIO_IRQHandler                          0x08000f13   Thumb Code     0  startup_stm32f10x_hd.o(.text)
    SPI1_IRQHandler                          0x08000f13   Thumb Code     0  startup_stm32f10x_hd.o(.text)
    SPI2_IRQHandler                          0x08000f13   Thumb Code     0  startup_stm32f10x_hd.o(.text)
    SPI3_IRQHandler                          0x08000f13   Thumb Code     0  startup_stm32f10x_hd.o(.text)
    TAMPER_IRQHandler                        0x08000f13   Thumb Code     0  startup_stm32f10x_hd.o(.text)
    TIM1_BRK_IRQHandler                      0x08000f13   Thumb Code     0  startup_stm32f10x_hd.o(.text)
    TIM1_CC_IRQHandler                       0x08000f13   Thumb Code     0  startup_stm32f10x_hd.o(.text)
    TIM1_TRG_COM_IRQHandler                  0x08000f13   Thumb Code     0  startup_stm32f10x_hd.o(.text)
    TIM1_UP_IRQHandler                       0x08000f13   Thumb Code     0  startup_stm32f10x_hd.o(.text)
    TIM2_IRQHandler                          0x08000f13   Thumb Code     0  startup_stm32f10x_hd.o(.text)
    TIM5_IRQHandler                          0x08000f13   Thumb Code     0  startup_stm32f10x_hd.o(.text)
    TIM6_IRQHandler                          0x08000f13   Thumb Code     0  startup_stm32f10x_hd.o(.text)
    TIM7_IRQHandler                          0x08000f13   Thumb Code     0  startup_stm32f10x_hd.o(.text)
    TIM8_BRK_IRQHandler                      0x08000f13   Thumb Code     0  startup_stm32f10x_hd.o(.text)
    TIM8_CC_IRQHandler                       0x08000f13   Thumb Code     0  startup_stm32f10x_hd.o(.text)
    TIM8_TRG_COM_IRQHandler                  0x08000f13   Thumb Code     0  startup_stm32f10x_hd.o(.text)
    TIM8_UP_IRQHandler                       0x08000f13   Thumb Code     0  startup_stm32f10x_hd.o(.text)
    UART4_IRQHandler                         0x08000f13   Thumb Code     0  startup_stm32f10x_hd.o(.text)
    UART5_IRQHandler                         0x08000f13   Thumb Code     0  startup_stm32f10x_hd.o(.text)
    USART1_IRQHandler                        0x08000f13   Thumb Code     0  startup_stm32f10x_hd.o(.text)
    USART3_IRQHandler                        0x08000f13   Thumb Code     0  startup_stm32f10x_hd.o(.text)
    USBWakeUp_IRQHandler                     0x08000f13   Thumb Code     0  startup_stm32f10x_hd.o(.text)
    USB_HP_CAN1_TX_IRQHandler                0x08000f13   Thumb Code     0  startup_stm32f10x_hd.o(.text)
    USB_LP_CAN1_RX0_IRQHandler               0x08000f13   Thumb Code     0  startup_stm32f10x_hd.o(.text)
    WWDG_IRQHandler                          0x08000f13   Thumb Code     0  startup_stm32f10x_hd.o(.text)
    GPIO_DeInit                              0x08000f1d   Thumb Code   172  stm32f10x_gpio.o(.text)
    GPIO_AFIODeInit                          0x08000fc9   Thumb Code    20  stm32f10x_gpio.o(.text)
    GPIO_Init                                0x08000fdd   Thumb Code   274  stm32f10x_gpio.o(.text)
    GPIO_StructInit                          0x080010ef   Thumb Code    16  stm32f10x_gpio.o(.text)
    GPIO_ReadInputDataBit                    0x080010ff   Thumb Code    18  stm32f10x_gpio.o(.text)
    GPIO_ReadInputData                       0x08001111   Thumb Code     8  stm32f10x_gpio.o(.text)
    GPIO_ReadOutputDataBit                   0x08001119   Thumb Code    18  stm32f10x_gpio.o(.text)
    GPIO_ReadOutputData                      0x0800112b   Thumb Code     8  stm32f10x_gpio.o(.text)
    GPIO_SetBits                             0x08001133   Thumb Code     4  stm32f10x_gpio.o(.text)
    GPIO_ResetBits                           0x08001137   Thumb Code     4  stm32f10x_gpio.o(.text)
    GPIO_WriteBit                            0x0800113b   Thumb Code    10  stm32f10x_gpio.o(.text)
    GPIO_Write                               0x08001145   Thumb Code     4  stm32f10x_gpio.o(.text)
    GPIO_PinLockConfig                       0x08001149   Thumb Code    18  stm32f10x_gpio.o(.text)
    GPIO_EventOutputConfig                   0x0800115b   Thumb Code    26  stm32f10x_gpio.o(.text)
    GPIO_EventOutputCmd                      0x08001175   Thumb Code     6  stm32f10x_gpio.o(.text)
    GPIO_PinRemapConfig                      0x0800117b   Thumb Code   138  stm32f10x_gpio.o(.text)
    GPIO_EXTILineConfig                      0x08001205   Thumb Code    66  stm32f10x_gpio.o(.text)
    GPIO_ETH_MediaInterfaceConfig            0x08001247   Thumb Code     6  stm32f10x_gpio.o(.text)
    RCC_DeInit                               0x08001275   Thumb Code    64  stm32f10x_rcc.o(.text)
    RCC_HSEConfig                            0x080012b5   Thumb Code    70  stm32f10x_rcc.o(.text)
    RCC_GetFlagStatus                        0x080012fb   Thumb Code    56  stm32f10x_rcc.o(.text)
    RCC_WaitForHSEStartUp                    0x08001333   Thumb Code    56  stm32f10x_rcc.o(.text)
    RCC_AdjustHSICalibrationValue            0x0800136b   Thumb Code    20  stm32f10x_rcc.o(.text)
    RCC_HSICmd                               0x0800137f   Thumb Code     6  stm32f10x_rcc.o(.text)
    RCC_PLLConfig                            0x08001385   Thumb Code    24  stm32f10x_rcc.o(.text)
    RCC_PLLCmd                               0x0800139d   Thumb Code     6  stm32f10x_rcc.o(.text)
    RCC_SYSCLKConfig                         0x080013a3   Thumb Code    18  stm32f10x_rcc.o(.text)
    RCC_GetSYSCLKSource                      0x080013b5   Thumb Code    10  stm32f10x_rcc.o(.text)
    RCC_HCLKConfig                           0x080013bf   Thumb Code    18  stm32f10x_rcc.o(.text)
    RCC_PCLK1Config                          0x080013d1   Thumb Code    18  stm32f10x_rcc.o(.text)
    RCC_PCLK2Config                          0x080013e3   Thumb Code    20  stm32f10x_rcc.o(.text)
    RCC_ITConfig                             0x080013f7   Thumb Code    26  stm32f10x_rcc.o(.text)
    RCC_USBCLKConfig                         0x08001411   Thumb Code     6  stm32f10x_rcc.o(.text)
    RCC_ADCCLKConfig                         0x08001417   Thumb Code    18  stm32f10x_rcc.o(.text)
    RCC_LSEConfig                            0x08001429   Thumb Code    44  stm32f10x_rcc.o(.text)
    RCC_LSICmd                               0x08001455   Thumb Code     6  stm32f10x_rcc.o(.text)
    RCC_RTCCLKConfig                         0x0800145b   Thumb Code    12  stm32f10x_rcc.o(.text)
    RCC_RTCCLKCmd                            0x08001467   Thumb Code     8  stm32f10x_rcc.o(.text)
    RCC_GetClocksFreq                        0x0800146f   Thumb Code   192  stm32f10x_rcc.o(.text)
    RCC_AHBPeriphClockCmd                    0x0800152f   Thumb Code    26  stm32f10x_rcc.o(.text)
    RCC_APB2PeriphClockCmd                   0x08001549   Thumb Code    26  stm32f10x_rcc.o(.text)
    RCC_APB1PeriphClockCmd                   0x08001563   Thumb Code    26  stm32f10x_rcc.o(.text)
    RCC_APB2PeriphResetCmd                   0x0800157d   Thumb Code    26  stm32f10x_rcc.o(.text)
    RCC_APB1PeriphResetCmd                   0x08001597   Thumb Code    26  stm32f10x_rcc.o(.text)
    RCC_BackupResetCmd                       0x080015b1   Thumb Code     8  stm32f10x_rcc.o(.text)
    RCC_ClockSecuritySystemCmd               0x080015b9   Thumb Code     6  stm32f10x_rcc.o(.text)
    RCC_MCOConfig                            0x080015bf   Thumb Code     6  stm32f10x_rcc.o(.text)
    RCC_ClearFlag                            0x080015c5   Thumb Code    14  stm32f10x_rcc.o(.text)
    RCC_GetITStatus                          0x080015d3   Thumb Code    20  stm32f10x_rcc.o(.text)
    RCC_ClearITPendingBit                    0x080015e7   Thumb Code     6  stm32f10x_rcc.o(.text)
    USART_DeInit                             0x08001619   Thumb Code   134  stm32f10x_usart.o(.text)
    USART_Init                               0x0800169f   Thumb Code   210  stm32f10x_usart.o(.text)
    USART_StructInit                         0x08001771   Thumb Code    24  stm32f10x_usart.o(.text)
    USART_ClockInit                          0x08001789   Thumb Code    34  stm32f10x_usart.o(.text)
    USART_ClockStructInit                    0x080017ab   Thumb Code    12  stm32f10x_usart.o(.text)
    USART_Cmd                                0x080017b7   Thumb Code    24  stm32f10x_usart.o(.text)
    USART_ITConfig                           0x080017cf   Thumb Code    74  stm32f10x_usart.o(.text)
    USART_DMACmd                             0x08001819   Thumb Code    18  stm32f10x_usart.o(.text)
    USART_SetAddress                         0x0800182b   Thumb Code    18  stm32f10x_usart.o(.text)
    USART_WakeUpConfig                       0x0800183d   Thumb Code    18  stm32f10x_usart.o(.text)
    USART_ReceiverWakeUpCmd                  0x0800184f   Thumb Code    24  stm32f10x_usart.o(.text)
    USART_LINBreakDetectLengthConfig         0x08001867   Thumb Code    18  stm32f10x_usart.o(.text)
    USART_LINCmd                             0x08001879   Thumb Code    24  stm32f10x_usart.o(.text)
    USART_SendData                           0x08001891   Thumb Code     8  stm32f10x_usart.o(.text)
    USART_ReceiveData                        0x08001899   Thumb Code    10  stm32f10x_usart.o(.text)
    USART_SendBreak                          0x080018a3   Thumb Code    10  stm32f10x_usart.o(.text)
    USART_SetGuardTime                       0x080018ad   Thumb Code    16  stm32f10x_usart.o(.text)
    USART_SetPrescaler                       0x080018bd   Thumb Code    16  stm32f10x_usart.o(.text)
    USART_SmartCardCmd                       0x080018cd   Thumb Code    24  stm32f10x_usart.o(.text)
    USART_SmartCardNACKCmd                   0x080018e5   Thumb Code    24  stm32f10x_usart.o(.text)
    USART_HalfDuplexCmd                      0x080018fd   Thumb Code    24  stm32f10x_usart.o(.text)
    USART_OverSampling8Cmd                   0x08001915   Thumb Code    22  stm32f10x_usart.o(.text)
    USART_OneBitMethodCmd                    0x0800192b   Thumb Code    24  stm32f10x_usart.o(.text)
    USART_IrDAConfig                         0x08001943   Thumb Code    18  stm32f10x_usart.o(.text)
    USART_IrDACmd                            0x08001955   Thumb Code    24  stm32f10x_usart.o(.text)
    USART_GetFlagStatus                      0x0800196d   Thumb Code    26  stm32f10x_usart.o(.text)
    USART_ClearFlag                          0x08001987   Thumb Code    18  stm32f10x_usart.o(.text)
    USART_GetITStatus                        0x08001999   Thumb Code    84  stm32f10x_usart.o(.text)
    USART_ClearITPendingBit                  0x080019ed   Thumb Code    52  stm32f10x_usart.o(.text)
    NVIC_PriorityGroupConfig                 0x08001a21   Thumb Code    10  misc.o(.text)
    NVIC_Init                                0x08001a2b   Thumb Code   102  misc.o(.text)
    NVIC_SetVectorTable                      0x08001a91   Thumb Code    14  misc.o(.text)
    NVIC_SystemLPConfig                      0x08001a9f   Thumb Code    34  misc.o(.text)
    SysTick_CLKSourceConfig                  0x08001ac1   Thumb Code    40  misc.o(.text)
    TIM_DeInit                               0x08001afd   Thumb Code   424  stm32f10x_tim.o(.text)
    TIM_TimeBaseInit                         0x08001ca5   Thumb Code   122  stm32f10x_tim.o(.text)
    TIM_OC1Init                              0x08001d1f   Thumb Code   132  stm32f10x_tim.o(.text)
    TIM_OC2Init                              0x08001da3   Thumb Code   154  stm32f10x_tim.o(.text)
    TIM_OC3Init                              0x08001e3d   Thumb Code   150  stm32f10x_tim.o(.text)
    TIM_OC4Init                              0x08001ed3   Thumb Code   182  stm32f10x_tim.o(.text)
    TIM_SetIC4Prescaler                      0x08001f89   Thumb Code    26  stm32f10x_tim.o(.text)
    TIM_SetIC3Prescaler                      0x08002025   Thumb Code    18  stm32f10x_tim.o(.text)
    TIM_SetIC2Prescaler                      0x080020b1   Thumb Code    26  stm32f10x_tim.o(.text)
    TIM_SetIC1Prescaler                      0x0800214d   Thumb Code    18  stm32f10x_tim.o(.text)
    TIM_ICInit                               0x080021cb   Thumb Code   150  stm32f10x_tim.o(.text)
    TIM_PWMIConfig                           0x08002261   Thumb Code   124  stm32f10x_tim.o(.text)
    TIM_BDTRConfig                           0x080022dd   Thumb Code    32  stm32f10x_tim.o(.text)
    TIM_TimeBaseStructInit                   0x080022fd   Thumb Code    18  stm32f10x_tim.o(.text)
    TIM_OCStructInit                         0x0800230f   Thumb Code    20  stm32f10x_tim.o(.text)
    TIM_ICStructInit                         0x08002323   Thumb Code    18  stm32f10x_tim.o(.text)
    TIM_BDTRStructInit                       0x08002335   Thumb Code    40  stm32f10x_tim.o(.text)
    TIM_Cmd                                  0x0800235d   Thumb Code    24  stm32f10x_tim.o(.text)
    TIM_CtrlPWMOutputs                       0x08002375   Thumb Code    30  stm32f10x_tim.o(.text)
    TIM_ITConfig                             0x08002393   Thumb Code    18  stm32f10x_tim.o(.text)
    TIM_GenerateEvent                        0x080023a5   Thumb Code     4  stm32f10x_tim.o(.text)
    TIM_DMAConfig                            0x080023a9   Thumb Code    10  stm32f10x_tim.o(.text)
    TIM_DMACmd                               0x080023b3   Thumb Code    18  stm32f10x_tim.o(.text)
    TIM_InternalClockConfig                  0x080023c5   Thumb Code    12  stm32f10x_tim.o(.text)
    TIM_SelectInputTrigger                   0x080023d1   Thumb Code    18  stm32f10x_tim.o(.text)
    TIM_ITRxExternalClockConfig              0x080023e3   Thumb Code    24  stm32f10x_tim.o(.text)
    TIM_TIxExternalClockConfig               0x080023fb   Thumb Code    62  stm32f10x_tim.o(.text)
    TIM_ETRConfig                            0x08002439   Thumb Code    28  stm32f10x_tim.o(.text)
    TIM_ETRClockMode1Config                  0x08002455   Thumb Code    54  stm32f10x_tim.o(.text)
    TIM_ETRClockMode2Config                  0x0800248b   Thumb Code    32  stm32f10x_tim.o(.text)
    TIM_PrescalerConfig                      0x080024ab   Thumb Code     6  stm32f10x_tim.o(.text)
    TIM_CounterModeConfig                    0x080024b1   Thumb Code    18  stm32f10x_tim.o(.text)
    TIM_EncoderInterfaceConfig               0x080024c3   Thumb Code    66  stm32f10x_tim.o(.text)
    TIM_ForcedOC1Config                      0x08002505   Thumb Code    18  stm32f10x_tim.o(.text)
    TIM_ForcedOC2Config                      0x08002517   Thumb Code    26  stm32f10x_tim.o(.text)
    TIM_ForcedOC3Config                      0x08002531   Thumb Code    18  stm32f10x_tim.o(.text)
    TIM_ForcedOC4Config                      0x08002543   Thumb Code    26  stm32f10x_tim.o(.text)
    TIM_ARRPreloadConfig                     0x0800255d   Thumb Code    24  stm32f10x_tim.o(.text)
    TIM_SelectCOM                            0x08002575   Thumb Code    24  stm32f10x_tim.o(.text)
    TIM_SelectCCDMA                          0x0800258d   Thumb Code    24  stm32f10x_tim.o(.text)
    TIM_CCPreloadControl                     0x080025a5   Thumb Code    24  stm32f10x_tim.o(.text)
    TIM_OC1PreloadConfig                     0x080025bd   Thumb Code    18  stm32f10x_tim.o(.text)
    TIM_OC2PreloadConfig                     0x080025cf   Thumb Code    26  stm32f10x_tim.o(.text)
    TIM_OC3PreloadConfig                     0x080025e9   Thumb Code    18  stm32f10x_tim.o(.text)
    TIM_OC4PreloadConfig                     0x080025fb   Thumb Code    26  stm32f10x_tim.o(.text)
    TIM_OC1FastConfig                        0x08002615   Thumb Code    18  stm32f10x_tim.o(.text)
    TIM_OC2FastConfig                        0x08002627   Thumb Code    26  stm32f10x_tim.o(.text)
    TIM_OC3FastConfig                        0x08002641   Thumb Code    18  stm32f10x_tim.o(.text)
    TIM_OC4FastConfig                        0x08002653   Thumb Code    26  stm32f10x_tim.o(.text)
    TIM_ClearOC1Ref                          0x0800266d   Thumb Code    18  stm32f10x_tim.o(.text)
    TIM_ClearOC2Ref                          0x0800267f   Thumb Code    24  stm32f10x_tim.o(.text)
    TIM_ClearOC3Ref                          0x08002697   Thumb Code    18  stm32f10x_tim.o(.text)
    TIM_ClearOC4Ref                          0x080026a9   Thumb Code    24  stm32f10x_tim.o(.text)
    TIM_OC1PolarityConfig                    0x080026c1   Thumb Code    18  stm32f10x_tim.o(.text)
    TIM_OC1NPolarityConfig                   0x080026d3   Thumb Code    18  stm32f10x_tim.o(.text)
    TIM_OC2PolarityConfig                    0x080026e5   Thumb Code    26  stm32f10x_tim.o(.text)
    TIM_OC2NPolarityConfig                   0x080026ff   Thumb Code    26  stm32f10x_tim.o(.text)
    TIM_OC3PolarityConfig                    0x08002719   Thumb Code    26  stm32f10x_tim.o(.text)
    TIM_OC3NPolarityConfig                   0x08002733   Thumb Code    26  stm32f10x_tim.o(.text)
    TIM_OC4PolarityConfig                    0x0800274d   Thumb Code    26  stm32f10x_tim.o(.text)
    TIM_CCxCmd                               0x08002767   Thumb Code    30  stm32f10x_tim.o(.text)
    TIM_CCxNCmd                              0x08002785   Thumb Code    30  stm32f10x_tim.o(.text)
    TIM_SelectOCxM                           0x080027a3   Thumb Code    82  stm32f10x_tim.o(.text)
    TIM_UpdateDisableConfig                  0x080027f5   Thumb Code    24  stm32f10x_tim.o(.text)
    TIM_UpdateRequestConfig                  0x0800280d   Thumb Code    24  stm32f10x_tim.o(.text)
    TIM_SelectHallSensor                     0x08002825   Thumb Code    24  stm32f10x_tim.o(.text)
    TIM_SelectOnePulseMode                   0x0800283d   Thumb Code    18  stm32f10x_tim.o(.text)
    TIM_SelectOutputTrigger                  0x0800284f   Thumb Code    18  stm32f10x_tim.o(.text)
    TIM_SelectSlaveMode                      0x08002861   Thumb Code    18  stm32f10x_tim.o(.text)
    TIM_SelectMasterSlaveMode                0x08002873   Thumb Code    18  stm32f10x_tim.o(.text)
    TIM_SetCounter                           0x08002885   Thumb Code     4  stm32f10x_tim.o(.text)
    TIM_SetAutoreload                        0x08002889   Thumb Code     4  stm32f10x_tim.o(.text)
    TIM_SetCompare1                          0x0800288d   Thumb Code     4  stm32f10x_tim.o(.text)
    TIM_SetCompare2                          0x08002891   Thumb Code     4  stm32f10x_tim.o(.text)
    TIM_SetCompare3                          0x08002895   Thumb Code     4  stm32f10x_tim.o(.text)
    TIM_SetCompare4                          0x08002899   Thumb Code     6  stm32f10x_tim.o(.text)
    TIM_SetClockDivision                     0x0800289f   Thumb Code    18  stm32f10x_tim.o(.text)
    TIM_GetCapture1                          0x080028b1   Thumb Code     6  stm32f10x_tim.o(.text)
    TIM_GetCapture2                          0x080028b7   Thumb Code     6  stm32f10x_tim.o(.text)
    TIM_GetCapture3                          0x080028bd   Thumb Code     6  stm32f10x_tim.o(.text)
    TIM_GetCapture4                          0x080028c3   Thumb Code     8  stm32f10x_tim.o(.text)
    TIM_GetCounter                           0x080028cb   Thumb Code     6  stm32f10x_tim.o(.text)
    TIM_GetPrescaler                         0x080028d1   Thumb Code     6  stm32f10x_tim.o(.text)
    TIM_GetFlagStatus                        0x080028d7   Thumb Code    18  stm32f10x_tim.o(.text)
    TIM_ClearFlag                            0x080028e9   Thumb Code     6  stm32f10x_tim.o(.text)
    TIM_GetITStatus                          0x080028ef   Thumb Code    34  stm32f10x_tim.o(.text)
    TIM_ClearITPendingBit                    0x08002911   Thumb Code     6  stm32f10x_tim.o(.text)
    ADC_DeInit                               0x08002919   Thumb Code    78  stm32f10x_adc.o(.text)
    ADC_Init                                 0x08002967   Thumb Code    70  stm32f10x_adc.o(.text)
    ADC_StructInit                           0x080029ad   Thumb Code    18  stm32f10x_adc.o(.text)
    ADC_Cmd                                  0x080029bf   Thumb Code    22  stm32f10x_adc.o(.text)
    ADC_DMACmd                               0x080029d5   Thumb Code    22  stm32f10x_adc.o(.text)
    ADC_ITConfig                             0x080029eb   Thumb Code    24  stm32f10x_adc.o(.text)
    ADC_ResetCalibration                     0x08002a03   Thumb Code    10  stm32f10x_adc.o(.text)
    ADC_GetResetCalibrationStatus            0x08002a0d   Thumb Code    20  stm32f10x_adc.o(.text)
    ADC_StartCalibration                     0x08002a21   Thumb Code    10  stm32f10x_adc.o(.text)
    ADC_GetCalibrationStatus                 0x08002a2b   Thumb Code    20  stm32f10x_adc.o(.text)
    ADC_SoftwareStartConvCmd                 0x08002a3f   Thumb Code    22  stm32f10x_adc.o(.text)
    ADC_GetSoftwareStartConvStatus           0x08002a55   Thumb Code    20  stm32f10x_adc.o(.text)
    ADC_DiscModeChannelCountConfig           0x08002a69   Thumb Code    24  stm32f10x_adc.o(.text)
    ADC_DiscModeCmd                          0x08002a81   Thumb Code    22  stm32f10x_adc.o(.text)
    ADC_RegularChannelConfig                 0x08002a97   Thumb Code   184  stm32f10x_adc.o(.text)
    ADC_ExternalTrigConvCmd                  0x08002b4f   Thumb Code    22  stm32f10x_adc.o(.text)
    ADC_GetConversionValue                   0x08002b65   Thumb Code     8  stm32f10x_adc.o(.text)
    ADC_GetDualModeConversionValue           0x08002b6d   Thumb Code     8  stm32f10x_adc.o(.text)
    ADC_AutoInjectedConvCmd                  0x08002b75   Thumb Code    22  stm32f10x_adc.o(.text)
    ADC_InjectedDiscModeCmd                  0x08002b8b   Thumb Code    22  stm32f10x_adc.o(.text)
    ADC_ExternalTrigInjectedConvConfig       0x08002ba1   Thumb Code    16  stm32f10x_adc.o(.text)
    ADC_ExternalTrigInjectedConvCmd          0x08002bb1   Thumb Code    22  stm32f10x_adc.o(.text)
    ADC_SoftwareStartInjectedConvCmd         0x08002bc7   Thumb Code    22  stm32f10x_adc.o(.text)
    ADC_GetSoftwareStartInjectedConvCmdStatus 0x08002bdd   Thumb Code    20  stm32f10x_adc.o(.text)
    ADC_InjectedChannelConfig                0x08002bf1   Thumb Code   130  stm32f10x_adc.o(.text)
    ADC_InjectedSequencerLengthConfig        0x08002c73   Thumb Code    24  stm32f10x_adc.o(.text)
    ADC_SetInjectedOffset                    0x08002c8b   Thumb Code    20  stm32f10x_adc.o(.text)
    ADC_GetInjectedConversionValue           0x08002c9f   Thumb Code    28  stm32f10x_adc.o(.text)
    ADC_AnalogWatchdogCmd                    0x08002cbb   Thumb Code    16  stm32f10x_adc.o(.text)
    ADC_AnalogWatchdogThresholdsConfig       0x08002ccb   Thumb Code     6  stm32f10x_adc.o(.text)
    ADC_AnalogWatchdogSingleChannelConfig    0x08002cd1   Thumb Code    16  stm32f10x_adc.o(.text)
    ADC_TempSensorVrefintCmd                 0x08002ce1   Thumb Code    64  stm32f10x_adc.o(.text)
    ADC_GetFlagStatus                        0x08002d21   Thumb Code    18  stm32f10x_adc.o(.text)
    ADC_ClearFlag                            0x08002d33   Thumb Code     6  stm32f10x_adc.o(.text)
    ADC_GetITStatus                          0x08002d39   Thumb Code    36  stm32f10x_adc.o(.text)
    ADC_ClearITPendingBit                    0x08002d5d   Thumb Code    10  stm32f10x_adc.o(.text)
    DMA_DeInit                               0x08002d69   Thumb Code   324  stm32f10x_dma.o(.text)
    DMA_Init                                 0x08002ead   Thumb Code    60  stm32f10x_dma.o(.text)
    DMA_StructInit                           0x08002ee9   Thumb Code    26  stm32f10x_dma.o(.text)
    DMA_Cmd                                  0x08002f03   Thumb Code    24  stm32f10x_dma.o(.text)
    DMA_ITConfig                             0x08002f1b   Thumb Code    18  stm32f10x_dma.o(.text)
    DMA_SetCurrDataCounter                   0x08002f2d   Thumb Code     4  stm32f10x_dma.o(.text)
    DMA_GetCurrDataCounter                   0x08002f31   Thumb Code     8  stm32f10x_dma.o(.text)
    DMA_GetFlagStatus                        0x08002f39   Thumb Code    38  stm32f10x_dma.o(.text)
    DMA_ClearFlag                            0x08002f5f   Thumb Code    22  stm32f10x_dma.o(.text)
    DMA_GetITStatus                          0x08002f75   Thumb Code    38  stm32f10x_dma.o(.text)
    DMA_ClearITPendingBit                    0x08002f9b   Thumb Code    22  stm32f10x_dma.o(.text)
    FLASH_SetLatency                         0x08002fb9   Thumb Code    18  stm32f10x_flash.o(.text)
    FLASH_HalfCycleAccessCmd                 0x08002fcb   Thumb Code    22  stm32f10x_flash.o(.text)
    FLASH_PrefetchBufferCmd                  0x08002fe1   Thumb Code    22  stm32f10x_flash.o(.text)
    FLASH_Unlock                             0x08002ff7   Thumb Code    12  stm32f10x_flash.o(.text)
    FLASH_UnlockBank1                        0x08003003   Thumb Code    12  stm32f10x_flash.o(.text)
    FLASH_Lock                               0x0800300f   Thumb Code    14  stm32f10x_flash.o(.text)
    FLASH_LockBank1                          0x0800301d   Thumb Code    14  stm32f10x_flash.o(.text)
    FLASH_GetBank1Status                     0x0800302b   Thumb Code    48  stm32f10x_flash.o(.text)
    FLASH_WaitForLastOperation               0x0800305b   Thumb Code    38  stm32f10x_flash.o(.text)
    FLASH_ErasePage                          0x08003081   Thumb Code    72  stm32f10x_flash.o(.text)
    FLASH_EraseAllPages                      0x080030c9   Thumb Code    68  stm32f10x_flash.o(.text)
    FLASH_WaitForLastBank1Operation          0x0800310d   Thumb Code    38  stm32f10x_flash.o(.text)
    FLASH_EraseAllBank1Pages                 0x08003133   Thumb Code    68  stm32f10x_flash.o(.text)
    FLASH_GetReadOutProtectionStatus         0x08003177   Thumb Code    20  stm32f10x_flash.o(.text)
    FLASH_EraseOptionBytes                   0x0800318b   Thumb Code   150  stm32f10x_flash.o(.text)
    FLASH_ProgramWord                        0x08003221   Thumb Code   102  stm32f10x_flash.o(.text)
    FLASH_ProgramHalfWord                    0x08003287   Thumb Code    60  stm32f10x_flash.o(.text)
    FLASH_ProgramOptionByteData              0x080032c3   Thumb Code    72  stm32f10x_flash.o(.text)
    FLASH_EnableWriteProtection              0x0800330b   Thumb Code   200  stm32f10x_flash.o(.text)
    FLASH_ReadOutProtection                  0x080033d3   Thumb Code   156  stm32f10x_flash.o(.text)
    FLASH_UserOptionByteConfig               0x0800346f   Thumb Code    88  stm32f10x_flash.o(.text)
    FLASH_GetUserOptionByte                  0x080034c7   Thumb Code     8  stm32f10x_flash.o(.text)
    FLASH_GetWriteProtectionOptionByte       0x080034cf   Thumb Code     6  stm32f10x_flash.o(.text)
    FLASH_GetPrefetchBufferStatus            0x080034d5   Thumb Code    20  stm32f10x_flash.o(.text)
    FLASH_ITConfig                           0x080034e9   Thumb Code    26  stm32f10x_flash.o(.text)
    FLASH_GetFlagStatus                      0x08003503   Thumb Code    42  stm32f10x_flash.o(.text)
    FLASH_ClearFlag                          0x0800352d   Thumb Code     6  stm32f10x_flash.o(.text)
    FLASH_GetStatus                          0x08003533   Thumb Code    48  stm32f10x_flash.o(.text)
    usmart_sys_cmd_exe                       0x08003575   Thumb Code  1554  usmart.o(.text)
    usmart_reset_runtime                     0x08003b87   Thumb Code    38  usmart.o(.text)
    usmart_get_runtime                       0x08003bad   Thumb Code    56  usmart.o(.text)
    TIM4_IRQHandler                          0x08003be5   Thumb Code    50  usmart.o(.text)
    Timer4_Init                              0x08003c17   Thumb Code    94  usmart.o(.text)
    usmart_init                              0x08003c75   Thumb Code    36  usmart.o(.text)
    usmart_cmd_rec                           0x08003c99   Thumb Code   170  usmart.o(.text)
    usmart_exe                               0x08003d43   Thumb Code   674  usmart.o(.text)
    usmart_scan                              0x08003fe5   Thumb Code   120  usmart.o(.text)
    read_addr                                0x0800405d   Thumb Code     6  usmart.o(.text)
    write_addr                               0x08004063   Thumb Code     4  usmart.o(.text)
    usmart_strcmp                            0x080040cd   Thumb Code    34  usmart_str.o(.text)
    usmart_strcopy                           0x080040ef   Thumb Code    22  usmart_str.o(.text)
    usmart_strlen                            0x08004105   Thumb Code    24  usmart_str.o(.text)
    usmart_pow                               0x0800411d   Thumb Code    22  usmart_str.o(.text)
    usmart_str2num                           0x08004133   Thumb Code   202  usmart_str.o(.text)
    usmart_get_cmdname                       0x080041fd   Thumb Code    54  usmart_str.o(.text)
    usmart_search_nextc                      0x08004233   Thumb Code    22  usmart_str.o(.text)
    usmart_get_fname                         0x08004249   Thumb Code   440  usmart_str.o(.text)
    usmart_get_aparm                         0x08004401   Thumb Code   200  usmart_str.o(.text)
    usmart_get_parmpos                       0x080044c9   Thumb Code    26  usmart_str.o(.text)
    usmart_get_fparam                        0x080044e3   Thumb Code   262  usmart_str.o(.text)
    mymemcpy                                 0x080045f5   Thumb Code    26  malloc.o(.text)
    mymemset                                 0x0800460f   Thumb Code    20  malloc.o(.text)
    mem_init                                 0x08004623   Thumb Code    54  malloc.o(.text)
    mem_perused                              0x08004659   Thumb Code    54  malloc.o(.text)
    mem_malloc                               0x0800468f   Thumb Code   162  malloc.o(.text)
    mem_free                                 0x08004731   Thumb Code    94  malloc.o(.text)
    myfree                                   0x0800478f   Thumb Code    32  malloc.o(.text)
    mymalloc                                 0x080047af   Thumb Code    34  malloc.o(.text)
    myrealloc                                0x080047d1   Thumb Code    66  malloc.o(.text)
    collection_data                          0x08004865   Thumb Code    60  fricker.o(.text)
    Flicker_init                             0x080048a1   Thumb Code    22  fricker.o(.text)
    RMS_percent                              0x080048b7   Thumb Code   238  fricker.o(.text)
    get_jeita_db                             0x080049a5   Thumb Code   366  fricker.o(.text)
    clear_samplingdata                       0x08004b13   Thumb Code     8  fricker.o(.text)
    FlickerMeter                             0x08004b1b   Thumb Code    36  fricker.o(.text)
    SDA_OUT                                  0x08004b81   Thumb Code    24  myiic.o(.text)
    IIC_Buscheck                             0x08004b99   Thumb Code   112  myiic.o(.text)
    IIC_Stop                                 0x08004c09   Thumb Code    62  myiic.o(.text)
    IIC_Send_Byte                            0x08004c47   Thumb Code    80  myiic.o(.text)
    IIC_Init                                 0x08004c97   Thumb Code    62  myiic.o(.text)
    SDA_IN                                   0x08004cd5   Thumb Code    24  myiic.o(.text)
    IIC_Start                                0x08004ced   Thumb Code    54  myiic.o(.text)
    IIC_Scl                                  0x08004d23   Thumb Code    30  myiic.o(.text)
    IIC_Wait_Ack                             0x08004d41   Thumb Code    68  myiic.o(.text)
    IIC_Sda                                  0x08004d85   Thumb Code    32  myiic.o(.text)
    i2c1_write_u8                            0x08004da5   Thumb Code    84  myiic.o(.text)
    i2c1_start                               0x08004df9   Thumb Code    26  myiic.o(.text)
    IIC_NAck                                 0x08004e13   Thumb Code    40  myiic.o(.text)
    IIC_Ack                                  0x08004e3b   Thumb Code    50  myiic.o(.text)
    i2c1_init                                0x08004e6d   Thumb Code     8  myiic.o(.text)
    IIC_Read_Byte                            0x08004e75   Thumb Code    74  myiic.o(.text)
    IIC_Read_Byte_no_ack                     0x08004ebf   Thumb Code    84  myiic.o(.text)
    i2c1_stop                                0x08004f13   Thumb Code    52  myiic.o(.text)
    i2c1_start_repeat                        0x08004f47   Thumb Code    12  myiic.o(.text)
    iic_read_byte                            0x08004f53   Thumb Code   196  myiic.o(.text)
    i2c1_read_u8                             0x08005017   Thumb Code   112  myiic.o(.text)
    i2c1_read_data                           0x08005087   Thumb Code    58  myiic.o(.text)
    i2c1_Detect                              0x080050c1   Thumb Code    58  myiic.o(.text)
    i2c_tx_bit                               0x08005171   Thumb Code    76  i2c1_bitbang.o(.text)
    i2c_rx_bit                               0x080051bd   Thumb Code    50  i2c1_bitbang.o(.text)
    i2c11__anti_death                        0x080051ef   Thumb Code    46  i2c1_bitbang.o(.text)
    i2c11__init                              0x0800521d   Thumb Code    72  i2c1_bitbang.o(.text)
    i2c11__start                             0x08005265   Thumb Code    70  i2c1_bitbang.o(.text)
    i2c11__send_start                        0x080052ab   Thumb Code    64  i2c1_bitbang.o(.text)
    i2c11__start_repeat                      0x080052eb   Thumb Code    34  i2c1_bitbang.o(.text)
    i2c11__stop                              0x0800530d   Thumb Code    64  i2c1_bitbang.o(.text)
    i2c11__write_u8                          0x0800534d   Thumb Code    70  i2c1_bitbang.o(.text)
    i2c11__read_u8                           0x08005393   Thumb Code    58  i2c1_bitbang.o(.text)
    i2c11__write_data                        0x080053cd   Thumb Code    34  i2c1_bitbang.o(.text)
    i2c11__read_data                         0x080053ef   Thumb Code    58  i2c1_bitbang.o(.text)
    TL35825_Write                            0x08005431   Thumb Code    58  lt35825.o(.text)
    TL35825_Read                             0x0800546b   Thumb Code    58  lt35825.o(.text)
    Set_Voutp                                0x080054a5   Thumb Code   236  lt35825.o(.text)
    Set_Voutn                                0x08005591   Thumb Code   194  lt35825.o(.text)
    Voutp_Upfirst                            0x08005653   Thumb Code    56  lt35825.o(.text)
    Voutn_Upfirst                            0x0800568b   Thumb Code    40  lt35825.o(.text)
    TL35825_reset                            0x080056b3   Thumb Code    12  lt35825.o(.text)
    TL35825_init                             0x080056bf   Thumb Code    22  lt35825.o(.text)
    Voutn_UpBoth                             0x080056d5   Thumb Code    40  lt35825.o(.text)
    Vout_Off                                 0x080056fd   Thumb Code    38  lt35825.o(.text)
    act8846_i2c_write                        0x080057dd   Thumb Code    80  act8846.o(.text)
    act8846_i2c_read                         0x0800582d   Thumb Code   100  act8846.o(.text)
    act8846_set_bits                         0x08005891   Thumb Code    60  act8846.o(.text)
    act8846_ldo_set_voltage                  0x080058cd   Thumb Code   100  act8846.o(.text)
    act8846_dcdc_set_voltage                 0x08005931   Thumb Code   128  act8846.o(.text)
    act8846_ldo_disable                      0x080059b1   Thumb Code    22  act8846.o(.text)
    act8846_dcdc_disable                     0x080059c7   Thumb Code    22  act8846.o(.text)
    act8846_init                             0x080059dd   Thumb Code  1434  act8846.o(.text)
    act8846_ldo_enable                       0x08005f77   Thumb Code    22  act8846.o(.text)
    act8846_dcdc_enable                      0x08005f8d   Thumb Code    22  act8846.o(.text)
    act8846_on                               0x08005fa3   Thumb Code    84  act8846.o(.text)
    act8846_off                              0x08005ff7   Thumb Code    84  act8846.o(.text)
    act8846_Read                             0x0800604b   Thumb Code    58  act8846.o(.text)
    act8846_Write                            0x08006085   Thumb Code    58  act8846.o(.text)
    act8846_ldo_is_enabled                   0x080060bf   Thumb Code    54  act8846.o(.text)
    act8846_ldo_get_voltage                  0x080060f5   Thumb Code    64  act8846.o(.text)
    act8846_ldo_get_mode                     0x08006135   Thumb Code    62  act8846.o(.text)
    act8846_ldo_set_mode                     0x08006173   Thumb Code    62  act8846.o(.text)
    act8846_dcdc_is_enabled                  0x080061b1   Thumb Code    64  act8846.o(.text)
    act8846_dcdc_get_voltage                 0x080061f1   Thumb Code    64  act8846.o(.text)
    act8846_dcdc_set_sleep_voltage           0x08006231   Thumb Code   112  act8846.o(.text)
    act8846_dcdc_get_mode                    0x080062a1   Thumb Code    62  act8846.o(.text)
    act8846_dcdc_set_mode                    0x080062df   Thumb Code    64  act8846.o(.text)
    act8846_device_shutdown                  0x0800631f   Thumb Code   254  act8846.o(.text)
    poweron                                  0x0800641d   Thumb Code     2  act8846.o(.text)
    updateVled                               0x0800641f   Thumb Code     2  act8846.o(.text)
    poweroff                                 0x08006421   Thumb Code     2  act8846.o(.text)
    PMU_GPIO_Config                          0x08006425   Thumb Code   132  gpio_config.o(.text)
    VSP_VSN_GPIO_Config                      0x080064a9   Thumb Code    92  gpio_config.o(.text)
    OTP_GPIO_Config                          0x08006505   Thumb Code    50  gpio_config.o(.text)
    BL_GPIO_Config                           0x08006537   Thumb Code   156  gpio_config.o(.text)
    VA_Err_GPIO_Config                       0x080065d3   Thumb Code    46  gpio_config.o(.text)
    Usr_Led_GPIO_Config                      0x08006601   Thumb Code    46  gpio_config.o(.text)
    TPS22993_GPIO_Config                     0x0800662f   Thumb Code    58  gpio_config.o(.text)
    RELAY_UA_GPIO_Config                     0x08006669   Thumb Code    46  gpio_config.o(.text)
    System_GPIO_Config                       0x08006697   Thumb Code    52  gpio_config.o(.text)
    Set_PMU_RST_IO                           0x080066cb   Thumb Code     6  gpio_config.o(.text)
    Set_PMU_PWREN_IO                         0x080066d1   Thumb Code     6  gpio_config.o(.text)
    ACT8846_DCDC_Switch                      0x080066d7   Thumb Code    24  gpio_config.o(.text)
    ACT8846_LDO_Switch                       0x080066ef   Thumb Code    24  gpio_config.o(.text)
    TPS22993_Sel_Dev                         0x08006783   Thumb Code    18  tps22993.o(.text)
    TPS22993_Set_Mode                        0x08006795   Thumb Code    72  tps22993.o(.text)
    TPS22993_On                              0x080067dd   Thumb Code   106  tps22993.o(.text)
    TPS22993_Off                             0x08006847   Thumb Code   106  tps22993.o(.text)
    TPS22993_Set_Fun                         0x080068b1   Thumb Code    42  tps22993.o(.text)
    TPS22993_Init                            0x080068db   Thumb Code   190  tps22993.o(.text)
    TPS22993_Set_All_Mode                    0x08006999   Thumb Code   154  tps22993.o(.text)
    LM36923_I2c_write                        0x08006a45   Thumb Code    86  lm36923.o(.text)
    TL36923_Read                             0x08006b0f   Thumb Code    74  lm36923.o(.text)
    LM36923_Set_Mode                         0x08006b59   Thumb Code    28  lm36923.o(.text)
    LM36923_Reset                            0x08006b75   Thumb Code    38  lm36923.o(.text)
    Setbit1                                  0x08006b9b   Thumb Code    14  lm36923.o(.text)
    Clearbit1                                0x08006ba9   Thumb Code    16  lm36923.o(.text)
    LM36923_On                               0x08006bb9   Thumb Code    34  lm36923.o(.text)
    LM36923_Off                              0x08006bdb   Thumb Code    46  lm36923.o(.text)
    LM36923_AllOn                            0x08006c09   Thumb Code    12  lm36923.o(.text)
    LM36923_AllOff                           0x08006c15   Thumb Code    12  lm36923.o(.text)
    LM36923_Set_Current                      0x08006c21   Thumb Code    26  lm36923.o(.text)
    LM36923_Init                             0x08006c3b   Thumb Code   210  lm36923.o(.text)
    tps65132_i2c_write                       0x08006d85   Thumb Code   120  tps65132.o(.text)
    tps65132_i2c_read                        0x08006dfd   Thumb Code   180  tps65132.o(.text)
    tps65132_set_voltage                     0x08006eb1   Thumb Code   130  tps65132.o(.text)
    tps65132_set_mode                        0x08006f33   Thumb Code    60  tps65132.o(.text)
    Tps65132_Init                            0x08006f6f   Thumb Code    36  tps65132.o(.text)
    ad715_i2c_write                          0x0800709d   Thumb Code    60  ad715.o(.text)
    Tps65651_test                            0x080070d9   Thumb Code    22  ad715.o(.text)
    ad715_Init                               0x080070ef   Thumb Code    10  ad715.o(.text)
    INA226_selectDevice                      0x08007101   Thumb Code    34  ina226.o(.text)
    INA226_writeRegister16                   0x08007123   Thumb Code   142  ina226.o(.text)
    INA226_readRegister16                    0x080071b1   Thumb Code   186  ina226.o(.text)
    INA226_configure                         0x0800726b   Thumb Code    64  ina226.o(.text)
    INA226_calibrate                         0x080072ab   Thumb Code   114  ina226.o(.text)
    INA226_getMaxPossibleCurrent             0x0800731d   Thumb Code    16  ina226.o(.text)
    INA226_getMaxCurrent                     0x0800732d   Thumb Code    52  ina226.o(.text)
    INA226_getMaxShuntVoltage                0x08007361   Thumb Code    42  ina226.o(.text)
    INA226_getMaxPower                       0x0800738b   Thumb Code    20  ina226.o(.text)
    INA226_readBusPower                      0x0800739f   Thumb Code    60  ina226.o(.text)
    INA226_readShuntCurrent                  0x080073db   Thumb Code    60  ina226.o(.text)
    INA226_readShuntVoltage                  0x08007417   Thumb Code    60  ina226.o(.text)
    INA226_readBusVoltage                    0x08007453   Thumb Code    60  ina226.o(.text)
    INA226_getAverages                       0x0800748f   Thumb Code    36  ina226.o(.text)
    INA226_getBusConversionTime              0x080074b3   Thumb Code    36  ina226.o(.text)
    INA226_getShuntConversionTime            0x080074d7   Thumb Code   562  ina226.o(.text)
    INA226_getMode                           0x08007709   Thumb Code    28  ina226.o(.text)
    INA226_setMaskEnable                     0x08007725   Thumb Code    14  ina226.o(.text)
    INA226_getMaskEnable                     0x08007733   Thumb Code    18  ina226.o(.text)
    INA226_enableShuntOverLimitAlert         0x08007745   Thumb Code    14  ina226.o(.text)
    INA226_enableShuntUnderLimitAlert        0x08007753   Thumb Code    14  ina226.o(.text)
    INA226_enableBusOvertLimitAlert          0x08007761   Thumb Code    14  ina226.o(.text)
    INA226_enableBusUnderLimitAlert          0x0800776f   Thumb Code    14  ina226.o(.text)
    INA226_enableOverPowerLimitAlert         0x0800777d   Thumb Code    14  ina226.o(.text)
    INA226_enableConversionReadyAlert        0x0800778b   Thumb Code    14  ina226.o(.text)
    INA226_setBusVoltageLimit                0x08007799   Thumb Code    44  ina226.o(.text)
    INA226_setShuntVoltageLimit              0x080077c5   Thumb Code    30  ina226.o(.text)
    INA226_setPowerLimit                     0x080077e3   Thumb Code    46  ina226.o(.text)
    INA226_setAlertInvertedPolarity          0x08007811   Thumb Code    30  ina226.o(.text)
    INA226_setAlertLatch                     0x0800782f   Thumb Code    30  ina226.o(.text)
    INA226_isMathOverflow                    0x0800784d   Thumb Code    12  ina226.o(.text)
    INA226_isAlert                           0x08007859   Thumb Code    12  ina226.o(.text)
    INA226_Volt                              0x08007875   Thumb Code    88  voltcurrentproc.o(.text)
    Current_Volt                             0x080078cd   Thumb Code   124  voltcurrentproc.o(.text)
    LED_Init                                 0x08007975   Thumb Code    46  parm.o(.text)
    Get_Volt_Val                             0x080079a3   Thumb Code    10  parm.o(.text)
    USARTxPinConfiguration                   0x080079b5   Thumb Code    96  uart.o(.text)
    USARTx_DMA_Rx_init                       0x08007a15   Thumb Code   138  uart.o(.text)
    USARTx_DMA_Tx_init                       0x08007a9f   Thumb Code   124  uart.o(.text)
    USARTx_Rx_Init_FIFO                      0x08007b1b   Thumb Code   116  uart.o(.text)
    USARTx_Rx_Get_FIFO_Status                0x08007b8f   Thumb Code    74  uart.o(.text)
    USARTx_Rx_GetFIFO_Status                 0x08007bd9   Thumb Code    78  uart.o(.text)
    USARTx_Rx_Read_FIFO                      0x08007c27   Thumb Code   128  uart.o(.text)
    USARTx_Rx_Read_NOTFIFO                   0x08007ca7   Thumb Code   138  uart.o(.text)
    USARTx_Configuration                     0x08007d31   Thumb Code   326  uart.o(.text)
    Get_Usartx_Config_Sts                    0x08007e77   Thumb Code    16  uart.o(.text)
    Read_Uart                                0x08007e87   Thumb Code   102  uart.o(.text)
    USART2_IRQHandler                        0x08007eed   Thumb Code   110  uart.o(.text)
    WriteUart                                0x08007f5b   Thumb Code   166  uart.o(.text)
    fifo_datanum                             0x08008001   Thumb Code    20  uart.o(.text)
    ReadUart                                 0x08008015   Thumb Code   102  uart.o(.text)
    USARTxSendUpdata                         0x0800807b   Thumb Code   190  uart.o(.text)
    InitUart                                 0x08008139   Thumb Code    50  uart.o(.text)
    USARTx_Timer_Proc                        0x0800816b   Thumb Code    58  uart.o(.text)
    USARTx_Test                              0x080081a5   Thumb Code    38  uart.o(.text)
    InitUartRxCycQue                         0x08008211   Thumb Code    26  uartque.o(.text)
    ClearUartRxCycQue                        0x0800822b   Thumb Code    30  uartque.o(.text)
    WriteUartRxCycQue                        0x08008249   Thumb Code    98  uartque.o(.text)
    ReadUartRxCycQue                         0x080082ab   Thumb Code    90  uartque.o(.text)
    CountUartRxCycQue                        0x08008305   Thumb Code    20  uartque.o(.text)
    InitUartTxCycQue                         0x08008319   Thumb Code    26  uartque.o(.text)
    ClearUartTxCycQue                        0x08008333   Thumb Code    30  uartque.o(.text)
    WriteUartTxCycQue                        0x08008351   Thumb Code    98  uartque.o(.text)
    ReadUartTxCycQue                         0x080083b3   Thumb Code    90  uartque.o(.text)
    CountUartTxCycQue                        0x0800840d   Thumb Code    20  uartque.o(.text)
    Int2Str                                  0x08008439   Thumb Code    84  common.o(.text)
    Str2Int                                  0x0800848d   Thumb Code   260  common.o(.text)
    SerialPutChar                            0x08008591   Thumb Code    28  common.o(.text)
    Serial_PutString                         0x080085ad   Thumb Code    22  common.o(.text)
    SerialKeyPressed                         0x080085c3   Thumb Code    42  common.o(.text)
    GetKey                                   0x080085ed   Thumb Code    28  common.o(.text)
    GetInputString                           0x08008609   Thumb Code    90  common.o(.text)
    GetIntegerInput                          0x08008663   Thumb Code    80  common.o(.text)
    FLASH_PagesMask                          0x080086b3   Thumb Code    24  common.o(.text)
    FLASH_DisableWriteProtectionPages        0x080086cb   Thumb Code   196  common.o(.text)
    Main_Menu                                0x0800878f   Thumb Code   538  common.o(.text)
    IAP_Ram_Code                             0x080089a9   Thumb Code    36  common.o(.text)
    SerialDownload                           0x08008c15   Thumb Code   120  download.o(.text)
    SerialUpload                             0x08008da5   Thumb Code    56  upload.o(.text)
    Ymodem_Receive                           0x08008f89   Thumb Code   440  ymodem.o(.text)
    Ymodem_CheckResponse                     0x08009141   Thumb Code     6  ymodem.o(.text)
    Ymodem_PrepareIntialPacket               0x08009147   Thumb Code   114  ymodem.o(.text)
    Ymodem_PreparePacket                     0x080091b9   Thumb Code   140  ymodem.o(.text)
    UpdateCRC16                              0x08009245   Thumb Code    48  ymodem.o(.text)
    Cal_CRC16                                0x08009275   Thumb Code    52  ymodem.o(.text)
    CalChecksum                              0x080092a9   Thumb Code    24  ymodem.o(.text)
    Ymodem_SendPacket                        0x080092c1   Thumb Code    26  ymodem.o(.text)
    Ymodem_Transmit                          0x080092db   Thumb Code   624  ymodem.o(.text)
    arm_cmplx_mag_q31                        0x08009555   Thumb Code   186  arm_cmplx_mag_q31.o(.text)
    arm_cfft_radix2_init_q31                 0x08009611   Thumb Code   172  arm_cfft_radix2_init_q31.o(.text)
    arm_radix2_butterfly_q31                 0x080096e5   Thumb Code   672  arm_cfft_radix2_q31.o(.text)
    arm_radix2_butterfly_inverse_q31         0x08009985   Thumb Code   542  arm_cfft_radix2_q31.o(.text)
    arm_cfft_radix2_q31                      0x08009ba3   Thumb Code    46  arm_cfft_radix2_q31.o(.text)
    arm_sqrt_q31                             0x08009bd1   Thumb Code   218  arm_sqrt_q31.o(.text)
    arm_bitreversal_f32                      0x08009cb1   Thumb Code   174  arm_bitreversal.o(.text)
    arm_bitreversal_q31                      0x08009d5f   Thumb Code   178  arm_bitreversal.o(.text)
    arm_bitreversal_q15                      0x08009e11   Thumb Code   114  arm_bitreversal.o(.text)
    __aeabi_memcpy                           0x08009e83   Thumb Code    36  memcpya.o(.text)
    __aeabi_memcpy4                          0x08009e83   Thumb Code     0  memcpya.o(.text)
    __aeabi_memcpy8                          0x08009e83   Thumb Code     0  memcpya.o(.text)
    __aeabi_memset                           0x08009ea7   Thumb Code    14  memseta.o(.text)
    __aeabi_memset4                          0x08009ea7   Thumb Code     0  memseta.o(.text)
    __aeabi_memset8                          0x08009ea7   Thumb Code     0  memseta.o(.text)
    __aeabi_memclr                           0x08009eb5   Thumb Code     4  memseta.o(.text)
    __aeabi_memclr4                          0x08009eb5   Thumb Code     0  memseta.o(.text)
    __aeabi_memclr8                          0x08009eb5   Thumb Code     0  memseta.o(.text)
    _memset$wrapper                          0x08009eb9   Thumb Code    18  memseta.o(.text)
    __aeabi_fadd                             0x08009ecb   Thumb Code   164  fadd.o(.text)
    __aeabi_fsub                             0x08009f6f   Thumb Code     6  fadd.o(.text)
    __aeabi_frsub                            0x08009f75   Thumb Code     6  fadd.o(.text)
    __aeabi_fmul                             0x08009f7b   Thumb Code   108  fmul.o(.text)
    __aeabi_fdiv                             0x08009fe7   Thumb Code   128  fdiv.o(.text)
    __ARM_scalbnf                            0x0800a067   Thumb Code    24  fscalb.o(.text)
    scalbnf                                  0x0800a067   Thumb Code     0  fscalb.o(.text)
    __aeabi_dadd                             0x0800a07f   Thumb Code   322  dadd.o(.text)
    __aeabi_dsub                             0x0800a1c1   Thumb Code     6  dadd.o(.text)
    __aeabi_drsub                            0x0800a1c7   Thumb Code     6  dadd.o(.text)
    __aeabi_dmul                             0x0800a1cd   Thumb Code   228  dmul.o(.text)
    __aeabi_ddiv                             0x0800a2b1   Thumb Code   222  ddiv.o(.text)
    __aeabi_i2f                              0x0800a38f   Thumb Code    18  fflti.o(.text)
    __aeabi_ui2f                             0x0800a3a1   Thumb Code    10  ffltui.o(.text)
    __aeabi_f2iz                             0x0800a3ab   Thumb Code    50  ffixi.o(.text)
    __aeabi_f2uiz                            0x0800a3dd   Thumb Code    40  ffixui.o(.text)
    __aeabi_d2uiz                            0x0800a405   Thumb Code    50  dfixui.o(.text)
    __aeabi_f2d                              0x0800a437   Thumb Code    38  f2d.o(.text)
    __aeabi_d2f                              0x0800a45d   Thumb Code    56  d2f.o(.text)
    __aeabi_cfcmpeq                          0x0800a495   Thumb Code     0  cfcmple.o(.text)
    __aeabi_cfcmple                          0x0800a495   Thumb Code    20  cfcmple.o(.text)
    __aeabi_cfrcmple                         0x0800a4a9   Thumb Code    20  cfrcmple.o(.text)
    __aeabi_uidiv                            0x0800a4bd   Thumb Code     0  uidiv.o(.text)
    __aeabi_uidivmod                         0x0800a4bd   Thumb Code    44  uidiv.o(.text)
    __aeabi_uldivmod                         0x0800a4e9   Thumb Code    98  uldiv.o(.text)
    __aeabi_llsl                             0x0800a54b   Thumb Code    30  llshl.o(.text)
    _ll_shift_l                              0x0800a54b   Thumb Code     0  llshl.o(.text)
    __aeabi_llsr                             0x0800a569   Thumb Code    32  llushr.o(.text)
    _ll_ushift_r                             0x0800a569   Thumb Code     0  llushr.o(.text)
    __aeabi_lasr                             0x0800a589   Thumb Code    36  llsshr.o(.text)
    _ll_sshift_r                             0x0800a589   Thumb Code     0  llsshr.o(.text)
    __I$use$fp                               0x0800a5ad   Thumb Code     0  iusefp.o(.text)
    _float_round                             0x0800a5ad   Thumb Code    18  fepilogue.o(.text)
    _float_epilogue                          0x0800a5bf   Thumb Code    90  fepilogue.o(.text)
    _double_round                            0x0800a619   Thumb Code    26  depilogue.o(.text)
    _double_epilogue                         0x0800a633   Thumb Code   164  depilogue.o(.text)
    __ARM_scalbn                             0x0800a6d7   Thumb Code    46  dscalb.o(.text)
    scalbn                                   0x0800a6d7   Thumb Code     0  dscalb.o(.text)
    _dsqrt                                   0x0800a705   Thumb Code   162  dsqrt.o(.text)
    __aeabi_i2d                              0x0800a7a7   Thumb Code    34  dflti.o(.text)
    __aeabi_d2ulz                            0x0800a7c9   Thumb Code    48  dfixul.o(.text)
    __aeabi_cdcmpeq                          0x0800a7f9   Thumb Code     0  cdcmple.o(.text)
    __aeabi_cdcmple                          0x0800a7f9   Thumb Code    38  cdcmple.o(.text)
    __aeabi_cdrcmple                         0x0800a821   Thumb Code    38  cdrcmple.o(.text)
    __scatterload                            0x0800a849   Thumb Code    28  init.o(.text)
    __scatterload_rt2                        0x0800a849   Thumb Code     0  init.o(.text)
    __decompress                             0x0800a86d   Thumb Code     0  __dczerorl2.o(.text)
    __decompress1                            0x0800a86d   Thumb Code    92  __dczerorl2.o(.text)
    __0printf                                0x0800a8c9   Thumb Code    22  printfa.o(i.__0printf)
    __1printf                                0x0800a8c9   Thumb Code     0  printfa.o(i.__0printf)
    __2printf                                0x0800a8c9   Thumb Code     0  printfa.o(i.__0printf)
    __c89printf                              0x0800a8c9   Thumb Code     0  printfa.o(i.__0printf)
    printf                                   0x0800a8c9   Thumb Code     0  printfa.o(i.__0printf)
    __ARM_fpclassify                         0x0800a8e9   Thumb Code    40  fpclassify.o(i.__ARM_fpclassify)
    __kernel_poly                            0x0800a911   Thumb Code   170  poly.o(i.__kernel_poly)
    __mathlib_dbl_underflow                  0x0800a9bd   Thumb Code    10  dunder.o(i.__mathlib_dbl_underflow)
    __scatterload_copy                       0x0800a9cd   Thumb Code    14  handlers.o(i.__scatterload_copy)
    __scatterload_null                       0x0800a9db   Thumb Code     2  handlers.o(i.__scatterload_null)
    __scatterload_zeroinit                   0x0800a9dd   Thumb Code    14  handlers.o(i.__scatterload_zeroinit)
    __set_errno                              0x0800a9ed   Thumb Code     6  errno.o(i.__set_errno)
    log                                      0x0800b29d   Thumb Code   822  log.o(i.log)
    log10                                    0x0800b60d   Thumb Code   212  log10.o(i.log10)
    malloc                                   0x0800b701   Thumb Code    92  malloc.o(i.malloc)
    pow                                      0x0800b76d   Thumb Code  2510  pow.o(i.pow)
    sqrt                                     0x0800c14d   Thumb Code    78  sqrt.o(i.sqrt)
    memtblsize                               0x0800c19c   Data           4  malloc.o(.constdata)
    memblksize                               0x0800c1a0   Data           4  malloc.o(.constdata)
    memsize                                  0x0800c1a4   Data           4  malloc.o(.constdata)
    lcm_para                                 0x0800c470   Data         320  parm.o(.constdata)
    armBitRevTable                           0x0800c6c8   Data        2048  arm_common_tables.o(.constdata)
    twiddleCoefQ31                           0x0800cec8   Data       24576  arm_common_tables.o(.constdata)
    __mathlib_zero                           0x08012f88   Data           8  qnan.o(.constdata)
    Region$$Table$$Base                      0x08013018   Number         0  anon$$obj.o(Region$$Table)
    Region$$Table$$Limit                     0x08013038   Number         0  anon$$obj.o(Region$$Table)
    iapmain                                  0x20000000   Data           4  main.o(.data)
    IAP_W25QXX_Init                          0x20000004   Data           4  main.o(.data)
    Interface_addr                           0x20000008   Data           4  main.o(.data)
    p                                        0x20000010   Data           4  main.o(.data)
    SystemCoreClock                          0x20000014   Data           4  system_stm32f10x.o(.data)
    AHBPrescTable                            0x20000018   Data          16  system_stm32f10x.o(.data)
    itime                                    0x20000028   Data           4  timer.o(.data)
    ADCBuffer                                0x2000002c   Data           2  adc.o(.data)
    USART_RX_STA                             0x20000030   Data           2  usart.o(.data)
    __stdout                                 0x20000034   Data           4  usart.o(.data)
    sys_cmd_tab                              0x2000004c   Data          28  usmart.o(.data)
    usmart_nametab                           0x20000068   Data          32  usmart_config.o(.data)
    usmart_dev                               0x20000088   Data         244  usmart_config.o(.data)
    mallco_dev                               0x2000017c   Data          20  malloc.o(.data)
    fft_ibuf                                 0x20000190   Data           4  fricker.o(.data)
    fft_obuf                                 0x20000194   Data           4  fricker.o(.data)
    sampling_count                           0x20000198   Data           4  fricker.o(.data)
    G_i2c11__nop_count                       0x2000019c   Data           1  i2c1_bitbang.o(.data)
    LM36923_Val                              0x200001a3   Data           1  lm36923.o(.data)
    INA226_I2C_7BIT_ADDRESS                  0x200001a8   Data           1  ina226.o(.data)
    inaAddress                               0x200001a9   Data           1  ina226.o(.data)
    currentLSB                               0x200001b0   Data           8  ina226.o(.data)
    powerLSB                                 0x200001b8   Data           8  ina226.o(.data)
    vShuntMax                                0x200001c0   Data           4  ina226.o(.data)
    vBusMax                                  0x200001c4   Data           4  ina226.o(.data)
    rShunt                                   0x200001c8   Data           4  ina226.o(.data)
    ReadPoint                                0x200001cc   Data           4  uart.o(.data)
    Jump_To_Application                      0x200001e0   Data           4  common.o(.data)
    BlockNbr                                 0x200001e4   Data           4  common.o(.data)
    UserMemoryMask                           0x200001e8   Data           4  common.o(.data)
    FlashProtection                          0x200001ec   Data           4  common.o(.data)
    JumpAddress                              0x200001f0   Data           4  common.o(.data)
    FlashDestination                         0x200001f4   Data           4  ymodem.o(.data)
    PageSize                                 0x200001f8   Data           2  ymodem.o(.data)
    EraseCounter                             0x200001fc   Data           4  ymodem.o(.data)
    NbrOfPage                                0x20000200   Data           4  ymodem.o(.data)
    FLASHStatus                              0x20000204   Data           1  ymodem.o(.data)
    RamSource                                0x20000208   Data           4  ymodem.o(.data)
    interface                                0x2000020c   Data          84  appinterface.o(.data)
    __microlib_freelist                      0x20000260   Data           4  mvars.o(.data)
    __microlib_freelist_initialised          0x20000264   Data           4  mvars.o(.data)
    bufer                                    0x2000026c   Data         512  main.o(.bss)
    USART_RX_BUF                             0x2000046c   Data         256  usart.o(.bss)
    mem1base                                 0x2000056c   Data       24576  malloc.o(.bss)
    mem1mapbase                              0x2000656c   Data        1536  malloc.o(.bss)
    tab_1024                                 0x200076a4   Data        1024  download.o(.bss)
    file_name                                0x20007aa4   Data         256  ymodem.o(.bss)
    __heap_base                              0x20007ba8   Data           0  startup_stm32f10x_hd.o(HEAP)
    __heap_limit                             0x20007fa8   Data           0  startup_stm32f10x_hd.o(HEAP)
    __initial_sp                             0x200087a8   Data           0  startup_stm32f10x_hd.o(STACK)
    IAP_Code_Addr                            0x2000c000   Data       12288  common.o(.ARM.__AT_0x2000C000)
    IIRAM                                    0x2000f000   Data        3584  common.o(.ARM.__AT_0x2000F000)
    IRAM                                     0x2000fe00   Data         512  common.o(.ARM.__AT_0x2000FE00)



==============================================================================

Memory Map of the image

  Image Entry point : 0x08000131

  Load Region LR_IROM1 (Base: 0x08000000, Size: 0x000132a4, Max: 0x00080000, ABSOLUTE, COMPRESSED[0x00013108])

    Execution Region ER_IROM1 (Base: 0x08000000, Size: 0x00013038, Max: 0x00080000, ABSOLUTE)

    Base Addr    Size         Type   Attr      Idx    E Section Name        Object

    0x08000000   0x00000130   Data   RO          352    RESET               startup_stm32f10x_hd.o
    0x08000130   0x00000000   Code   RO         1172  * .ARM.Collect$$$$00000000  mc_w.l(entry.o)
    0x08000130   0x00000004   Code   RO         1519    .ARM.Collect$$$$00000001  mc_w.l(entry2.o)
    0x08000134   0x00000004   Code   RO         1522    .ARM.Collect$$$$00000004  mc_w.l(entry5.o)
    0x08000138   0x00000000   Code   RO         1524    .ARM.Collect$$$$00000008  mc_w.l(entry7b.o)
    0x08000138   0x00000000   Code   RO         1526    .ARM.Collect$$$$0000000A  mc_w.l(entry8b.o)
    0x08000138   0x00000008   Code   RO         1527    .ARM.Collect$$$$0000000B  mc_w.l(entry9a.o)
    0x08000140   0x00000000   Code   RO         1529    .ARM.Collect$$$$0000000D  mc_w.l(entry10a.o)
    0x08000140   0x00000000   Code   RO         1531    .ARM.Collect$$$$0000000F  mc_w.l(entry11a.o)
    0x08000140   0x00000004   Code   RO         1520    .ARM.Collect$$$$00002712  mc_w.l(entry2.o)
    0x08000144   0x000003e8   Code   RO            1    .text               main.o
    0x0800052c   0x00000018   Code   RO          194    .text               stm32f10x_it.o
    0x08000544   0x000001dc   Code   RO          226    .text               system_stm32f10x.o
    0x08000720   0x000000e8   Code   RO          244    .text               timer.o
    0x08000808   0x0000048c   Code   RO          269    .text               adc.o
    0x08000c94   0x000000f4   Code   RO          290    .text               delay.o
    0x08000d88   0x0000000c   Code   RO          304    .text               sys.o
    0x08000d94   0x00000164   Code   RO          316    .text               usart.o
    0x08000ef8   0x00000024   Code   RO          353    .text               startup_stm32f10x_hd.o
    0x08000f1c   0x00000358   Code   RO          357    .text               stm32f10x_gpio.o
    0x08001274   0x000003a4   Code   RO          369    .text               stm32f10x_rcc.o
    0x08001618   0x00000408   Code   RO          383    .text               stm32f10x_usart.o
    0x08001a20   0x000000dc   Code   RO          395    .text               misc.o
    0x08001afc   0x00000e1a   Code   RO          407    .text               stm32f10x_tim.o
    0x08002916   0x00000002   PAD
    0x08002918   0x0000044e   Code   RO          419    .text               stm32f10x_adc.o
    0x08002d66   0x00000002   PAD
    0x08002d68   0x00000250   Code   RO          476    .text               stm32f10x_dma.o
    0x08002fb8   0x000005bc   Code   RO          488    .text               stm32f10x_flash.o
    0x08003574   0x00000b58   Code   RO          500    .text               usmart.o
    0x080040cc   0x00000528   Code   RO          529    .text               usmart_str.o
    0x080045f4   0x00000230   Code   RO          541    .text               malloc.o
    0x08004824   0x0000035c   Code   RO          606    .text               fricker.o
    0x08004b80   0x000005b4   Code   RO          629    .text               myiic.o
    0x08005134   0x000002fc   Code   RO          644    .text               i2c1_bitbang.o
    0x08005430   0x000003ac   Code   RO          659    .text               lt35825.o
    0x080057dc   0x00000c46   Code   RO          685    .text               act8846.o
    0x08006422   0x00000002   PAD
    0x08006424   0x00000308   Code   RO          700    .text               gpio_config.o
    0x0800672c   0x00000318   Code   RO          712    .text               tps22993.o
    0x08006a44   0x00000340   Code   RO          726    .text               lm36923.o
    0x08006d84   0x00000318   Code   RO          741    .text               tps65132.o
    0x0800709c   0x00000064   Code   RO          768    .text               ad715.o
    0x08007100   0x00000774   Code   RO          780    .text               ina226.o
    0x08007874   0x00000100   Code   RO          795    .text               voltcurrentproc.o
    0x08007974   0x00000040   Code   RO          817    .text               parm.o
    0x080079b4   0x0000085c   Code   RO          836    .text               uart.o
    0x08008210   0x00000228   Code   RO          866    .text               uartque.o
    0x08008438   0x000007dc   Code   RO          881    .text               common.o
    0x08008c14   0x00000190   Code   RO          908    .text               download.o
    0x08008da4   0x000000f8   Code   RO          925    .text               upload.o
    0x08008e9c   0x000006b8   Code   RO          937    .text               ymodem.o
    0x08009554   0x000000ba   Code   RO          968    .text               arm_cortexM3l_math.lib(arm_cmplx_mag_q31.o)
    0x0800960e   0x00000002   PAD
    0x08009610   0x000000d4   Code   RO         1010    .text               arm_cortexM3l_math.lib(arm_cfft_radix2_init_q31.o)
    0x080096e4   0x000004ec   Code   RO         1034    .text               arm_cortexM3l_math.lib(arm_cfft_radix2_q31.o)
    0x08009bd0   0x000000e0   Code   RO         1054    .text               arm_cortexM3l_math.lib(arm_sqrt_q31.o)
    0x08009cb0   0x000001d2   Code   RO         1074    .text               arm_cortexM3l_math.lib(arm_bitreversal.o)
    0x08009e82   0x00000024   Code   RO         1175    .text               mc_w.l(memcpya.o)
    0x08009ea6   0x00000024   Code   RO         1177    .text               mc_w.l(memseta.o)
    0x08009eca   0x000000b0   Code   RO         1470    .text               mf_w.l(fadd.o)
    0x08009f7a   0x0000006c   Code   RO         1472    .text               mf_w.l(fmul.o)
    0x08009fe6   0x00000080   Code   RO         1474    .text               mf_w.l(fdiv.o)
    0x0800a066   0x00000018   Code   RO         1476    .text               mf_w.l(fscalb.o)
    0x0800a07e   0x0000014e   Code   RO         1478    .text               mf_w.l(dadd.o)
    0x0800a1cc   0x000000e4   Code   RO         1480    .text               mf_w.l(dmul.o)
    0x0800a2b0   0x000000de   Code   RO         1482    .text               mf_w.l(ddiv.o)
    0x0800a38e   0x00000012   Code   RO         1484    .text               mf_w.l(fflti.o)
    0x0800a3a0   0x0000000a   Code   RO         1486    .text               mf_w.l(ffltui.o)
    0x0800a3aa   0x00000032   Code   RO         1488    .text               mf_w.l(ffixi.o)
    0x0800a3dc   0x00000028   Code   RO         1490    .text               mf_w.l(ffixui.o)
    0x0800a404   0x00000032   Code   RO         1492    .text               mf_w.l(dfixui.o)
    0x0800a436   0x00000026   Code   RO         1494    .text               mf_w.l(f2d.o)
    0x0800a45c   0x00000038   Code   RO         1496    .text               mf_w.l(d2f.o)
    0x0800a494   0x00000014   Code   RO         1498    .text               mf_w.l(cfcmple.o)
    0x0800a4a8   0x00000014   Code   RO         1500    .text               mf_w.l(cfrcmple.o)
    0x0800a4bc   0x0000002c   Code   RO         1533    .text               mc_w.l(uidiv.o)
    0x0800a4e8   0x00000062   Code   RO         1535    .text               mc_w.l(uldiv.o)
    0x0800a54a   0x0000001e   Code   RO         1537    .text               mc_w.l(llshl.o)
    0x0800a568   0x00000020   Code   RO         1539    .text               mc_w.l(llushr.o)
    0x0800a588   0x00000024   Code   RO         1541    .text               mc_w.l(llsshr.o)
    0x0800a5ac   0x00000000   Code   RO         1552    .text               mc_w.l(iusefp.o)
    0x0800a5ac   0x0000006c   Code   RO         1553    .text               mf_w.l(fepilogue.o)
    0x0800a618   0x000000be   Code   RO         1555    .text               mf_w.l(depilogue.o)
    0x0800a6d6   0x0000002e   Code   RO         1557    .text               mf_w.l(dscalb.o)
    0x0800a704   0x000000a2   Code   RO         1559    .text               mf_w.l(dsqrt.o)
    0x0800a7a6   0x00000022   Code   RO         1561    .text               mf_w.l(dflti.o)
    0x0800a7c8   0x00000030   Code   RO         1563    .text               mf_w.l(dfixul.o)
    0x0800a7f8   0x00000028   Code   RO         1565    .text               mf_w.l(cdcmple.o)
    0x0800a820   0x00000028   Code   RO         1567    .text               mf_w.l(cdrcmple.o)
    0x0800a848   0x00000024   Code   RO         1569    .text               mc_w.l(init.o)
    0x0800a86c   0x0000005c   Code   RO         1579    .text               mc_w.l(__dczerorl2.o)
    0x0800a8c8   0x00000020   Code   RO         1414    i.__0printf         mc_w.l(printfa.o)
    0x0800a8e8   0x00000028   Code   RO         1504    i.__ARM_fpclassify  m_ws.l(fpclassify.o)
    0x0800a910   0x000000aa   Code   RO         1516    i.__kernel_poly     m_ws.l(poly.o)
    0x0800a9ba   0x00000002   PAD
    0x0800a9bc   0x00000010   Code   RO         1502    i.__mathlib_dbl_underflow  m_ws.l(dunder.o)
    0x0800a9cc   0x0000000e   Code   RO         1573    i.__scatterload_copy  mc_w.l(handlers.o)
    0x0800a9da   0x00000002   Code   RO         1574    i.__scatterload_null  mc_w.l(handlers.o)
    0x0800a9dc   0x0000000e   Code   RO         1575    i.__scatterload_zeroinit  mc_w.l(handlers.o)
    0x0800a9ea   0x00000002   PAD
    0x0800a9ec   0x0000000c   Code   RO         1547    i.__set_errno       mc_w.l(errno.o)
    0x0800a9f8   0x0000015c   Code   RO         1421    i._fp_digits        mc_w.l(printfa.o)
    0x0800ab54   0x000006f0   Code   RO         1422    i._printf_core      mc_w.l(printfa.o)
    0x0800b244   0x00000026   Code   RO         1423    i._printf_post_padding  mc_w.l(printfa.o)
    0x0800b26a   0x00000030   Code   RO         1424    i._printf_pre_padding  mc_w.l(printfa.o)
    0x0800b29a   0x00000002   PAD
    0x0800b29c   0x00000370   Code   RO         1507    i.log               m_ws.l(log.o)
    0x0800b60c   0x000000f4   Code   RO         1147    i.log10             m_ws.l(log10.o)
    0x0800b700   0x0000006c   Code   RO         1443    i.malloc            mc_w.l(malloc.o)
    0x0800b76c   0x000009e0   Code   RO         1155    i.pow               m_ws.l(pow.o)
    0x0800c14c   0x0000004e   Code   RO         1165    i.sqrt              m_ws.l(sqrt.o)
    0x0800c19a   0x00000002   PAD
    0x0800c19c   0x0000000c   Data   RO          543    .constdata          malloc.o
    0x0800c1a8   0x0000004b   Data   RO          607    .constdata          fricker.o
    0x0800c1f3   0x00000001   PAD
    0x0800c1f4   0x0000027c   Data   RO          686    .constdata          act8846.o
    0x0800c470   0x00000140   Data   RO          818    .constdata          parm.o
    0x0800c5b0   0x00000078   Data   RO          838    .constdata          uart.o
    0x0800c628   0x0000004a   Data   RO          885    .constdata          common.o
    0x0800c672   0x00000002   PAD
    0x0800c674   0x00000053   Data   RO          910    .constdata          download.o
    0x0800c6c7   0x00000001   PAD
    0x0800c6c8   0x00000800   Data   RO         1094    .constdata          arm_cortexM3l_math.lib(arm_common_tables.o)
    0x0800cec8   0x00006000   Data   RO         1104    .constdata          arm_cortexM3l_math.lib(arm_common_tables.o)
    0x08012ec8   0x00000088   Data   RO         1156    .constdata          m_ws.l(pow.o)
    0x08012f50   0x00000038   Data   RO         1508    .constdata          m_ws.l(log.o)
    0x08012f88   0x00000008   Data   RO         1518    .constdata          m_ws.l(qnan.o)
    0x08012f90   0x0000001f   Data   RO          501    .conststring        usmart.o
    0x08012faf   0x0000005b   Data   RO          516    .conststring        usmart_config.o
    0x0801300a   0x0000000c   Data   RO          819    .conststring        parm.o
    0x08013016   0x00000002   PAD
    0x08013018   0x00000020   Data   RO         1571    Region$$Table       anon$$obj.o


    Execution Region RW_IRAM1 (Base: 0x20000000, Size: 0x00010000, Max: 0x00010000, ABSOLUTE, COMPRESSED[0x000000d0])

    Base Addr    Size         Type   Attr      Idx    E Section Name        Object

    0x20000000   0x00000014   Data   RW            3    .data               main.o
    0x20000014   0x00000014   Data   RW          227    .data               system_stm32f10x.o
    0x20000028   0x00000004   Data   RW          245    .data               timer.o
    0x2000002c   0x00000002   Data   RW          270    .data               adc.o
    0x2000002e   0x00000002   Data   RW          291    .data               delay.o
    0x20000030   0x00000008   Data   RW          318    .data               usart.o
    0x20000038   0x00000014   Data   RW          370    .data               stm32f10x_rcc.o
    0x2000004c   0x0000001c   Data   RW          502    .data               usmart.o
    0x20000068   0x00000114   Data   RW          517    .data               usmart_config.o
    0x2000017c   0x00000014   Data   RW          544    .data               malloc.o
    0x20000190   0x0000000c   Data   RW          608    .data               fricker.o
    0x2000019c   0x00000001   Data   RW          645    .data               i2c1_bitbang.o
    0x2000019d   0x00000001   Data   RW          687    .data               act8846.o
    0x2000019e   0x00000004   Data   RW          713    .data               tps22993.o
    0x200001a2   0x00000002   Data   RW          727    .data               lm36923.o
    0x200001a4   0x00000004   PAD
    0x200001a8   0x00000024   Data   RW          781    .data               ina226.o
    0x200001cc   0x0000000c   Data   RW          839    .data               uart.o
    0x200001d8   0x00000008   Data   RW          868    .data               uartque.o
    0x200001e0   0x00000014   Data   RW          886    .data               common.o
    0x200001f4   0x00000018   Data   RW          939    .data               ymodem.o
    0x2000020c   0x00000054   Data   RW          954    .data               appinterface.o
    0x20000260   0x00000004   Data   RW         1543    .data               mc_w.l(mvars.o)
    0x20000264   0x00000004   Data   RW         1544    .data               mc_w.l(mvars.o)
    0x20000268   0x00000004   Data   RW         1548    .data               mc_w.l(errno.o)
    0x2000026c   0x00000200   Zero   RW            2    .bss                main.o
    0x2000046c   0x00000100   Zero   RW          317    .bss                usart.o
    0x2000056c   0x00006600   Zero   RW          542    .bss                malloc.o
    0x20006b6c   0x00000408   Zero   RW          837    .bss                uart.o
    0x20006f74   0x00000730   Zero   RW          867    .bss                uartque.o
    0x200076a4   0x00000400   Zero   RW          909    .bss                download.o
    0x20007aa4   0x00000100   Zero   RW          938    .bss                ymodem.o
    0x20007ba4   0x00000004   PAD
    0x20007ba8   0x00000400   Zero   RW          351    HEAP                startup_stm32f10x_hd.o
    0x20007fa8   0x00000800   Zero   RW          350    STACK               startup_stm32f10x_hd.o
    0x200087a8   0x00003858   PAD
    0x2000c000   0x00003000   Zero   RW          882    .ARM.__AT_0x2000C000  common.o
    0x2000f000   0x00000e00   Zero   RW          883    .ARM.__AT_0x2000F000  common.o
    0x2000fe00   0x00000200   Zero   RW          884    .ARM.__AT_0x2000FE00  common.o


==============================================================================

Image component sizes


      Code (inc. data)   RO Data    RW Data    ZI Data      Debug   Object Name

      3142        964        636          1          0      11343   act8846.o
       100          8          0          0          0        795   ad715.o
      1164         44          0          2          0      12358   adc.o
         0          0          0         84          0       1040   appinterface.o
      2012        822         74         20      16384      26866   common.o
         0          0          0          0          0         32   core_cm3.o
       244         18          0          2          0       1441   delay.o
       400        280         83          0       1024       1008   download.o
       860         66         75         12          0       2291   fricker.o
       776         38          0          0          0       2780   gpio_config.o
       764          8          0          1          0       4488   i2c1_bitbang.o
      1908        542          0         36          0       8213   ina226.o
       832        120          0          2          0       3633   lm36923.o
       940        186          0          0          0       2174   lt35825.o
      1000        302          0         20        512     298579   main.o
       560         18         12         20      26112       4007   malloc.o
       220         20          0          0          0       1657   misc.o
      1460        184          0          0          0       5502   myiic.o
        64          8        332          0          0       6047   parm.o
        36          8        304          0       3072        728   startup_stm32f10x_hd.o
      1102         26          0          0          0      10689   stm32f10x_adc.o
       592          8          0          0          0       4186   stm32f10x_dma.o
      1468         34          0          0          0       7890   stm32f10x_flash.o
       856         40          0          0          0       5501   stm32f10x_gpio.o
        24          0          0          0          0       1018   stm32f10x_it.o
       932         44          0         20          0       8596   stm32f10x_rcc.o
      3610         88          0          0          0      21984   stm32f10x_tim.o
      1032         22          0          0          0       8228   stm32f10x_usart.o
        12          0          0          0          0        381   sys.o
       476         36          0         20          0       1523   system_stm32f10x.o
       232          8          0          4          0       1327   timer.o
       792         18          0          4          0       2467   tps22993.o
       792        266          0          0          0       2476   tps65132.o
      2140         82        120         12       1032       8972   uart.o
       552         24          0          8       1840       2966   uartque.o
       248        192          0          0          0        451   upload.o
       356         12          0          8        256       3019   usart.o
      2904       1232         31         28          0       3942   usmart.o
         0          0         91        276          0       1412   usmart_config.o
      1320         12          0          0          0       4893   usmart_str.o
       256         44          0          0          0        651   voltcurrentproc.o
      1720         18          0         24        256       6604   ymodem.o

    ----------------------------------------------------------------------
     37904       5842       1796        608      64916     504158   Object Totals
         0          0         32          0          0          0   (incl. Generated)
         6          0          6          4      14428          0   (incl. Padding)

    ----------------------------------------------------------------------

      Code (inc. data)   RO Data    RW Data    ZI Data      Debug   Library Member Name

       466          0          0          0          0       1986   arm_bitreversal.o
       212         40          0          0          0       1103   arm_cfft_radix2_init_q31.o
      1260          0          0          0          0       2536   arm_cfft_radix2_q31.o
       186          0          0          0          0      17888   arm_cmplx_mag_q31.o
         0          0      26624          0          0       2752   arm_common_tables.o
       224          6          0          0          0        799   arm_sqrt_q31.o
        16          6          0          0          0         68   dunder.o
        40          0          0          0          0         68   fpclassify.o
       880         58         56          0          0        276   log.o
       244         32          0          0          0        128   log10.o
       170          0          0          0          0         96   poly.o
      2528        190        136          0          0        316   pow.o
         0          0          8          0          0          0   qnan.o
        78          0          0          0          0         84   sqrt.o
        92          0          0          0          0          0   __dczerorl2.o
         0          0          0          0          0          0   entry.o
         0          0          0          0          0          0   entry10a.o
         0          0          0          0          0          0   entry11a.o
         8          4          0          0          0          0   entry2.o
         4          0          0          0          0          0   entry5.o
         0          0          0          0          0          0   entry7b.o
         0          0          0          0          0          0   entry8b.o
         8          4          0          0          0          0   entry9a.o
        12          6          0          4          0         68   errno.o
        30          0          0          0          0          0   handlers.o
        36          8          0          0          0         68   init.o
         0          0          0          0          0          0   iusefp.o
        30          0          0          0          0         68   llshl.o
        36          0          0          0          0         68   llsshr.o
        32          0          0          0          0         68   llushr.o
       108         16          0          0          0         84   malloc.o
        36          0          0          0          0         68   memcpya.o
        36          0          0          0          0        108   memseta.o
         0          0          0          8          0          0   mvars.o
      2242         90          0          0          0        444   printfa.o
        44          0          0          0          0         80   uidiv.o
        98          0          0          0          0         92   uldiv.o
        40          2          0          0          0         68   cdcmple.o
        40          2          0          0          0         68   cdrcmple.o
        20          0          0          0          0         68   cfcmple.o
        20          0          0          0          0         68   cfrcmple.o
        56          0          0          0          0         88   d2f.o
       334          0          0          0          0        144   dadd.o
       222          0          0          0          0        100   ddiv.o
       190          0          0          0          0        176   depilogue.o
        50          0          0          0          0         76   dfixui.o
        48          0          0          0          0         68   dfixul.o
        34          0          0          0          0         76   dflti.o
       228          0          0          0          0         92   dmul.o
        46          0          0          0          0         80   dscalb.o
       162          0          0          0          0        100   dsqrt.o
        38          0          0          0          0         68   f2d.o
       176          0          0          0          0        140   fadd.o
       128          0          0          0          0         88   fdiv.o
       108          0          0          0          0        168   fepilogue.o
        50          0          0          0          0         68   ffixi.o
        40          0          0          0          0         68   ffixui.o
        18          0          0          0          0         68   fflti.o
        10          0          0          0          0         68   ffltui.o
       108          0          0          0          0         76   fmul.o
        24          0          0          0          0         68   fscalb.o

    ----------------------------------------------------------------------
     11356        464      26824         12          0      31468   Library Totals
        10          0          0          0          0          0   (incl. Padding)

    ----------------------------------------------------------------------

      Code (inc. data)   RO Data    RW Data    ZI Data      Debug   Library Name

      2348         46      26624          0          0      27064   arm_cortexM3l_math.lib
      3956        286        200          0          0       1036   m_ws.l
      2852        128          0         12          0       1216   mc_w.l
      2190          4          0          0          0       2152   mf_w.l

    ----------------------------------------------------------------------
     11356        464      26824         12          0      31468   Library Totals

    ----------------------------------------------------------------------

==============================================================================


      Code (inc. data)   RO Data    RW Data    ZI Data      Debug   

     49260       6306      28620        620      64916     529490   Grand Totals
     49260       6306      28620        208      64916     529490   ELF Image Totals (compressed)
     49260       6306      28620        208          0          0   ROM Totals

==============================================================================

    Total RO  Size (Code + RO Data)                77880 (  76.05kB)
    Total RW  Size (RW Data + ZI Data)             65536 (  64.00kB)
    Total ROM Size (Code + RO Data + RW Data)      78088 (  76.26kB)

==============================================================================

